Component: ARM Compiler 5.06 update 6 (build 750) Tool: armlink [4d35ed]

==============================================================================

Section Cross References

    main.o(i.McpsConfirm) refers to main.o(.data) for .data
    main.o(i.McpsIndication) refers to uart.o(i.UartPutBuffer) for UartPutBuffer
    main.o(i.McpsIndication) refers to memseta.o(.text) for __aeabi_memclr4
    main.o(i.McpsIndication) refers to board.o(i.HexToString) for HexToString
    main.o(i.McpsIndication) refers to printfa.o(i.__0sprintf) for __2sprintf
    main.o(i.McpsIndication) refers to strlen.o(.text) for strlen
    main.o(i.McpsIndication) refers to main.o(i.__ARM_common_switch8) for __ARM_common_switch8
    main.o(i.McpsIndication) refers to loramac.o(i.LoRaMacMibSetRequestConfirm) for LoRaMacMibSetRequestConfirm
    main.o(i.McpsIndication) refers to loramac.o(i.LoRaMacMlmeRequest) for LoRaMacMlmeRequest
    main.o(i.McpsIndication) refers to board.o(.bss) for Uart1
    main.o(i.McpsIndication) refers to main.o(.bss) for .bss
    main.o(i.McpsIndication) refers to main.o(.data) for .data
    main.o(i.MlmeConfirm) refers to uart.o(i.UartPutBuffer) for UartPutBuffer
    main.o(i.MlmeConfirm) refers to main.o(.data) for .data
    main.o(i.MlmeConfirm) refers to board.o(.bss) for Uart1
    main.o(i.MlmeConfirm) refers to main.o(.bss) for .bss
    main.o(i.OnTxNextPacketTimerEvent) refers to timer.o(i.TimerStop) for TimerStop
    main.o(i.OnTxNextPacketTimerEvent) refers to loramac.o(i.LoRaMacMibGetRequestConfirm) for LoRaMacMibGetRequestConfirm
    main.o(i.OnTxNextPacketTimerEvent) refers to main.o(.bss) for .bss
    main.o(i.OnTxNextPacketTimerEvent) refers to main.o(.data) for .data
    main.o(i.OniWDG_FEEDevent) refers to timer.o(i.TimerStop) for TimerStop
    main.o(i.OniWDG_FEEDevent) refers to stm32f0xx_hal_iwdg.o(i.HAL_IWDG_Refresh) for HAL_IWDG_Refresh
    main.o(i.OniWDG_FEEDevent) refers to timer.o(i.TimerSetValue) for TimerSetValue
    main.o(i.OniWDG_FEEDevent) refers to timer.o(i.TimerStart) for TimerStart
    main.o(i.OniWDG_FEEDevent) refers to main.o(.bss) for .bss
    main.o(i.PrepareTxFrame) refers to memseta.o(.text) for __aeabi_memclr4
    main.o(i.PrepareTxFrame) refers to uart.o(i.UartPutBuffer) for UartPutBuffer
    main.o(i.PrepareTxFrame) refers to main.o(.bss) for .bss
    main.o(i.PrepareTxFrame) refers to main.o(.data) for .data
    main.o(i.PrepareTxFrame) refers to board.o(.bss) for Uart1
    main.o(i.SendFrame) refers to loramac.o(i.LoRaMacQueryTxPossible) for LoRaMacQueryTxPossible
    main.o(i.SendFrame) refers to loramac.o(i.LoRaMacMcpsRequest) for LoRaMacMcpsRequest
    main.o(i.SendFrame) refers to main.o(.data) for .data
    main.o(i.SendFrame) refers to main.o(.bss) for .bss
    main.o(i.main) refers to board.o(i.BoardInitMcu) for BoardInitMcu
    main.o(i.main) refers to board.o(i.BoardInitPeriph) for BoardInitPeriph
    main.o(i.main) refers to main.o(i.__ARM_common_switch8) for __ARM_common_switch8
    main.o(i.main) refers to loramac.o(i.LoRaMacInitialization) for LoRaMacInitialization
    main.o(i.main) refers to timer.o(i.TimerInit) for TimerInit
    main.o(i.main) refers to timer.o(i.TimerSetValue) for TimerSetValue
    main.o(i.main) refers to timer.o(i.TimerStart) for TimerStart
    main.o(i.main) refers to loramac.o(i.LoRaMacMibSetRequestConfirm) for LoRaMacMibSetRequestConfirm
    main.o(i.main) refers to uart.o(i.UartPutBuffer) for UartPutBuffer
    main.o(i.main) refers to loramac.o(i.LoRaMacMlmeRequest) for LoRaMacMlmeRequest
    main.o(i.main) refers to main.o(i.PrepareTxFrame) for PrepareTxFrame
    main.o(i.main) refers to main.o(i.SendFrame) for SendFrame
    main.o(i.main) refers to utilities.o(i.randr) for randr
    main.o(i.main) refers to timer.o(i.TimerLowPowerHandler) for TimerLowPowerHandler
    main.o(i.main) refers to main.o(.data) for .data
    main.o(i.main) refers to main.o(i.McpsConfirm) for McpsConfirm
    main.o(i.main) refers to main.o(i.McpsIndication) for McpsIndication
    main.o(i.main) refers to main.o(i.MlmeConfirm) for MlmeConfirm
    main.o(i.main) refers to board.o(i.BoardGetBatteryLevel) for BoardGetBatteryLevel
    main.o(i.main) refers to main.o(i.OnTxNextPacketTimerEvent) for OnTxNextPacketTimerEvent
    main.o(i.main) refers to main.o(.bss) for .bss
    main.o(i.main) refers to main.o(i.OniWDG_FEEDevent) for OniWDG_FEEDevent
    main.o(i.main) refers to board.o(.bss) for Uart1
    aes.o(i.aes_cbc_encrypt) refers to aes.o(i.xor_block) for xor_block
    aes.o(i.aes_cbc_encrypt) refers to aes.o(i.aes_encrypt) for aes_encrypt
    aes.o(i.aes_cbc_encrypt) refers to aes.o(i.copy_block) for copy_block
    aes.o(i.aes_encrypt) refers to aes.o(i.copy_and_key) for copy_and_key
    aes.o(i.aes_encrypt) refers to aes.o(i.mix_sub_columns) for mix_sub_columns
    aes.o(i.aes_encrypt) refers to aes.o(i.xor_block) for xor_block
    aes.o(i.aes_encrypt) refers to aes.o(i.shift_sub_rows) for shift_sub_rows
[...]
    i.TimerLowPowerHandler                   0x080066c4   Section        0  timer.o(i.TimerLowPowerHandler)
    i.TimerSetTimeout                        0x080066f8   Section        0  timer.o(i.TimerSetTimeout)
    TimerSetTimeout                          0x080066f9   Thumb Code    24  timer.o(i.TimerSetTimeout)
    i.TimerSetValue                          0x08006714   Section        0  timer.o(i.TimerSetValue)
    i.TimerStart                             0x08006724   Section        0  timer.o(i.TimerStart)
    i.TimerStop                              0x08006784   Section        0  timer.o(i.TimerStop)
    i.UART_DMAAbortOnError                   0x08006814   Section        0  stm32f0xx_hal_uart.o(i.UART_DMAAbortOnError)
    UART_DMAAbortOnError                     0x08006815   Thumb Code    20  stm32f0xx_hal_uart.o(i.UART_DMAAbortOnError)
    i.UART_EndRxTransfer                     0x08006828   Section        0  stm32f0xx_hal_uart.o(i.UART_EndRxTransfer)
    UART_EndRxTransfer                       0x08006829   Thumb Code    30  stm32f0xx_hal_uart.o(i.UART_EndRxTransfer)
    i.UART_EndTransmit_IT                    0x08006846   Section        0  stm32f0xx_hal_uart.o(i.UART_EndTransmit_IT)
    i.UART_Receive_IT                        0x08006860   Section        0  stm32f0xx_hal_uart.o(i.UART_Receive_IT)
    i.UART_Transmit_IT                       0x080068da   Section        0  stm32f0xx_hal_uart.o(i.UART_Transmit_IT)
    i.USART1_IRQHandler                      0x08006940   Section        0  uart-board.o(i.USART1_IRQHandler)
    i.UartMcuPutChar                         0x08006950   Section        0  uart-board.o(i.UartMcuPutChar)
    i.UartPutBuffer                          0x08006998   Section        0  uart.o(i.UartPutBuffer)
    i.UartPutChar                            0x080069d2   Section        0  uart.o(i.UartPutChar)
    i.ValidateDatarate                       0x080069e4   Section        0  loramac.o(i.ValidateDatarate)
    ValidateDatarate                         0x080069e5   Thumb Code    94  loramac.o(i.ValidateDatarate)
    i.ValidatePayloadLength                  0x08006a48   Section        0  loramac.o(i.ValidatePayloadLength)
    ValidatePayloadLength                    0x08006a49   Thumb Code    36  loramac.o(i.ValidatePayloadLength)
    i.ValueInRange                           0x08006a74   Section        0  loramac.o(i.ValueInRange)
    ValueInRange                             0x08006a75   Thumb Code    16  loramac.o(i.ValueInRange)
    i.__0sprintf                             0x08006a84   Section        0  printfa.o(i.__0sprintf)
    i.__ARM_clz                              0x08006aac   Section        0  depilogue.o(i.__ARM_clz)
    i.__ARM_common_switch8                   0x08006ada   Section        0  main.o(i.__ARM_common_switch8)
    i.__scatterload_copy                     0x08006af4   Section       14  handlers.o(i.__scatterload_copy)
    i.__scatterload_null                     0x08006b02   Section        2  handlers.o(i.__scatterload_null)
    i.__scatterload_zeroinit                 0x08006b04   Section       14  handlers.o(i.__scatterload_zeroinit)
    i._fp_digits                             0x08006b14   Section        0  printfa.o(i._fp_digits)
    _fp_digits                               0x08006b15   Thumb Code   344  printfa.o(i._fp_digits)
    i._printf_core                           0x08006c88   Section        0  printfa.o(i._printf_core)
    _printf_core                             0x08006c89   Thumb Code  1754  printfa.o(i._printf_core)
    i._printf_post_padding                   0x08007374   Section        0  printfa.o(i._printf_post_padding)
    _printf_post_padding                     0x08007375   Thumb Code    32  printfa.o(i._printf_post_padding)
    i._printf_pre_padding                    0x08007394   Section        0  printfa.o(i._printf_pre_padding)
    _printf_pre_padding                      0x08007395   Thumb Code    44  printfa.o(i._printf_pre_padding)
    i._sputc                                 0x080073c0   Section        0  printfa.o(i._sputc)
    _sputc                                   0x080073c1   Thumb Code    10  printfa.o(i._sputc)
    i.aes_encrypt                            0x080073ca   Section        0  aes.o(i.aes_encrypt)
    i.aes_set_key                            0x08007420   Section        0  aes.o(i.aes_set_key)
    i.ceil                                   0x0800751c   Section        0  ceil.o(i.ceil)
    i.copy_and_key                           0x080075e4   Section        0  aes.o(i.copy_and_key)
    copy_and_key                             0x080075e5   Thumb Code   132  aes.o(i.copy_and_key)
    i.copy_block                             0x08007668   Section        0  aes.o(i.copy_block)
    copy_block                               0x08007669   Thumb Code    66  aes.o(i.copy_block)
    i.floor                                  0x080076ac   Section        0  floor.o(i.floor)
    i.main                                   0x08007774   Section        0  main.o(i.main)
    i.memcpy1                                0x080078f8   Section        0  utilities.o(i.memcpy1)
    i.memcpyr                                0x0800790e   Section        0  utilities.o(i.memcpyr)
    i.memset1                                0x08007928   Section        0  utilities.o(i.memset1)
    i.mix_sub_columns                        0x0800793c   Section        0  aes.o(i.mix_sub_columns)
    mix_sub_columns                          0x0800793d   Thumb Code   532  aes.o(i.mix_sub_columns)
    i.rand1                                  0x08007b54   Section        0  utilities.o(i.rand1)
    i.randr                                  0x08007b80   Section        0  utilities.o(i.randr)
    i.round                                  0x08007b98   Section        0  round.o(i.round)
    i.shift_sub_rows                         0x08007c34   Section        0  aes.o(i.shift_sub_rows)
    shift_sub_rows                           0x08007c35   Thumb Code   100  aes.o(i.shift_sub_rows)
    i.srand1                                 0x08007c9c   Section        0  utilities.o(i.srand1)
    i.xor_block                              0x08007ca8   Section        0  aes.o(i.xor_block)
    xor_block                                0x08007ca9   Thumb Code   130  aes.o(i.xor_block)
    .constdata                               0x08007d2a   Section      768  aes.o(.constdata)
    sbox                                     0x08007d2a   Data         256  aes.o(.constdata)
    gfm2_sbox                                0x08007e2a   Data         256  aes.o(.constdata)
    gfm3_sbox                                0x08007f2a   Data         256  aes.o(.constdata)
    .constdata                               0x0800802c   Section       60  loramac.o(.constdata)
    .constdata                               0x08008068   Section      224  sx1276.o(.constdata)
    .constdata                               0x08008148   Section       92  sx1276-board.o(.constdata)
    .constdata                               0x080081a4   Section       24  rtc-board.o(.constdata)
    DaysInMonth                              0x080081a4   Data          12  rtc-board.o(.constdata)
    DaysInMonthLeapYear                      0x080081b0   Data          12  rtc-board.o(.constdata)
    .constdata                               0x080081bc   Section       16  system_stm32f0xx_1.o(.constdata)
    .data                                    0x20000000   Section       44  main.o(.data)
    AppPort                                  0x20000000   Data           1  main.o(.data)
    AppDataSize                              0x20000001   Data           1  main.o(.data)
    IsTxConfirmed                            0x20000002   Data           1  main.o(.data)
    AppLedStateOn                            0x20000003   Data           1  main.o(.data)
    NextTx                                   0x20000004   Data           1  main.o(.data)
    DeviceState                              0x20000005   Data           1  main.o(.data)
    TxDutyCycleTime                          0x20000008   Data           4  main.o(.data)
    DevEui                                   0x2000000c   Data           8  main.o(.data)
    AppEui                                   0x20000014   Data           8  main.o(.data)
    AppKey                                   0x2000001c   Data          16  main.o(.data)
    .data                                    0x2000002c   Section      116  loramac.o(.data)
    LoRaMacTxPayloadLen                      0x2000002c   Data           1  loramac.o(.data)
    IsUpLinkCounterFixed                     0x2000002d   Data           1  loramac.o(.data)
    IsRxWindowsEnabled                       0x2000002e   Data           1  loramac.o(.data)
    IsLoRaMacNetworkJoined                   0x2000002f   Data           1  loramac.o(.data)
    AdrCtrlOn                                0x20000030   Data           1  loramac.o(.data)
    NodeAckRequested                         0x20000031   Data           1  loramac.o(.data)
    SrvAckRequested                          0x20000032   Data           1  loramac.o(.data)
    MacCommandsInNextTx                      0x20000033   Data           1  loramac.o(.data)
    MacCommandsBufferIndex                   0x20000034   Data           1  loramac.o(.data)
    MacCommandsBufferToRepeatIndex           0x20000035   Data           1  loramac.o(.data)
    ChannelsNbRepCounter                     0x20000036   Data           1  loramac.o(.data)
    MaxDCycle                                0x20000037   Data           1  loramac.o(.data)
    AckTimeoutRetries                        0x20000038   Data           1  loramac.o(.data)
    AckTimeoutRetriesCounter                 0x20000039   Data           1  loramac.o(.data)
    AckTimeoutRetry                          0x2000003a   Data           1  loramac.o(.data)
    RxSlot                                   0x2000003b   Data           1  loramac.o(.data)
    LoRaMacDeviceClass                       0x2000003c   Data           1  loramac.o(.data)
    PublicNetwork                            0x2000003d   Data           1  loramac.o(.data)
    RepeaterSupport                          0x2000003e   Data           1  loramac.o(.data)
    DutyCycleOn                              0x2000003f   Data           1  loramac.o(.data)
    Channel                                  0x20000040   Data           1  loramac.o(.data)
    JoinRequestTrials                        0x20000041   Data           1  loramac.o(.data)
    MaxJoinRequestTrials                     0x20000042   Data           1  loramac.o(.data)
    LoRaMacBufferPktLen                      0x20000044   Data           2  loramac.o(.data)
    LoRaMacDevNonce                          0x20000046   Data           2  loramac.o(.data)
    AggregatedDCycle                         0x20000048   Data           2  loramac.o(.data)
    MulticastChannels                        0x2000004c   Data           4  loramac.o(.data)
    UpLinkCounter                            0x20000050   Data           4  loramac.o(.data)
    DownLinkCounter                          0x20000054   Data           4  loramac.o(.data)
    AdrAckCounter                            0x20000058   Data           4  loramac.o(.data)
    LoRaMacInitializationTime                0x2000005c   Data           4  loramac.o(.data)
    LoRaMacDevEui                            0x20000068   Data           4  loramac.o(.data)
    LoRaMacAppEui                            0x2000006c   Data           4  loramac.o(.data)
    LoRaMacAppKey                            0x20000070   Data           4  loramac.o(.data)
    LoRaMacNetID                             0x20000074   Data           4  loramac.o(.data)
    LoRaMacDevAddr                           0x20000078   Data           4  loramac.o(.data)
    AggregatedLastTxDoneTime                 0x2000007c   Data           4  loramac.o(.data)
    AggregatedTimeOff                        0x20000080   Data           4  loramac.o(.data)
    LoRaMacPrimitives                        0x20000084   Data           4  loramac.o(.data)
    LoRaMacCallbacks                         0x20000088   Data           4  loramac.o(.data)
    RxWindow1Delay                           0x2000008c   Data           4  loramac.o(.data)
    RxWindow2Delay                           0x20000090   Data           4  loramac.o(.data)
    Bands                                    0x20000094   Data          12  loramac.o(.data)
    .data                                    0x200000a0   Section       32  loramaccrypto.o(.data)
    MicBlockB0                               0x200000a0   Data          16  loramaccrypto.o(.data)
    aBlock                                   0x200000b0   Data          16  loramaccrypto.o(.data)
    .data                                    0x200000c0   Section        8  timer.o(.data)
    TimerListHead                            0x200000c4   Data           4  timer.o(.data)
    .data                                    0x200000c8   Section        4  utilities.o(.data)
    next                                     0x200000c8   Data           4  utilities.o(.data)
    .data                                    0x200000cc   Section        4  stm32f0xx_hal.o(.data)
    .data                                    0x200000d0   Section       28  sx1276.o(.data)
    RadioEvents                              0x200000d0   Data           4  sx1276.o(.data)
    .data                                    0x200000ec   Section        1  sx1276-board.o(.data)
    RadioIsActive                            0x200000ec   Data           1  sx1276-board.o(.data)
    .data                                    0x200000ee   Section        6  board.o(.data)
    McuInitialized                           0x200000ee   Data           1  board.o(.data)
    SystemWakeupTimeCalibrated               0x200000ef   Data           1  board.o(.data)
    IrqNestLevel                             0x200000f0   Data           1  board.o(.data)
    BatteryVoltage                           0x200000f2   Data           2  board.o(.data)
    .data                                    0x200000f4   Section       16  rtc-board.o(.data)
    CalendarRollOverReady                    0x200000f4   Data           1  rtc-board.o(.data)
    RtcTimerEventAllowsLowPower              0x200000f6   Data           1  rtc-board.o(.data)
    LowPowerDisableDuringTask                0x200000f7   Data           1  rtc-board.o(.data)
    RtcInitialized                           0x200000f8   Data           1  rtc-board.o(.data)
    WakeUpTimeInitialized                    0x200000f9   Data           1  rtc-board.o(.data)
    Century                                  0x200000fa   Data           2  rtc-board.o(.data)
    TimeoutValueError                        0x20000100   Data           4  rtc-board.o(.data)
    .data                                    0x20000104   Section        2  uart-board.o(.data)
    .data                                    0x20000108   Section        4  system_stm32f0xx_1.o(.data)
    .bss                                     0x2000010c   Section      140  main.o(.bss)
    AppData                                  0x2000010c   Data          64  main.o(.bss)
    TxNextPacketTimer                        0x2000014c   Data          20  main.o(.bss)
    iWDG_FEED                                0x20000174   Data          20  main.o(.bss)
    .bss                                     0x20000198   Section     1404  loramac.o(.bss)
    LoRaMacNwkSKey                           0x20000198   Data          16  loramac.o(.bss)
    LoRaMacAppSKey                           0x200001a8   Data          16  loramac.o(.bss)
    LoRaMacBuffer                            0x200001b8   Data         255  loramac.o(.bss)
    LoRaMacRxPayload                         0x200002b7   Data         255  loramac.o(.bss)
    MacCommandsBuffer                        0x200003b6   Data          15  loramac.o(.bss)
    MacCommandsBufferToRepeat                0x200003c5   Data          15  loramac.o(.bss)
    Channels                                 0x200003d4   Data         512  loramac.o(.bss)
    MacStateCheckTimer                       0x20000644   Data          20  loramac.o(.bss)
    RadioEvents                              0x20000658   Data          28  loramac.o(.bss)
    TxDelayedTimer                           0x20000674   Data          20  loramac.o(.bss)
    RxWindowTimer1                           0x20000688   Data          20  loramac.o(.bss)
    RxWindowTimer2                           0x2000069c   Data          20  loramac.o(.bss)
    RxWindowsParams                          0x200006b0   Data          24  loramac.o(.bss)
    AckTimeoutTimer                          0x200006c8   Data          20  loramac.o(.bss)
    McpsIndication                           0x200006dc   Data          24  loramac.o(.bss)
    McpsConfirm                              0x200006f4   Data          20  loramac.o(.bss)
    MlmeConfirm                              0x20000708   Data          12  loramac.o(.bss)
    .bss                                     0x20000714   Section      556  loramaccrypto.o(.bss)
    sBlock                                   0x20000714   Data          16  loramaccrypto.o(.bss)
    Mic                                      0x20000724   Data          16  loramaccrypto.o(.bss)
    AesContext                               0x20000734   Data         241  loramaccrypto.o(.bss)
    AesCmacCtx                               0x20000828   Data         280  loramaccrypto.o(.bss)
    .bss                                     0x20000940   Section      648  sx1276.o(.bss)
    RxTxBuffer                               0x20000940   Data         256  sx1276.o(.bss)
    .bss                                     0x20000bc8   Section       12  board.o(.bss)
    .bss                                     0x20000bd4   Section       12  board.o(.bss)
    .bss                                     0x20000be0   Section       76  board.o(.bss)
    CalibrateSystemWakeupTimeTimer           0x20000c18   Data          20  board.o(.bss)
    .bss                                     0x20000c2c   Section       64  gpio-board.o(.bss)
    GpioIrq                                  0x20000c2c   Data          64  gpio-board.o(.bss)
    .bss                                     0x20000c6c   Section       60  rtc-board.o(.bss)
    .bss                                     0x20000ca8   Section      112  uart-board.o(.bss)
    STACK                                    0x20000d18   Section     1024  startup_stm32f030x8.o(STACK)

    Global Symbols

    Symbol Name                              Value     Ov Type        Size  Object(Section)

    BuildAttributes$$THM_ISAv3M$S$PE$A:L22$X:L11$S22$IEEE1$IW$USESV6$~STKCKD$USESV7$~SHL$OTIME$ROPI$IEEEJ$EBA8$MICROLIB$REQ8$PRES8$EABIv2 0x00000000   Number         0  anon$$obj.o ABSOLUTE
    __ARM_use_no_argv                        0x00000000   Number         0  main.o ABSOLUTE
    _printf_a                                0x00000000   Number         0  stubs.o ABSOLUTE
    _printf_c                                0x00000000   Number         0  stubs.o ABSOLUTE
    _printf_charcount                        0x00000000   Number         0  stubs.o ABSOLUTE
    _printf_d                                0x00000000   Number         0  stubs.o ABSOLUTE
    _printf_e                                0x00000000   Number         0  stubs.o ABSOLUTE
    _printf_f                                0x00000000   Number         0  stubs.o ABSOLUTE
    _printf_flags                            0x00000000   Number         0  stubs.o ABSOLUTE
    _printf_fp_dec                           0x00000000   Number         0  stubs.o ABSOLUTE
    _printf_fp_hex                           0x00000000   Number         0  stubs.o ABSOLUTE
    _printf_g                                0x00000000   Number         0  stubs.o ABSOLUTE
    _printf_i                                0x00000000   Number         0  stubs.o ABSOLUTE
    _printf_int_dec                          0x00000000   Number         0  stubs.o ABSOLUTE
    _printf_l                                0x00000000   Number         0  stubs.o ABSOLUTE
    _printf_lc                               0x00000000   Number         0  stubs.o ABSOLUTE
    _printf_ll                               0x00000000   Number         0  stubs.o ABSOLUTE
    _printf_lld                              0x00000000   Number         0  stubs.o ABSOLUTE
    _printf_lli                              0x00000000   Number         0  stubs.o ABSOLUTE
    _printf_llo                              0x00000000   Number         0  stubs.o ABSOLUTE
    _printf_llu                              0x00000000   Number         0  stubs.o ABSOLUTE
    _printf_llx                              0x00000000   Number         0  stubs.o ABSOLUTE
    _printf_longlong_dec                     0x00000000   Number         0  stubs.o ABSOLUTE
    _printf_longlong_hex                     0x00000000   Number         0  stubs.o ABSOLUTE
    _printf_longlong_oct                     0x00000000   Number         0  stubs.o ABSOLUTE
    _printf_ls                               0x00000000   Number         0  stubs.o ABSOLUTE
    _printf_mbtowc                           0x00000000   Number         0  stubs.o ABSOLUTE
    _printf_n                                0x00000000   Number         0  stubs.o ABSOLUTE
    _printf_o                                0x00000000   Number         0  stubs.o ABSOLUTE
    _printf_p                                0x00000000   Number         0  stubs.o ABSOLUTE
    _printf_percent                          0x00000000   Number         0  stubs.o ABSOLUTE
    _printf_pre_padding                      0x00000000   Number         0  stubs.o ABSOLUTE
    _printf_return_value                     0x00000000   Number         0  stubs.o ABSOLUTE
    _printf_s                                0x00000000   Number         0  stubs.o ABSOLUTE
    _printf_sizespec                         0x00000000   Number         0  stubs.o ABSOLUTE
    _printf_str                              0x00000000   Number         0  stubs.o ABSOLUTE
    _printf_truncate_signed                  0x00000000   Number         0  stubs.o ABSOLUTE
    _printf_truncate_unsigned                0x00000000   Number         0  stubs.o ABSOLUTE
    _printf_u                                0x00000000   Number         0  stubs.o ABSOLUTE
    _printf_wc                               0x00000000   Number         0  stubs.o ABSOLUTE
    _printf_wctomb                           0x00000000   Number         0  stubs.o ABSOLUTE
    _printf_widthprec                        0x00000000   Number         0  stubs.o ABSOLUTE
    _printf_x                                0x00000000   Number         0  stubs.o ABSOLUTE
    __cpp_initialize__aeabi_                  - Undefined Weak Reference
    __cxa_finalize                            - Undefined Weak Reference
    __decompress                              - Undefined Weak Reference
    _clock_init                               - Undefined Weak Reference
    _microlib_exit                            - Undefined Weak Reference
    __Vectors_Size                           0x000000b4   Number         0  startup_stm32f030x8.o ABSOLUTE
    __Vectors                                0x08000000   Data           4  startup_stm32f030x8.o(RESET)
    __Vectors_End                            0x080000b4   Data           0  startup_stm32f030x8.o(RESET)
    __main                                   0x080000b5   Thumb Code     0  entry.o(.ARM.Collect$$$$00000000)
    _main_stk                                0x080000b5   Thumb Code     0  entry2.o(.ARM.Collect$$$$00000001)
    _main_scatterload                        0x080000b9   Thumb Code     0  entry5.o(.ARM.Collect$$$$00000004)
    __main_after_scatterload                 0x080000bd   Thumb Code     0  entry5.o(.ARM.Collect$$$$00000004)
    _main_clock                              0x080000bd   Thumb Code     0  entry7b.o(.ARM.Collect$$$$00000008)
    _main_cpp_init                           0x080000bd   Thumb Code     0  entry8b.o(.ARM.Collect$$$$0000000A)
    _main_init                               0x080000bd   Thumb Code     0  entry9a.o(.ARM.Collect$$$$0000000B)
    __rt_final_cpp                           0x080000c5   Thumb Code     0  entry10a.o(.ARM.Collect$$$$0000000D)
    __rt_final_exit                          0x080000c5   Thumb Code     0  entry11a.o(.ARM.Collect$$$$0000000F)
    Reset_Handler                            0x080000c9   Thumb Code     8  startup_stm32f030x8.o(.text)
    ADC1_IRQHandler                          0x080000db   Thumb Code     0  startup_stm32f030x8.o(.text)
    DMA1_Channel1_IRQHandler                 0x080000db   Thumb Code     0  startup_stm32f030x8.o(.text)
    DMA1_Channel2_3_IRQHandler               0x080000db   Thumb Code     0  startup_stm32f030x8.o(.text)
    DMA1_Channel4_5_IRQHandler               0x080000db   Thumb Code     0  startup_stm32f030x8.o(.text)
    EXTI0_1_IRQHandler                       0x080000db   Thumb Code     0  startup_stm32f030x8.o(.text)
    EXTI2_3_IRQHandler                       0x080000db   Thumb Code     0  startup_stm32f030x8.o(.text)
    EXTI4_15_IRQHandler                      0x080000db   Thumb Code     0  startup_stm32f030x8.o(.text)
    FLASH_IRQHandler                         0x080000db   Thumb Code     0  startup_stm32f030x8.o(.text)
    I2C1_IRQHandler                          0x080000db   Thumb Code     0  startup_stm32f030x8.o(.text)
    I2C2_IRQHandler                          0x080000db   Thumb Code     0  startup_stm32f030x8.o(.text)
    RCC_IRQHandler                           0x080000db   Thumb Code     0  startup_stm32f030x8.o(.text)
    RTC_IRQHandler                           0x080000db   Thumb Code     0  startup_stm32f030x8.o(.text)
    SPI1_IRQHandler                          0x080000db   Thumb Code     0  startup_stm32f030x8.o(.text)
    SPI2_IRQHandler                          0x080000db   Thumb Code     0  startup_stm32f030x8.o(.text)
    TIM14_IRQHandler                         0x080000db   Thumb Code     0  startup_stm32f030x8.o(.text)
    TIM15_IRQHandler                         0x080000db   Thumb Code     0  startup_stm32f030x8.o(.text)
    TIM16_IRQHandler                         0x080000db   Thumb Code     0  startup_stm32f030x8.o(.text)
    TIM17_IRQHandler                         0x080000db   Thumb Code     0  startup_stm32f030x8.o(.text)
    TIM1_BRK_UP_TRG_COM_IRQHandler           0x080000db   Thumb Code     0  startup_stm32f030x8.o(.text)
    TIM1_CC_IRQHandler                       0x080000db   Thumb Code     0  startup_stm32f030x8.o(.text)
    TIM3_IRQHandler                          0x080000db   Thumb Code     0  startup_stm32f030x8.o(.text)
    TIM6_IRQHandler                          0x080000db   Thumb Code     0  startup_stm32f030x8.o(.text)
    USART2_IRQHandler                        0x080000db   Thumb Code     0  startup_stm32f030x8.o(.text)
    WWDG_IRQHandler                          0x080000db   Thumb Code     0  startup_stm32f030x8.o(.text)
    __aeabi_uidiv                            0x080000e5   Thumb Code     0  uidiv.o(.text)
    __aeabi_uidivmod                         0x080000e5   Thumb Code    44  uidiv.o(.text)
    __aeabi_idiv                             0x08000111   Thumb Code     0  idiv.o(.text)
    __aeabi_idivmod                          0x08000111   Thumb Code    40  idiv.o(.text)
    __aeabi_llsr                             0x08000139   Thumb Code    34  llushr.o(.text)
    _ll_ushift_r                             0x08000139   Thumb Code     0  llushr.o(.text)
    __aeabi_memcpy                           0x0800015b   Thumb Code    36  memcpya.o(.text)
    __aeabi_memcpy4                          0x0800015b   Thumb Code     0  memcpya.o(.text)
    __aeabi_memcpy8                          0x0800015b   Thumb Code     0  memcpya.o(.text)
    __aeabi_memset                           0x0800017f   Thumb Code    14  memseta.o(.text)
    __aeabi_memset4                          0x0800017f   Thumb Code     0  memseta.o(.text)
    __aeabi_memset8                          0x0800017f   Thumb Code     0  memseta.o(.text)
    __aeabi_memclr                           0x0800018d   Thumb Code     4  memseta.o(.text)
    __aeabi_memclr4                          0x0800018d   Thumb Code     0  memseta.o(.text)
    __aeabi_memclr8                          0x0800018d   Thumb Code     0  memseta.o(.text)
    _memset$wrapper                          0x08000191   Thumb Code    18  memseta.o(.text)
    strlen                                   0x080001a3   Thumb Code    14  strlen.o(.text)
    __aeabi_uread4                           0x080001b1   Thumb Code    20  uread4.o(.text)
    __rt_uread4                              0x080001b1   Thumb Code     0  uread4.o(.text)
    _uread4                                  0x080001b1   Thumb Code     0  uread4.o(.text)
    __aeabi_dadd                             0x080001c5   Thumb Code   328  dadd.o(.text)
    __aeabi_dsub                             0x0800030d   Thumb Code    12  dadd.o(.text)
    __aeabi_drsub                            0x08000319   Thumb Code    12  dadd.o(.text)
    __aeabi_dmul                             0x08000329   Thumb Code   202  dmul.o(.text)
    __aeabi_ddiv                             0x080003f9   Thumb Code   234  ddiv.o(.text)
    __ARM_scalbn                             0x080004e9   Thumb Code    44  dscalb.o(.text)
    scalbn                                   0x080004e9   Thumb Code     0  dscalb.o(.text)
    __aeabi_i2d                              0x08000515   Thumb Code    34  dflti.o(.text)
    __aeabi_ui2d                             0x0800053d   Thumb Code    24  dfltui.o(.text)
    __aeabi_d2iz                             0x08000559   Thumb Code    62  dfixi.o(.text)
    __aeabi_d2uiz                            0x080005a1   Thumb Code    50  dfixui.o(.text)
    __aeabi_cdcmpeq                          0x080005dd   Thumb Code     0  cdcmple.o(.text)
    __aeabi_cdcmple                          0x080005dd   Thumb Code    38  cdcmple.o(.text)
    __aeabi_cdrcmple                         0x08000605   Thumb Code    38  cdrcmple.o(.text)
    __aeabi_uldivmod                         0x0800062d   Thumb Code    96  uldiv.o(.text)
    __aeabi_llsl                             0x0800068d   Thumb Code    32  llshl.o(.text)
    _ll_shift_l                              0x0800068d   Thumb Code     0  llshl.o(.text)
    __aeabi_lasr                             0x080006ad   Thumb Code    38  llsshr.o(.text)
    _ll_sshift_r                             0x080006ad   Thumb Code     0  llsshr.o(.text)
    __I$use$fp                               0x080006d3   Thumb Code     0  iusefp.o(.text)
    _double_round                            0x080006d3   Thumb Code    26  depilogue.o(.text)
    _double_epilogue                         0x080006ed   Thumb Code   164  depilogue.o(.text)
    _drnd                                    0x08000791   Thumb Code   114  drnd.o(.text)
    __aeabi_d2ulz                            0x0800080d   Thumb Code    54  dfixul.o(.text)
    __scatterload                            0x0800084d   Thumb Code    28  init.o(.text)
    __scatterload_rt2                        0x0800084d   Thumb Code     0  init.o(.text)
    AES_CMAC_Final                           0x08000871   Thumb Code   316  cmac.o(i.AES_CMAC_Final)
    AES_CMAC_Init                            0x080009ad   Thumb Code    32  cmac.o(i.AES_CMAC_Init)
    AES_CMAC_SetKey                          0x080009cd   Thumb Code    16  cmac.o(i.AES_CMAC_SetKey)
    AES_CMAC_Update                          0x080009dd   Thumb Code   190  cmac.o(i.AES_CMAC_Update)
    BoardDeInitMcu                           0x08000bc5   Thumb Code    84  board.o(i.BoardDeInitMcu)
    BoardDisableIrq                          0x08000c1d   Thumb Code    12  board.o(i.BoardDisableIrq)
    BoardEnableIrq                           0x08000c2d   Thumb Code    18  board.o(i.BoardEnableIrq)
    BoardGetBatteryLevel                     0x08000c45   Thumb Code    10  board.o(i.BoardGetBatteryLevel)
    BoardInitMcu                             0x08000c55   Thumb Code   102  board.o(i.BoardInitMcu)
    BoardInitPeriph                          0x08000ccd   Thumb Code     2  board.o(i.BoardInitPeriph)
    DelayMs                                  0x08001063   Thumb Code     8  delay.o(i.DelayMs)
    FifoPop                                  0x0800107b   Thumb Code    28  fifo.o(i.FifoPop)
    FifoPush                                 0x08001097   Thumb Code    20  fifo.o(i.FifoPush)
    GetBoardPowerSource                      0x080010ab   Thumb Code     4  board.o(i.GetBoardPowerSource)
    GpioInit                                 0x080010dd   Thumb Code    22  gpio.o(i.GpioInit)
    GpioMcuInit                              0x080010f5   Thumb Code   182  gpio-board.o(i.GpioMcuInit)
    GpioMcuSetInterrupt                      0x080011bd   Thumb Code   228  gpio-board.o(i.GpioMcuSetInterrupt)
    GpioMcuWrite                             0x080012b1   Thumb Code    22  gpio-board.o(i.GpioMcuWrite)
    GpioSetInterrupt                         0x080012c7   Thumb Code    18  gpio.o(i.GpioSetInterrupt)
    GpioWrite                                0x080012d9   Thumb Code    18  gpio.o(i.GpioWrite)
    HAL_DMA_Abort_IT                         0x080012eb   Thumb Code    72  stm32f0xx_hal_dma.o(i.HAL_DMA_Abort_IT)
    HAL_Delay                                0x08001333   Thumb Code    28  stm32f0xx_hal.o(i.HAL_Delay)
    HAL_GPIO_Init                            0x08001351   Thumb Code   302  stm32f0xx_hal_gpio.o(i.HAL_GPIO_Init)
    HAL_GPIO_WritePin                        0x08001499   Thumb Code    12  stm32f0xx_hal_gpio.o(i.HAL_GPIO_WritePin)
    HAL_GetTick                              0x080014a5   Thumb Code     6  stm32f0xx_hal.o(i.HAL_GetTick)
    HAL_IWDG_Refresh                         0x080014b1   Thumb Code    10  stm32f0xx_hal_iwdg.o(i.HAL_IWDG_Refresh)
    HAL_IncTick                              0x080014c1   Thumb Code    10  stm32f0xx_hal.o(i.HAL_IncTick)
    HAL_Init                                 0x080014d1   Thumb Code    26  stm32f0xx_hal.o(i.HAL_Init)
    HAL_InitTick                             0x080014f1   Thumb Code    34  stm32f0xx_hal.o(i.HAL_InitTick)
    HAL_MspInit                              0x08001513   Thumb Code     2  stm32f0xx_hal.o(i.HAL_MspInit)
    HAL_NVIC_EnableIRQ                       0x08001515   Thumb Code    14  stm32f0xx_hal_cortex.o(i.HAL_NVIC_EnableIRQ)
    HAL_NVIC_SetPriority                     0x08001529   Thumb Code     8  stm32f0xx_hal_cortex.o(i.HAL_NVIC_SetPriority)
    HAL_PWR_EnterSTOPMode                    0x08001531   Thumb Code    44  stm32f0xx_hal_pwr.o(i.HAL_PWR_EnterSTOPMode)
    HAL_RCCEx_PeriphCLKConfig                0x08001565   Thumb Code   218  stm32f0xx_hal_rcc_ex.o(i.HAL_RCCEx_PeriphCLKConfig)
    HAL_RCC_ClockConfig                      0x0800164d   Thumb Code   280  stm32f0xx_hal_rcc.o(i.HAL_RCC_ClockConfig)
    HAL_RCC_GetHCLKFreq                      0x08001779   Thumb Code     6  stm32f0xx_hal_rcc.o(i.HAL_RCC_GetHCLKFreq)
    HAL_RCC_GetSysClockFreq                  0x08001785   Thumb Code    76  stm32f0xx_hal_rcc.o(i.HAL_RCC_GetSysClockFreq)
    HAL_RCC_OscConfig                        0x080017fd   Thumb Code   840  stm32f0xx_hal_rcc.o(i.HAL_RCC_OscConfig)
    HAL_RTC_DeactivateAlarm                  0x08001b51   Thumb Code   114  stm32f0xx_hal_rtc.o(i.HAL_RTC_DeactivateAlarm)
    HAL_RTC_GetDate                          0x08001bc3   Thumb Code    68  stm32f0xx_hal_rtc.o(i.HAL_RTC_GetDate)
    HAL_RTC_GetTime                          0x08001c09   Thumb Code    88  stm32f0xx_hal_rtc.o(i.HAL_RTC_GetTime)
    HAL_RTC_Init                             0x08001c65   Thumb Code   174  stm32f0xx_hal_rtc.o(i.HAL_RTC_Init)
    HAL_RTC_MspInit                          0x08001d19   Thumb Code     2  stm32f0xx_hal_rtc.o(i.HAL_RTC_MspInit)
    HAL_RTC_SetAlarm_IT                      0x08001d1d   Thumb Code   296  stm32f0xx_hal_rtc.o(i.HAL_RTC_SetAlarm_IT)
    HAL_RTC_SetDate                          0x08001e49   Thumb Code   194  stm32f0xx_hal_rtc.o(i.HAL_RTC_SetDate)
    HAL_RTC_SetTime                          0x08001f11   Thumb Code   222  stm32f0xx_hal_rtc.o(i.HAL_RTC_SetTime)
    HAL_RTC_WaitForSynchro                   0x08001ff5   Thumb Code    52  stm32f0xx_hal_rtc.o(i.HAL_RTC_WaitForSynchro)
    HAL_SPI_DeInit                           0x08002029   Thumb Code    48  stm32f0xx_hal_spi.o(i.HAL_SPI_DeInit)
    HAL_SPI_Init                             0x08002059   Thumb Code   182  stm32f0xx_hal_spi.o(i.HAL_SPI_Init)
    HAL_SPI_MspDeInit                        0x0800210f   Thumb Code     2  stm32f0xx_hal_spi.o(i.HAL_SPI_MspDeInit)
    HAL_SPI_MspInit                          0x08002111   Thumb Code     2  stm32f0xx_hal_spi.o(i.HAL_SPI_MspInit)
    HAL_SYSTICK_Callback                     0x08002113   Thumb Code     2  stm32f0xx_hal_cortex.o(i.HAL_SYSTICK_Callback)
    HAL_SYSTICK_Config                       0x08002115   Thumb Code    38  stm32f0xx_hal_cortex.o(i.HAL_SYSTICK_Config)
    HAL_SYSTICK_IRQHandler                   0x08002145   Thumb Code     8  stm32f0xx_hal_cortex.o(i.HAL_SYSTICK_IRQHandler)
    HAL_UART_ErrorCallback                   0x0800214d   Thumb Code    14  uart-board.o(i.HAL_UART_ErrorCallback)
    HAL_UART_IRQHandler                      0x08002165   Thumb Code   272  stm32f0xx_hal_uart.o(i.HAL_UART_IRQHandler)
    HAL_UART_Receive_IT                      0x08002279   Thumb Code   132  stm32f0xx_hal_uart.o(i.HAL_UART_Receive_IT)
    HAL_UART_RxCpltCallback                  0x08002301   Thumb Code    50  uart-board.o(i.HAL_UART_RxCpltCallback)
    HAL_UART_Transmit_IT                     0x08002341   Thumb Code    88  stm32f0xx_hal_uart.o(i.HAL_UART_Transmit_IT)
    HAL_UART_TxCpltCallback                  0x08002399   Thumb Code    50  uart-board.o(i.HAL_UART_TxCpltCallback)
    HardFault_Handler                        0x080023d9   Thumb Code     2  stm32f0xx_it.o(i.HardFault_Handler)
    HexToString                              0x080023db   Thumb Code    94  board.o(i.HexToString)
    IsFifoEmpty                              0x08002439   Thumb Code    16  fifo.o(i.IsFifoEmpty)
    IsFifoFull                               0x08002449   Thumb Code    24  fifo.o(i.IsFifoFull)
    LoRaMacComputeMic                        0x08002469   Thumb Code   112  loramaccrypto.o(i.LoRaMacComputeMic)
    LoRaMacInitialization                    0x080024e5   Thumb Code   368  loramac.o(i.LoRaMacInitialization)
    LoRaMacJoinComputeMic                    0x080026a5   Thumb Code    62  loramaccrypto.o(i.LoRaMacJoinComputeMic)
    LoRaMacJoinComputeSKeys                  0x080026ed   Thumb Code   130  loramaccrypto.o(i.LoRaMacJoinComputeSKeys)
    LoRaMacJoinDecrypt                       0x08002775   Thumb Code    60  loramaccrypto.o(i.LoRaMacJoinDecrypt)
    LoRaMacMcpsRequest                       0x080027b5   Thumb Code   220  loramac.o(i.LoRaMacMcpsRequest)
    LoRaMacMibGetRequestConfirm              0x0800289d   Thumb Code   224  loramac.o(i.LoRaMacMibGetRequestConfirm)
    LoRaMacMibSetRequestConfirm              0x08002995   Thumb Code   410  loramac.o(i.LoRaMacMibSetRequestConfirm)
    LoRaMacMlmeRequest                       0x08002b41   Thumb Code   244  loramac.o(i.LoRaMacMlmeRequest)
    LoRaMacPayloadDecrypt                    0x08002c41   Thumb Code    16  loramaccrypto.o(i.LoRaMacPayloadDecrypt)
    LoRaMacPayloadEncrypt                    0x08002c51   Thumb Code   182  loramaccrypto.o(i.LoRaMacPayloadEncrypt)
    LoRaMacQueryTxPossible                   0x08002d11   Thumb Code   120  loramac.o(i.LoRaMacQueryTxPossible)
    NMI_Handler                              0x08003069   Thumb Code     2  stm32f0xx_it.o(i.NMI_Handler)
    PendSV_Handler                           0x08003b53   Thumb Code     2  stm32f0xx_it.o(i.PendSV_Handler)
    PrepareFrame                             0x08003b55   Thumb Code   542  loramac.o(i.PrepareFrame)
    RTC_Bcd2ToByte                           0x08004159   Thumb Code    16  stm32f0xx_hal_rtc.o(i.RTC_Bcd2ToByte)
    RTC_ByteToBcd2                           0x08004169   Thumb Code    22  stm32f0xx_hal_rtc.o(i.RTC_ByteToBcd2)
    RTC_EnterInitMode                        0x0800417f   Thumb Code    56  stm32f0xx_hal_rtc.o(i.RTC_EnterInitMode)
    RtcComputeElapsedTime                    0x0800422d   Thumb Code    30  rtc-board.o(i.RtcComputeElapsedTime)
    RtcEnterLowPowerStopMode                 0x08004525   Thumb Code    36  rtc-board.o(i.RtcEnterLowPowerStopMode)
    RtcGetAdjustedTimeoutValue               0x08004551   Thumb Code    46  rtc-board.o(i.RtcGetAdjustedTimeoutValue)
    RtcGetElapsedAlarmTime                   0x080045e1   Thumb Code    30  rtc-board.o(i.RtcGetElapsedAlarmTime)
    RtcGetTimerValue                         0x08004605   Thumb Code    10  rtc-board.o(i.RtcGetTimerValue)
    RtcInit                                  0x08004611   Thumb Code   158  rtc-board.o(i.RtcInit)
    RtcSetTimeout                            0x080046c1   Thumb Code     8  rtc-board.o(i.RtcSetTimeout)
    SVC_Handler                              0x08004881   Thumb Code     2  stm32f0xx_it.o(i.SVC_Handler)
    SX1276CheckRfFrequency                   0x08004883   Thumb Code     4  sx1276-board.o(i.SX1276CheckRfFrequency)
    SX1276GetPaSelect                        0x08004889   Thumb Code    14  sx1276-board.o(i.SX1276GetPaSelect)
    SX1276GetStatus                          0x0800489d   Thumb Code     6  sx1276.o(i.SX1276GetStatus)
    SX1276GetTimeOnAir                       0x080048a9   Thumb Code   436  sx1276.o(i.SX1276GetTimeOnAir)
    SX1276Init                               0x08004a85   Thumb Code   104  sx1276.o(i.SX1276Init)
    SX1276IoDeInit                           0x08004afd   Thumb Code    60  sx1276-board.o(i.SX1276IoDeInit)
    SX1276IoInit                             0x08004b3d   Thumb Code    60  sx1276-board.o(i.SX1276IoInit)
    SX1276IoIrqInit                          0x08004b7d   Thumb Code    32  sx1276-board.o(i.SX1276IoIrqInit)
    SX1276IsChannelFree                      0x08004ba1   Thumb Code    54  sx1276.o(i.SX1276IsChannelFree)
    SX1276OnDio0Irq                          0x08004bd9   Thumb Code   574  sx1276.o(i.SX1276OnDio0Irq)
    SX1276OnDio1Irq                          0x08004e31   Thumb Code   208  sx1276.o(i.SX1276OnDio1Irq)
    SX1276OnDio2Irq                          0x08004f15   Thumb Code   180  sx1276.o(i.SX1276OnDio2Irq)
    SX1276OnDio3Irq                          0x08004fd5   Thumb Code    76  sx1276.o(i.SX1276OnDio3Irq)
    SX1276OnDio4Irq                          0x08005029   Thumb Code    24  sx1276.o(i.SX1276OnDio4Irq)
    SX1276OnTimeoutIrq                       0x08005045   Thumb Code   188  sx1276.o(i.SX1276OnTimeoutIrq)
    SX1276Random                             0x0800510d   Thumb Code    62  sx1276.o(i.SX1276Random)
    SX1276Read                               0x0800514b   Thumb Code    16  sx1276.o(i.SX1276Read)
    SX1276ReadBuffer                         0x0800515d   Thumb Code    64  sx1276.o(i.SX1276ReadBuffer)
    SX1276ReadFifo                           0x080051a1   Thumb Code    14  sx1276.o(i.SX1276ReadFifo)
    SX1276ReadRssi                           0x080051b1   Thumb Code    58  sx1276.o(i.SX1276ReadRssi)
    SX1276Reset                              0x080051f5   Thumb Code    52  sx1276.o(i.SX1276Reset)
    SX1276Send                               0x0800522d   Thumb Code   236  sx1276.o(i.SX1276Send)
    SX1276SetAntSw                           0x08005321   Thumb Code    36  sx1276-board.o(i.SX1276SetAntSw)
    SX1276SetAntSwLowPower                   0x0800534d   Thumb Code    12  sx1276-board.o(i.SX1276SetAntSwLowPower)
    SX1276SetChannel                         0x0800535d   Thumb Code    54  sx1276.o(i.SX1276SetChannel)
    SX1276SetMaxPayloadLength                0x0800539d   Thumb Code    42  sx1276.o(i.SX1276SetMaxPayloadLength)
    SX1276SetModem                           0x080053cd   Thumb Code   108  sx1276.o(i.SX1276SetModem)
    SX1276SetOpMode                          0x0800543d   Thumb Code    46  sx1276.o(i.SX1276SetOpMode)
    SX1276SetPublicNetwork                   0x0800546d   Thumb Code    32  sx1276.o(i.SX1276SetPublicNetwork)
    SX1276SetRfTxPower                       0x08005491   Thumb Code   154  sx1276-board.o(i.SX1276SetRfTxPower)
    SX1276SetRx                              0x08005531   Thumb Code   526  sx1276.o(i.SX1276SetRx)
    SX1276SetRxConfig                        0x08005761   Thumb Code   638  sx1276.o(i.SX1276SetRxConfig)
    SX1276SetSleep                           0x080059f9   Thumb Code    32  sx1276.o(i.SX1276SetSleep)
    SX1276SetStby                            0x08005a1d   Thumb Code    32  sx1276.o(i.SX1276SetStby)
    SX1276SetTx                              0x08005a41   Thumb Code   154  sx1276.o(i.SX1276SetTx)
    SX1276SetTxConfig                        0x08005ae1   Thumb Code   486  sx1276.o(i.SX1276SetTxConfig)
    SX1276SetTxContinuousWave                0x08005cd5   Thumb Code   136  sx1276.o(i.SX1276SetTxContinuousWave)
    SX1276StartCad                           0x08005d65   Thumb Code    50  sx1276.o(i.SX1276StartCad)
    SX1276Write                              0x08005d9d   Thumb Code    12  sx1276.o(i.SX1276Write)
    SX1276WriteBuffer                        0x08005da9   Thumb Code    64  sx1276.o(i.SX1276WriteBuffer)
    SX1276WriteFifo                          0x08005ded   Thumb Code    14  sx1276.o(i.SX1276WriteFifo)
    Send                                     0x08005f19   Thumb Code    54  loramac.o(i.Send)
    SendFrameOnChannel                       0x08005fbd   Thumb Code   194  loramac.o(i.SendFrameOnChannel)
    SetTxContinuousWave                      0x08006259   Thumb Code    92  loramac.o(i.SetTxContinuousWave)
    SetTxContinuousWave1                     0x080062c9   Thumb Code    48  loramac.o(i.SetTxContinuousWave1)
    SpiDeInit                                0x08006305   Thumb Code    96  spi-board.o(i.SpiDeInit)
    SpiFormat                                0x08006365   Thumb Code    52  spi-board.o(i.SpiFormat)
    SpiFrequency                             0x08006399   Thumb Code    46  spi-board.o(i.SpiFrequency)
    SpiInOut                                 0x080063cd   Thumb Code    56  spi-board.o(i.SpiInOut)
    SpiInit                                  0x08006405   Thumb Code   230  spi-board.o(i.SpiInit)
    SysTick_Handler                          0x080064fd   Thumb Code    12  board.o(i.SysTick_Handler)
    SystemInit                               0x080065c9   Thumb Code    78  system_stm32f0xx_1.o(i.SystemInit)
    TimerGetCurrentTime                      0x08006625   Thumb Code     8  timer.o(i.TimerGetCurrentTime)
    TimerGetElapsedTime                      0x0800662d   Thumb Code     8  timer.o(i.TimerGetElapsedTime)
    TimerInit                                0x08006635   Thumb Code    14  timer.o(i.TimerInit)
    TimerLowPowerHandler                     0x080066c5   Thumb Code    48  timer.o(i.TimerLowPowerHandler)
    TimerSetValue                            0x08006715   Thumb Code    16  timer.o(i.TimerSetValue)
    TimerStart                               0x08006725   Thumb Code    92  timer.o(i.TimerStart)
    TimerStop                                0x08006785   Thumb Code   140  timer.o(i.TimerStop)
    UART_EndTransmit_IT                      0x08006847   Thumb Code    26  stm32f0xx_hal_uart.o(i.UART_EndTransmit_IT)
    UART_Receive_IT                          0x08006861   Thumb Code   122  stm32f0xx_hal_uart.o(i.UART_Receive_IT)
    UART_Transmit_IT                         0x080068db   Thumb Code   102  stm32f0xx_hal_uart.o(i.UART_Transmit_IT)
    USART1_IRQHandler                        0x08006941   Thumb Code    10  uart-board.o(i.USART1_IRQHandler)
    UartMcuPutChar                           0x08006951   Thumb Code    64  uart-board.o(i.UartMcuPutChar)
    UartPutBuffer                            0x08006999   Thumb Code    58  uart.o(i.UartPutBuffer)
    UartPutChar                              0x080069d3   Thumb Code    18  uart.o(i.UartPutChar)
    __0sprintf                               0x08006a85   Thumb Code    36  printfa.o(i.__0sprintf)
    __1sprintf                               0x08006a85   Thumb Code     0  printfa.o(i.__0sprintf)
    __2sprintf                               0x08006a85   Thumb Code     0  printfa.o(i.__0sprintf)
    __c89sprintf                             0x08006a85   Thumb Code     0  printfa.o(i.__0sprintf)
    sprintf                                  0x08006a85   Thumb Code     0  printfa.o(i.__0sprintf)
    __ARM_clz                                0x08006aad   Thumb Code    46  depilogue.o(i.__ARM_clz)
    __ARM_common_switch8                     0x08006adb   Thumb Code    26  main.o(i.__ARM_common_switch8)
    __scatterload_copy                       0x08006af5   Thumb Code    14  handlers.o(i.__scatterload_copy)
    __scatterload_null                       0x08006b03   Thumb Code     2  handlers.o(i.__scatterload_null)
    __scatterload_zeroinit                   0x08006b05   Thumb Code    14  handlers.o(i.__scatterload_zeroinit)
    aes_encrypt                              0x080073cb   Thumb Code    84  aes.o(i.aes_encrypt)
    aes_set_key                              0x08007421   Thumb Code   248  aes.o(i.aes_set_key)
    ceil                                     0x0800751d   Thumb Code   180  ceil.o(i.ceil)
    floor                                    0x080076ad   Thumb Code   180  floor.o(i.floor)
    main                                     0x08007775   Thumb Code   282  main.o(i.main)
    memcpy1                                  0x080078f9   Thumb Code    22  utilities.o(i.memcpy1)
    memcpyr                                  0x0800790f   Thumb Code    26  utilities.o(i.memcpyr)
    memset1                                  0x08007929   Thumb Code    18  utilities.o(i.memset1)
    rand1                                    0x08007b55   Thumb Code    26  utilities.o(i.rand1)
    randr                                    0x08007b81   Thumb Code    22  utilities.o(i.randr)
    round                                    0x08007b99   Thumb Code   142  round.o(i.round)
    srand1                                   0x08007c9d   Thumb Code     6  utilities.o(i.srand1)
    Datarates                                0x0800802c   Data           6  loramac.o(.constdata)
    MaxPayloadOfDatarate                     0x08008032   Data           6  loramac.o(.constdata)
    MaxPayloadOfDatarateRepeater             0x08008038   Data           6  loramac.o(.constdata)
    TxPowers                                 0x0800803e   Data           8  loramac.o(.constdata)
    Bandwidths                               0x08008050   Data          24  loramac.o(.constdata)
    RadioRegsInit                            0x08008068   Data          48  sx1276.o(.constdata)
    FskBandwidths                            0x08008098   Data         176  sx1276.o(.constdata)
    Radio                                    0x08008148   Data          92  sx1276-board.o(.constdata)
    AHBPrescTable                            0x080081bc   Data          16  system_stm32f0xx_1.o(.constdata)
    Region$$Table$$Base                      0x080081cc   Number         0  anon$$obj.o(Region$$Table)
    Region$$Table$$Limit                     0x080081ec   Number         0  anon$$obj.o(Region$$Table)
    LoRaMacFlags                             0x20000043   Data           1  loramac.o(.data)
    LoRaMacState                             0x20000060   Data           4  loramac.o(.data)
    TxTimeOnAir                              0x20000064   Data           4  loramac.o(.data)
    HasLoopedThroughMain                     0x200000c0   Data           1  timer.o(.data)
    uwTick                                   0x200000cc   Data           4  stm32f0xx_hal.o(.data)
    DioIrq                                   0x200000d4   Data          24  sx1276.o(.data)
    NonScheduledWakeUp                       0x200000f5   Data           1  rtc-board.o(.data)
    McuWakeUpTime                            0x200000fc   Data           4  rtc-board.o(.data)
    RxData                                   0x20000104   Data           1  uart-board.o(.data)
    TxData                                   0x20000105   Data           1  uart-board.o(.data)
    SystemCoreClock                          0x20000108   Data           4  system_stm32f0xx_1.o(.data)
    ComplianceTest                           0x20000160   Data          20  main.o(.bss)
    hiwdg                                    0x20000188   Data          16  main.o(.bss)
    LoRaMacParams                            0x200005d4   Data          56  loramac.o(.bss)
    LoRaMacParamsDefaults                    0x2000060c   Data          56  loramac.o(.bss)
    SX1276                                   0x20000a40   Data         332  sx1276.o(.bss)
    TxTimeoutTimer                           0x20000b8c   Data          20  sx1276.o(.bss)
    RxTimeoutTimer                           0x20000ba0   Data          20  sx1276.o(.bss)
    RxTimeoutSyncWord                        0x20000bb4   Data          20  sx1276.o(.bss)
    rftrx1                                   0x20000bc8   Data          12  board.o(.bss)
    rftrx2                                   0x20000bd4   Data          12  board.o(.bss)
    Uart1                                    0x20000be0   Data          56  board.o(.bss)
    RtcHandle                                0x20000c6c   Data          32  rtc-board.o(.bss)
    RtcCalendarContext                       0x20000c8c   Data          28  rtc-board.o(.bss)
    UartHandle                               0x20000ca8   Data         112  uart-board.o(.bss)
    __initial_sp                             0x20001118   Data           0  startup_stm32f030x8.o(STACK)



==============================================================================

Memory Map of the image

  Image Entry point : 0x080000b5

  Load Region LR_IROM1 (Base: 0x08000000, Size: 0x000082f8, Max: 0x00010000, ABSOLUTE)

    Execution Region ER_IROM1 (Exec base: 0x08000000, Load base: 0x08000000, Size: 0x000081ec, Max: 0x00010000, ABSOLUTE)

    Exec Addr    Load Addr    Size         Type   Attr      Idx    E Section Name        Object

    0x08000000   0x08000000   0x000000b4   Data   RO         4184    RESET               startup_stm32f030x8.o
    0x080000b4   0x080000b4   0x00000000   Code   RO         4199  * .ARM.Collect$$$$00000000  mc_p.l(entry.o)
    0x080000b4   0x080000b4   0x00000004   Code   RO         4503    .ARM.Collect$$$$00000001  mc_p.l(entry2.o)
    0x080000b8   0x080000b8   0x00000004   Code   RO         4506    .ARM.Collect$$$$00000004  mc_p.l(entry5.o)
    0x080000bc   0x080000bc   0x00000000   Code   RO         4508    .ARM.Collect$$$$00000008  mc_p.l(entry7b.o)
    0x080000bc   0x080000bc   0x00000000   Code   RO         4510    .ARM.Collect$$$$0000000A  mc_p.l(entry8b.o)
    0x080000bc   0x080000bc   0x00000008   Code   RO         4511    .ARM.Collect$$$$0000000B  mc_p.l(entry9a.o)
    0x080000c4   0x080000c4   0x00000000   Code   RO         4513    .ARM.Collect$$$$0000000D  mc_p.l(entry10a.o)
    0x080000c4   0x080000c4   0x00000000   Code   RO         4515    .ARM.Collect$$$$0000000F  mc_p.l(entry11a.o)
    0x080000c4   0x080000c4   0x00000004   Code   RO         4504    .ARM.Collect$$$$00002712  mc_p.l(entry2.o)
    0x080000c8   0x080000c8   0x0000001c   Code   RO         4185    .text               startup_stm32f030x8.o
    0x080000e4   0x080000e4   0x0000002c   Code   RO         4202    .text               mc_p.l(uidiv.o)
    0x08000110   0x08000110   0x00000028   Code   RO         4204    .text               mc_p.l(idiv.o)
    0x08000138   0x08000138   0x00000022   Code   RO         4206    .text               mc_p.l(llushr.o)
    0x0800015a   0x0800015a   0x00000024   Code   RO         4208    .text               mc_p.l(memcpya.o)
    0x0800017e   0x0800017e   0x00000024   Code   RO         4210    .text               mc_p.l(memseta.o)
    0x080001a2   0x080001a2   0x0000000e   Code   RO         4212    .text               mc_p.l(strlen.o)
    0x080001b0   0x080001b0   0x00000014   Code   RO         4477    .text               mc_p.l(uread4.o)
    0x080001c4   0x080001c4   0x00000164   Code   RO         4481    .text               mf_p.l(dadd.o)
    0x08000328   0x08000328   0x000000d0   Code   RO         4483    .text               mf_p.l(dmul.o)
    0x080003f8   0x080003f8   0x000000f0   Code   RO         4485    .text               mf_p.l(ddiv.o)
    0x080004e8   0x080004e8   0x0000002c   Code   RO         4487    .text               mf_p.l(dscalb.o)
    0x08000514   0x08000514   0x00000028   Code   RO         4489    .text               mf_p.l(dflti.o)
    0x0800053c   0x0800053c   0x0000001c   Code   RO         4491    .text               mf_p.l(dfltui.o)
    0x08000558   0x08000558   0x00000048   Code   RO         4495    .text               mf_p.l(dfixi.o)
    0x080005a0   0x080005a0   0x0000003c   Code   RO         4497    .text               mf_p.l(dfixui.o)
    0x080005dc   0x080005dc   0x00000028   Code   RO         4499    .text               mf_p.l(cdcmple.o)
    0x08000604   0x08000604   0x00000028   Code   RO         4501    .text               mf_p.l(cdrcmple.o)
    0x0800062c   0x0800062c   0x00000060   Code   RO         4520    .text               mc_p.l(uldiv.o)
    0x0800068c   0x0800068c   0x00000020   Code   RO         4522    .text               mc_p.l(llshl.o)
    0x080006ac   0x080006ac   0x00000026   Code   RO         4524    .text               mc_p.l(llsshr.o)
    0x080006d2   0x080006d2   0x00000000   Code   RO         4526    .text               mc_p.l(iusefp.o)
    0x080006d2   0x080006d2   0x000000be   Code   RO         4527    .text               mf_p.l(depilogue.o)
    0x08000790   0x08000790   0x0000007c   Code   RO         4531    .text               mf_p.l(drnd.o)
    0x0800080c   0x0800080c   0x00000040   Code   RO         4533    .text               mf_p.l(dfixul.o)
    0x0800084c   0x0800084c   0x00000024   Code   RO         4535    .text               mc_p.l(init.o)
    0x08000870   0x08000870   0x0000013c   Code   RO          300    i.AES_CMAC_Final    cmac.o
    0x080009ac   0x080009ac   0x00000020   Code   RO          301    i.AES_CMAC_Init     cmac.o
    0x080009cc   0x080009cc   0x00000010   Code   RO          302    i.AES_CMAC_SetKey   cmac.o
    0x080009dc   0x080009dc   0x000000be   Code   RO          303    i.AES_CMAC_Update   cmac.o
    0x08000a9a   0x08000a9a   0x00000002   PAD
    0x08000a9c   0x08000a9c   0x00000088   Code   RO          471    i.AddMacCommand     loramac.o
    0x08000b24   0x08000b24   0x00000060   Code   RO          472    i.AdrNextDr         loramac.o
    0x08000b84   0x08000b84   0x0000003e   Code   RO          473    i.AlternateDatarate  loramac.o
    0x08000bc2   0x08000bc2   0x00000002   PAD
    0x08000bc4   0x08000bc4   0x00000058   Code   RO         3646    i.BoardDeInitMcu    board.o
    0x08000c1c   0x08000c1c   0x00000010   Code   RO         3647    i.BoardDisableIrq   board.o
    0x08000c2c   0x08000c2c   0x00000018   Code   RO         3648    i.BoardEnableIrq    board.o
    0x08000c44   0x08000c44   0x00000010   Code   RO         3649    i.BoardGetBatteryLevel  board.o
    0x08000c54   0x08000c54   0x00000078   Code   RO         3653    i.BoardInitMcu      board.o
    0x08000ccc   0x08000ccc   0x00000002   Code   RO         3654    i.BoardInitPeriph   board.o
    0x08000cce   0x08000cce   0x000001ba   Code   RO         3655    i.BoardUnusedIoInit  board.o
    0x08000e88   0x08000e88   0x0000008c   Code   RO          474    i.CalculateBackOff  loramac.o
    0x08000f14   0x08000f14   0x0000012c   Code   RO          475    i.ComputeRxWindowParameters  loramac.o
    0x08001040   0x08001040   0x00000022   Code   RO          476    i.CountBits         loramac.o
    0x08001062   0x08001062   0x00000008   Code   RO          336    i.DelayMs           delay.o
    0x0800106a   0x0800106a   0x00000010   Code   RO          371    i.FifoNext          fifo.o
    0x0800107a   0x0800107a   0x0000001c   Code   RO          372    i.FifoPop           fifo.o
    0x08001096   0x08001096   0x00000014   Code   RO          373    i.FifoPush          fifo.o
    0x080010aa   0x080010aa   0x00000004   Code   RO         3656    i.GetBoardPowerSource  board.o
    0x080010ae   0x080010ae   0x00000002   PAD
    0x080010b0   0x080010b0   0x0000002c   Code   RO         3329    i.GetFskBandwidthRegValue  sx1276.o
    0x080010dc   0x080010dc   0x00000016   Code   RO          418    i.GpioInit          gpio.o
    0x080010f2   0x080010f2   0x00000002   PAD
    0x080010f4   0x080010f4   0x000000c8   Code   RO         3782    i.GpioMcuInit       gpio-board.o
    0x080011bc   0x080011bc   0x000000f4   Code   RO         3785    i.GpioMcuSetInterrupt  gpio-board.o
    0x080012b0   0x080012b0   0x00000016   Code   RO         3787    i.GpioMcuWrite      gpio-board.o
    0x080012c6   0x080012c6   0x00000012   Code   RO          421    i.GpioSetInterrupt  gpio.o
    0x080012d8   0x080012d8   0x00000012   Code   RO          423    i.GpioWrite         gpio.o
    0x080012ea   0x080012ea   0x00000048   Code   RO         2836    i.HAL_DMA_Abort_IT  stm32f0xx_hal_dma.o
    0x08001332   0x08001332   0x0000001c   Code   RO         2177    i.HAL_Delay         stm32f0xx_hal.o
    0x0800134e   0x0800134e   0x00000002   PAD
    0x08001350   0x08001350   0x00000148   Code   RO         2774    i.HAL_GPIO_Init     stm32f0xx_hal_gpio.o
    0x08001498   0x08001498   0x0000000c   Code   RO         2778    i.HAL_GPIO_WritePin  stm32f0xx_hal_gpio.o
    0x080014a4   0x080014a4   0x0000000c   Code   RO         2181    i.HAL_GetTick       stm32f0xx_hal.o
    0x080014b0   0x080014b0   0x00000010   Code   RO         3304    i.HAL_IWDG_Refresh  stm32f0xx_hal_iwdg.o
    0x080014c0   0x080014c0   0x00000010   Code   RO         2185    i.HAL_IncTick       stm32f0xx_hal.o
    0x080014d0   0x080014d0   0x00000020   Code   RO         2186    i.HAL_Init          stm32f0xx_hal.o
    0x080014f0   0x080014f0   0x00000022   Code   RO         2187    i.HAL_InitTick      stm32f0xx_hal.o
    0x08001512   0x08001512   0x00000002   Code   RO         2189    i.HAL_MspInit       stm32f0xx_hal.o
    0x08001514   0x08001514   0x00000014   Code   RO         2931    i.HAL_NVIC_EnableIRQ  stm32f0xx_hal_cortex.o
    0x08001528   0x08001528   0x00000008   Code   RO         2935    i.HAL_NVIC_SetPriority  stm32f0xx_hal_cortex.o
    0x08001530   0x08001530   0x00000034   Code   RO         3034    i.HAL_PWR_EnterSTOPMode  stm32f0xx_hal_pwr.o
    0x08001564   0x08001564   0x000000e8   Code   RO         2142    i.HAL_RCCEx_PeriphCLKConfig  stm32f0xx_hal_rcc_ex.o
    0x0800164c   0x0800164c   0x0000012c   Code   RO         2049    i.HAL_RCC_ClockConfig  stm32f0xx_hal_rcc.o
    0x08001778   0x08001778   0x0000000c   Code   RO         2054    i.HAL_RCC_GetHCLKFreq  stm32f0xx_hal_rcc.o
    0x08001784   0x08001784   0x00000078   Code   RO         2057    i.HAL_RCC_GetSysClockFreq  stm32f0xx_hal_rcc.o
    0x080017fc   0x080017fc   0x00000354   Code   RO         2060    i.HAL_RCC_OscConfig  stm32f0xx_hal_rcc.o
    0x08001b50   0x08001b50   0x00000072   Code   RO         1038    i.HAL_RTC_DeactivateAlarm  stm32f0xx_hal_rtc.o
    0x08001bc2   0x08001bc2   0x00000044   Code   RO         1040    i.HAL_RTC_GetDate   stm32f0xx_hal_rtc.o
    0x08001c06   0x08001c06   0x00000002   PAD
    0x08001c08   0x08001c08   0x0000005c   Code   RO         1042    i.HAL_RTC_GetTime   stm32f0xx_hal_rtc.o
    0x08001c64   0x08001c64   0x000000b4   Code   RO         1043    i.HAL_RTC_Init      stm32f0xx_hal_rtc.o
    0x08001d18   0x08001d18   0x00000002   Code   RO         1045    i.HAL_RTC_MspInit   stm32f0xx_hal_rtc.o
    0x08001d1a   0x08001d1a   0x00000002   PAD
    0x08001d1c   0x08001d1c   0x0000012c   Code   RO         1048    i.HAL_RTC_SetAlarm_IT  stm32f0xx_hal_rtc.o
    0x08001e48   0x08001e48   0x000000c8   Code   RO         1049    i.HAL_RTC_SetDate   stm32f0xx_hal_rtc.o
    0x08001f10   0x08001f10   0x000000e4   Code   RO         1050    i.HAL_RTC_SetTime   stm32f0xx_hal_rtc.o
    0x08001ff4   0x08001ff4   0x00000034   Code   RO         1051    i.HAL_RTC_WaitForSynchro  stm32f0xx_hal_rtc.o
    0x08002028   0x08002028   0x00000030   Code   RO         1320    i.HAL_SPI_DeInit    stm32f0xx_hal_spi.o
    0x08002058   0x08002058   0x000000b6   Code   RO         1325    i.HAL_SPI_Init      stm32f0xx_hal_spi.o
    0x0800210e   0x0800210e   0x00000002   Code   RO         1326    i.HAL_SPI_MspDeInit  stm32f0xx_hal_spi.o
    0x08002110   0x08002110   0x00000002   Code   RO         1327    i.HAL_SPI_MspInit   stm32f0xx_hal_spi.o
    0x08002112   0x08002112   0x00000002   Code   RO         2938    i.HAL_SYSTICK_Callback  stm32f0xx_hal_cortex.o
    0x08002114   0x08002114   0x00000030   Code   RO         2939    i.HAL_SYSTICK_Config  stm32f0xx_hal_cortex.o
    0x08002144   0x08002144   0x00000008   Code   RO         2940    i.HAL_SYSTICK_IRQHandler  stm32f0xx_hal_cortex.o
    0x0800214c   0x0800214c   0x00000018   Code   RO         4034    i.HAL_UART_ErrorCallback  uart-board.o
    0x08002164   0x08002164   0x00000114   Code   RO         1708    i.HAL_UART_IRQHandler  stm32f0xx_hal_uart.o
    0x08002278   0x08002278   0x00000088   Code   RO         1714    i.HAL_UART_Receive_IT  stm32f0xx_hal_uart.o
    0x08002300   0x08002300   0x00000040   Code   RO         4035    i.HAL_UART_RxCpltCallback  uart-board.o
    0x08002340   0x08002340   0x00000058   Code   RO         1719    i.HAL_UART_Transmit_IT  stm32f0xx_hal_uart.o
    0x08002398   0x08002398   0x00000040   Code   RO         4036    i.HAL_UART_TxCpltCallback  uart-board.o
    0x080023d8   0x080023d8   0x00000002   Code   RO         4106    i.HardFault_Handler  stm32f0xx_it.o
    0x080023da   0x080023da   0x0000005e   Code   RO         3657    i.HexToString       board.o
    0x08002438   0x08002438   0x00000010   Code   RO          374    i.IsFifoEmpty       fifo.o
    0x08002448   0x08002448   0x00000018   Code   RO          375    i.IsFifoFull        fifo.o
    0x08002460   0x08002460   0x00000008   Code   RO          477    i.LimitTxPower      loramac.o
    0x08002468   0x08002468   0x0000007c   Code   RO          743    i.LoRaMacComputeMic  loramaccrypto.o
    0x080024e4   0x080024e4   0x000001c0   Code   RO          480    i.LoRaMacInitialization  loramac.o
    0x080026a4   0x080026a4   0x00000048   Code   RO          744    i.LoRaMacJoinComputeMic  loramaccrypto.o
    0x080026ec   0x080026ec   0x00000088   Code   RO          745    i.LoRaMacJoinComputeSKeys  loramaccrypto.o
    0x08002774   0x08002774   0x00000040   Code   RO          746    i.LoRaMacJoinDecrypt  loramaccrypto.o
    0x080027b4   0x080027b4   0x000000e8   Code   RO          481    i.LoRaMacMcpsRequest  loramac.o
    0x0800289c   0x0800289c   0x000000f8   Code   RO          482    i.LoRaMacMibGetRequestConfirm  loramac.o
    0x08002994   0x08002994   0x000001ac   Code   RO          483    i.LoRaMacMibSetRequestConfirm  loramac.o
    0x08002b40   0x08002b40   0x00000100   Code   RO          484    i.LoRaMacMlmeRequest  loramac.o
    0x08002c40   0x08002c40   0x00000010   Code   RO          747    i.LoRaMacPayloadDecrypt  loramaccrypto.o
    0x08002c50   0x08002c50   0x000000c0   Code   RO          748    i.LoRaMacPayloadEncrypt  loramaccrypto.o
    0x08002d10   0x08002d10   0x00000084   Code   RO          487    i.LoRaMacQueryTxPossible  loramac.o
    0x08002d94   0x08002d94   0x0000000c   Code   RO            3    i.McpsConfirm       main.o
    0x08002da0   0x08002da0   0x00000264   Code   RO            4    i.McpsIndication    main.o
    0x08003004   0x08003004   0x00000064   Code   RO            5    i.MlmeConfirm       main.o
    0x08003068   0x08003068   0x00000002   Code   RO         4107    i.NMI_Handler       stm32f0xx_it.o
    0x0800306a   0x0800306a   0x00000002   PAD
    0x0800306c   0x0800306c   0x00000044   Code   RO         2941    i.NVIC_SetPriority  stm32f0xx_hal_cortex.o
    0x080030b0   0x080030b0   0x00000038   Code   RO          492    i.OnAckTimeoutTimerEvent  loramac.o
    0x080030e8   0x080030e8   0x0000000c   Code   RO         3658    i.OnCalibrateSystemWakeupTimeTimerEvent  board.o
    0x080030f4   0x080030f4   0x00000224   Code   RO          493    i.OnMacStateCheckTimerEvent  loramac.o
    0x08003318   0x08003318   0x000004cc   Code   RO          494    i.OnRadioRxDone     loramac.o
    0x080037e4   0x080037e4   0x00000060   Code   RO          495    i.OnRadioRxError    loramac.o
    0x08003844   0x08003844   0x00000048   Code   RO          496    i.OnRadioRxTimeout  loramac.o
    0x0800388c   0x0800388c   0x000000e0   Code   RO          497    i.OnRadioTxDone     loramac.o
    0x0800396c   0x0800396c   0x0000003c   Code   RO          498    i.OnRadioTxTimeout  loramac.o
    0x080039a8   0x080039a8   0x00000054   Code   RO          499    i.OnRxWindow1TimerEvent  loramac.o
    0x080039fc   0x080039fc   0x00000040   Code   RO          500    i.OnRxWindow2TimerEvent  loramac.o
    0x08003a3c   0x08003a3c   0x00000068   Code   RO          501    i.OnTxDelayedTimerEvent  loramac.o
    0x08003aa4   0x08003aa4   0x00000034   Code   RO            6    i.OnTxNextPacketTimerEvent  main.o
    0x08003ad8   0x08003ad8   0x00000028   Code   RO            7    i.OniWDG_FEEDevent  main.o
    0x08003b00   0x08003b00   0x00000052   Code   RO          502    i.ParseMacCommandsToRepeat  loramac.o
    0x08003b52   0x08003b52   0x00000002   Code   RO         4108    i.PendSV_Handler    stm32f0xx_it.o
    0x08003b54   0x08003b54   0x00000234   Code   RO          503    i.PrepareFrame      loramac.o
    0x08003d88   0x08003d88   0x0000003c   Code   RO          504    i.PrepareRxDoneAbort  loramac.o
    0x08003dc4   0x08003dc4   0x00000080   Code   RO            8    i.PrepareTxFrame    main.o
    0x08003e44   0x08003e44   0x00000314   Code   RO          505    i.ProcessMacCommands  loramac.o
    0x08004158   0x08004158   0x00000010   Code   RO         1052    i.RTC_Bcd2ToByte    stm32f0xx_hal_rtc.o
    0x08004168   0x08004168   0x00000016   Code   RO         1053    i.RTC_ByteToBcd2    stm32f0xx_hal_rtc.o
    0x0800417e   0x0800417e   0x00000038   Code   RO         1054    i.RTC_EnterInitMode  stm32f0xx_hal_rtc.o
    0x080041b6   0x080041b6   0x00000002   PAD
    0x080041b8   0x080041b8   0x00000074   Code   RO          506    i.ResetMacParameters  loramac.o
    0x0800422c   0x0800422c   0x0000001e   Code   RO         3877    i.RtcComputeElapsedTime  rtc-board.o
    0x0800424a   0x0800424a   0x00000002   PAD
    0x0800424c   0x0800424c   0x000001c8   Code   RO         3879    i.RtcComputeTimerTimeToAlarmTick  rtc-board.o
    0x08004414   0x08004414   0x00000110   Code   RO         3881    i.RtcConvertCalendarTickToTimerTime  rtc-board.o
    0x08004524   0x08004524   0x0000002c   Code   RO         3883    i.RtcEnterLowPowerStopMode  rtc-board.o
    0x08004550   0x08004550   0x00000034   Code   RO         3884    i.RtcGetAdjustedTimeoutValue  rtc-board.o
    0x08004584   0x08004584   0x0000005c   Code   RO         3885    i.RtcGetCalendar    rtc-board.o
    0x080045e0   0x080045e0   0x00000024   Code   RO         3886    i.RtcGetElapsedAlarmTime  rtc-board.o
    0x08004604   0x08004604   0x0000000a   Code   RO         3887    i.RtcGetTimerValue  rtc-board.o
    0x0800460e   0x0800460e   0x00000002   PAD
    0x08004610   0x08004610   0x000000b0   Code   RO         3888    i.RtcInit           rtc-board.o
    0x080046c0   0x080046c0   0x00000008   Code   RO         3890    i.RtcSetTimeout     rtc-board.o
    0x080046c8   0x080046c8   0x0000008c   Code   RO         3891    i.RtcStartWakeUpAlarm  rtc-board.o
    0x08004754   0x08004754   0x00000094   Code   RO         3330    i.RxChainCalibration  sx1276.o
    0x080047e8   0x080047e8   0x00000098   Code   RO          507    i.RxWindowSetup     loramac.o
    0x08004880   0x08004880   0x00000002   Code   RO         4109    i.SVC_Handler       stm32f0xx_it.o
    0x08004882   0x08004882   0x00000004   Code   RO         3561    i.SX1276CheckRfFrequency  sx1276-board.o
    0x08004886   0x08004886   0x00000002   PAD
    0x08004888   0x08004888   0x00000014   Code   RO         3562    i.SX1276GetPaSelect  sx1276-board.o
    0x0800489c   0x0800489c   0x0000000c   Code   RO         3331    i.SX1276GetStatus   sx1276.o
    0x080048a8   0x080048a8   0x000001dc   Code   RO         3332    i.SX1276GetTimeOnAir  sx1276.o
    0x08004a84   0x08004a84   0x00000078   Code   RO         3333    i.SX1276Init        sx1276.o
    0x08004afc   0x08004afc   0x00000040   Code   RO         3563    i.SX1276IoDeInit    sx1276-board.o
    0x08004b3c   0x08004b3c   0x00000040   Code   RO         3564    i.SX1276IoInit      sx1276-board.o
    0x08004b7c   0x08004b7c   0x00000024   Code   RO         3565    i.SX1276IoIrqInit   sx1276-board.o
    0x08004ba0   0x08004ba0   0x00000036   Code   RO         3334    i.SX1276IsChannelFree  sx1276.o
    0x08004bd6   0x08004bd6   0x00000002   PAD
    0x08004bd8   0x08004bd8   0x00000258   Code   RO         3335    i.SX1276OnDio0Irq   sx1276.o
    0x08004e30   0x08004e30   0x000000e4   Code   RO         3336    i.SX1276OnDio1Irq   sx1276.o
    0x08004f14   0x08004f14   0x000000c0   Code   RO         3337    i.SX1276OnDio2Irq   sx1276.o
    0x08004fd4   0x08004fd4   0x00000054   Code   RO         3338    i.SX1276OnDio3Irq   sx1276.o
    0x08005028   0x08005028   0x0000001c   Code   RO         3339    i.SX1276OnDio4Irq   sx1276.o
    0x08005044   0x08005044   0x000000c8   Code   RO         3341    i.SX1276OnTimeoutIrq  sx1276.o
    0x0800510c   0x0800510c   0x0000003e   Code   RO         3342    i.SX1276Random      sx1276.o
    0x0800514a   0x0800514a   0x00000010   Code   RO         3343    i.SX1276Read        sx1276.o
    0x0800515a   0x0800515a   0x00000002   PAD
    0x0800515c   0x0800515c   0x00000044   Code   RO         3344    i.SX1276ReadBuffer  sx1276.o
    0x080051a0   0x080051a0   0x0000000e   Code   RO         3345    i.SX1276ReadFifo    sx1276.o
    0x080051ae   0x080051ae   0x00000002   PAD
    0x080051b0   0x080051b0   0x00000044   Code   RO         3346    i.SX1276ReadRssi    sx1276.o
    0x080051f4   0x080051f4   0x00000038   Code   RO         3347    i.SX1276Reset       sx1276.o
    0x0800522c   0x0800522c   0x000000f4   Code   RO         3348    i.SX1276Send        sx1276.o
    0x08005320   0x08005320   0x0000002c   Code   RO         3566    i.SX1276SetAntSw    sx1276-board.o
    0x0800534c   0x0800534c   0x00000010   Code   RO         3567    i.SX1276SetAntSwLowPower  sx1276-board.o
    0x0800535c   0x0800535c   0x00000040   Code   RO         3349    i.SX1276SetChannel  sx1276.o
    0x0800539c   0x0800539c   0x00000030   Code   RO         3350    i.SX1276SetMaxPayloadLength  sx1276.o
    0x080053cc   0x080053cc   0x00000070   Code   RO         3351    i.SX1276SetModem    sx1276.o
    0x0800543c   0x0800543c   0x0000002e   Code   RO         3352    i.SX1276SetOpMode   sx1276.o
    0x0800546a   0x0800546a   0x00000002   PAD
    0x0800546c   0x0800546c   0x00000024   Code   RO         3353    i.SX1276SetPublicNetwork  sx1276.o
    0x08005490   0x08005490   0x000000a0   Code   RO         3568    i.SX1276SetRfTxPower  sx1276-board.o
    0x08005530   0x08005530   0x00000230   Code   RO         3354    i.SX1276SetRx       sx1276.o
    0x08005760   0x08005760   0x00000298   Code   RO         3355    i.SX1276SetRxConfig  sx1276.o
    0x080059f8   0x080059f8   0x00000024   Code   RO         3356    i.SX1276SetSleep    sx1276.o
    0x08005a1c   0x08005a1c   0x00000024   Code   RO         3357    i.SX1276SetStby     sx1276.o
    0x08005a40   0x08005a40   0x000000a0   Code   RO         3358    i.SX1276SetTx       sx1276.o
    0x08005ae0   0x08005ae0   0x000001f4   Code   RO         3359    i.SX1276SetTxConfig  sx1276.o
    0x08005cd4   0x08005cd4   0x00000090   Code   RO         3360    i.SX1276SetTxContinuousWave  sx1276.o
    0x08005d64   0x08005d64   0x00000038   Code   RO         3361    i.SX1276StartCad    sx1276.o
    0x08005d9c   0x08005d9c   0x0000000c   Code   RO         3362    i.SX1276Write       sx1276.o
    0x08005da8   0x08005da8   0x00000044   Code   RO         3363    i.SX1276WriteBuffer  sx1276.o
    0x08005dec   0x08005dec   0x0000000e   Code   RO         3364    i.SX1276WriteFifo   sx1276.o
    0x08005dfa   0x08005dfa   0x00000002   PAD
    0x08005dfc   0x08005dfc   0x0000011c   Code   RO          508    i.ScheduleTx        loramac.o
    0x08005f18   0x08005f18   0x00000040   Code   RO          509    i.Send              loramac.o
    0x08005f58   0x08005f58   0x00000064   Code   RO            9    i.SendFrame         main.o
    0x08005fbc   0x08005fbc   0x000000e0   Code   RO          510    i.SendFrameOnChannel  loramac.o
    0x0800609c   0x0800609c   0x000001bc   Code   RO          511    i.SetNextChannel    loramac.o
    0x08006258   0x08006258   0x00000070   Code   RO          512    i.SetTxContinuousWave  loramac.o
    0x080062c8   0x080062c8   0x0000003c   Code   RO          513    i.SetTxContinuousWave1  loramac.o
    0x08006304   0x08006304   0x00000060   Code   RO         3990    i.SpiDeInit         spi-board.o
    0x08006364   0x08006364   0x00000034   Code   RO         3991    i.SpiFormat         spi-board.o
    0x08006398   0x08006398   0x00000034   Code   RO         3992    i.SpiFrequency      spi-board.o
    0x080063cc   0x080063cc   0x00000038   Code   RO         3993    i.SpiInOut          spi-board.o
    0x08006404   0x08006404   0x000000f8   Code   RO         3994    i.SpiInit           spi-board.o
    0x080064fc   0x080064fc   0x0000000c   Code   RO         3659    i.SysTick_Handler   board.o
    0x08006508   0x08006508   0x0000006c   Code   RO         3660    i.SystemClockConfig  board.o
    0x08006574   0x08006574   0x00000054   Code   RO         3661    i.SystemClockReConfig  board.o
    0x080065c8   0x080065c8   0x0000005c   Code   RO         4151    i.SystemInit        system_stm32f0xx_1.o
    0x08006624   0x08006624   0x00000008   Code   RO          804    i.TimerGetCurrentTime  timer.o
    0x0800662c   0x0800662c   0x00000008   Code   RO          805    i.TimerGetElapsedTime  timer.o
    0x08006634   0x08006634   0x0000000e   Code   RO          808    i.TimerInit         timer.o
    0x08006642   0x08006642   0x00000002   PAD
    0x08006644   0x08006644   0x00000028   Code   RO          809    i.TimerInsertNewHeadTimer  timer.o
    0x0800666c   0x0800666c   0x00000058   Code   RO          810    i.TimerInsertTimer  timer.o
    0x080066c4   0x080066c4   0x00000034   Code   RO          812    i.TimerLowPowerHandler  timer.o
    0x080066f8   0x080066f8   0x0000001c   Code   RO          814    i.TimerSetTimeout   timer.o
    0x08006714   0x08006714   0x00000010   Code   RO          815    i.TimerSetValue     timer.o
    0x08006724   0x08006724   0x00000060   Code   RO          816    i.TimerStart        timer.o
    0x08006784   0x08006784   0x00000090   Code   RO          817    i.TimerStop         timer.o
    0x08006814   0x08006814   0x00000014   Code   RO         1724    i.UART_DMAAbortOnError  stm32f0xx_hal_uart.o
    0x08006828   0x08006828   0x0000001e   Code   RO         1734    i.UART_EndRxTransfer  stm32f0xx_hal_uart.o
    0x08006846   0x08006846   0x0000001a   Code   RO         1735    i.UART_EndTransmit_IT  stm32f0xx_hal_uart.o
    0x08006860   0x08006860   0x0000007a   Code   RO         1737    i.UART_Receive_IT   stm32f0xx_hal_uart.o
    0x080068da   0x080068da   0x00000066   Code   RO         1739    i.UART_Transmit_IT  stm32f0xx_hal_uart.o
    0x08006940   0x08006940   0x00000010   Code   RO         4037    i.USART1_IRQHandler  uart-board.o
    0x08006950   0x08006950   0x00000048   Code   RO         4042    i.UartMcuPutChar    uart-board.o
    0x08006998   0x08006998   0x0000003a   Code   RO          908    i.UartPutBuffer     uart.o
    0x080069d2   0x080069d2   0x00000012   Code   RO          909    i.UartPutChar       uart.o
    0x080069e4   0x080069e4   0x00000064   Code   RO          514    i.ValidateDatarate  loramac.o
    0x08006a48   0x08006a48   0x0000002c   Code   RO          515    i.ValidatePayloadLength  loramac.o
    0x08006a74   0x08006a74   0x00000010   Code   RO          516    i.ValueInRange      loramac.o
    0x08006a84   0x08006a84   0x00000028   Code   RO         4451    i.__0sprintf        mc_p.l(printfa.o)
    0x08006aac   0x08006aac   0x0000002e   Code   RO         4529    i.__ARM_clz         mf_p.l(depilogue.o)
    0x08006ada   0x08006ada   0x0000001a   Code   RO           58    i.__ARM_common_switch8  main.o
    0x08006af4   0x08006af4   0x0000000e   Code   RO         4541    i.__scatterload_copy  mc_p.l(handlers.o)
    0x08006b02   0x08006b02   0x00000002   Code   RO         4542    i.__scatterload_null  mc_p.l(handlers.o)
    0x08006b04   0x08006b04   0x0000000e   Code   RO         4543    i.__scatterload_zeroinit  mc_p.l(handlers.o)
    0x08006b12   0x08006b12   0x00000002   PAD
    0x08006b14   0x08006b14   0x00000174   Code   RO         4456    i._fp_digits        mc_p.l(printfa.o)
    0x08006c88   0x08006c88   0x000006ec   Code   RO         4457    i._printf_core      mc_p.l(printfa.o)
    0x08007374   0x08007374   0x00000020   Code   RO         4458    i._printf_post_padding  mc_p.l(printfa.o)
    0x08007394   0x08007394   0x0000002c   Code   RO         4459    i._printf_pre_padding  mc_p.l(printfa.o)
    0x080073c0   0x080073c0   0x0000000a   Code   RO         4461    i._sputc            mc_p.l(printfa.o)
    0x080073ca   0x080073ca   0x00000054   Code   RO          244    i.aes_encrypt       aes.o
    0x0800741e   0x0800741e   0x00000002   PAD
    0x08007420   0x08007420   0x000000fc   Code   RO          245    i.aes_set_key       aes.o
    0x0800751c   0x0800751c   0x000000c8   Code   RO         4190    i.ceil              m_ps.l(ceil.o)
    0x080075e4   0x080075e4   0x00000084   Code   RO          246    i.copy_and_key      aes.o
    0x08007668   0x08007668   0x00000042   Code   RO          247    i.copy_block        aes.o
    0x080076aa   0x080076aa   0x00000002   PAD
    0x080076ac   0x080076ac   0x000000c8   Code   RO         4194    i.floor             m_ps.l(floor.o)
    0x08007774   0x08007774   0x00000184   Code   RO           10    i.main              main.o
    0x080078f8   0x080078f8   0x00000016   Code   RO          971    i.memcpy1           utilities.o
    0x0800790e   0x0800790e   0x0000001a   Code   RO          972    i.memcpyr           utilities.o
    0x08007928   0x08007928   0x00000012   Code   RO          973    i.memset1           utilities.o
    0x0800793a   0x0800793a   0x00000002   PAD
    0x0800793c   0x0800793c   0x00000218   Code   RO          248    i.mix_sub_columns   aes.o
    0x08007b54   0x08007b54   0x0000002c   Code   RO          974    i.rand1             utilities.o
    0x08007b80   0x08007b80   0x00000016   Code   RO          975    i.randr             utilities.o
    0x08007b96   0x08007b96   0x00000002   PAD
    0x08007b98   0x08007b98   0x0000009c   Code   RO         4197    i.round             m_ps.l(round.o)
    0x08007c34   0x08007c34   0x00000068   Code   RO          249    i.shift_sub_rows    aes.o
    0x08007c9c   0x08007c9c   0x0000000c   Code   RO          976    i.srand1            utilities.o
    0x08007ca8   0x08007ca8   0x00000082   Code   RO          250    i.xor_block         aes.o
    0x08007d2a   0x08007d2a   0x00000300   Data   RO          251    .constdata          aes.o
    0x0800802a   0x0800802a   0x00000002   PAD
    0x0800802c   0x0800802c   0x0000003c   Data   RO          518    .constdata          loramac.o
    0x08008068   0x08008068   0x000000e0   Data   RO         3366    .constdata          sx1276.o
    0x08008148   0x08008148   0x0000005c   Data   RO         3569    .constdata          sx1276-board.o
    0x080081a4   0x080081a4   0x00000018   Data   RO         3893    .constdata          rtc-board.o
    0x080081bc   0x080081bc   0x00000010   Data   RO         4152    .constdata          system_stm32f0xx_1.o
    0x080081cc   0x080081cc   0x00000020   Data   RO         4539    Region$$Table       anon$$obj.o


    Execution Region RW_IRAM1 (Exec base: 0x20000000, Load base: 0x080081ec, Size: 0x00001118, Max: 0x00002000, ABSOLUTE)

    Exec Addr    Load Addr    Size         Type   Attr      Idx    E Section Name        Object

    0x20000000   0x080081ec   0x0000002c   Data   RW           12    .data               main.o
    0x2000002c   0x08008218   0x00000074   Data   RW          519    .data               loramac.o
    0x200000a0   0x0800828c   0x00000020   Data   RW          750    .data               loramaccrypto.o
    0x200000c0   0x080082ac   0x00000008   Data   RW          818    .data               timer.o
    0x200000c8   0x080082b4   0x00000004   Data   RW          977    .data               utilities.o
    0x200000cc   0x080082b8   0x00000004   Data   RW         2192    .data               stm32f0xx_hal.o
    0x200000d0   0x080082bc   0x0000001c   Data   RW         3367    .data               sx1276.o
    0x200000ec   0x080082d8   0x00000001   Data   RW         3570    .data               sx1276-board.o
    0x200000ed   0x080082d9   0x00000001   PAD
    0x200000ee   0x080082da   0x00000006   Data   RW         3669    .data               board.o
    0x200000f4   0x080082e0   0x00000010   Data   RW         3894    .data               rtc-board.o
    0x20000104   0x080082f0   0x00000002   Data   RW         4044    .data               uart-board.o
    0x20000106   0x080082f2   0x00000002   PAD
    0x20000108   0x080082f4   0x00000004   Data   RW         4154    .data               system_stm32f0xx_1.o
    0x2000010c        -       0x0000008c   Zero   RW           11    .bss                main.o
    0x20000198        -       0x0000057c   Zero   RW          517    .bss                loramac.o
    0x20000714        -       0x0000022c   Zero   RW          749    .bss                loramaccrypto.o
    0x20000940        -       0x00000288   Zero   RW         3365    .bss                sx1276.o
    0x20000bc8        -       0x0000000c   Zero   RW         3663    .bss                board.o
    0x20000bd4        -       0x0000000c   Zero   RW         3664    .bss                board.o
    0x20000be0        -       0x0000004c   Zero   RW         3666    .bss                board.o
    0x20000c2c        -       0x00000040   Zero   RW         3789    .bss                gpio-board.o
    0x20000c6c        -       0x0000003c   Zero   RW         3892    .bss                rtc-board.o
    0x20000ca8        -       0x00000070   Zero   RW         4043    .bss                uart-board.o
    0x20000d18        -       0x00000400   Zero   RW         4182    STACK               startup_stm32f030x8.o


==============================================================================

Image component sizes


      Code (inc. data)   RO Data    RW Data    ZI Data      Debug   Object Name

      1304         12        768          0          0      13516   aes.o
      1022         52          0          6        100       7952   board.o
       554          0          0          0          0       4049   cmac.o
         8          0          0          0          0        722   delay.o
       104          0          0          0          0       2832   fifo.o
       466         34          0          0         64       3151   gpio-board.o
        58          0          0          0          0       2006   gpio.o
      8166        686         60        116       1404      35591   loramac.o
       604         42          0         32        556       5379   loramaccrypto.o
      1458        312          0         44        140     275598   main.o
      1316        116         24         16         60       9314   rtc-board.o
       504         24          0          0          0       3748   spi-board.o
        28          8        180          0       1024        620   startup_stm32f030x8.o
       124         18          0          4          0       4065   stm32f0xx_hal.o
       154         24          0          0          0       9929   stm32f0xx_hal_cortex.o
        72          0          0          0          0       1095   stm32f0xx_hal_dma.o
       340         26          0          0          0       2240   stm32f0xx_hal_gpio.o
        16          6          0          0          0        963   stm32f0xx_hal_iwdg.o
        52          8          0          0          0        624   stm32f0xx_hal_pwr.o
      1284         82          0          0          0       4430   stm32f0xx_hal_rcc.o
       232         14          0          0          0       1356   stm32f0xx_hal_rcc_ex.o
      1330         26          0          0          0       9546   stm32f0xx_hal_rtc.o
       234          0          0          0          0       2862   stm32f0xx_hal_spi.o
       800          8          0          0          0       6514   stm32f0xx_hal_uart.o
         8          0          0          0          0       1669   stm32f0xx_it.o
       408         36         92          1          0       8224   sx1276-board.o
      5270        326        224         28        648      24018   sx1276.o
        92         14         16          4          0       1151   system_stm32f0xx_1.o
       494         28          0          8          0       6523   timer.o
       240         52          0          2        112       3141   uart-board.o
        76          0          0          0          0       1918   uart.o
       144         24          0          4          0       3511   utilities.o

    ----------------------------------------------------------------------
     27006       1978       1398        268       4108     458257   Object Totals
         0          0         32          0          0          0   (incl. Generated)
        44          0          2          3          0          0   (incl. Padding)

    ----------------------------------------------------------------------

      Code (inc. data)   RO Data    RW Data    ZI Data      Debug   Library Member Name

       200         20          0          0          0         76   ceil.o
       200         20          0          0          0         76   floor.o
       156         14          0          0          0         84   round.o
         0          0          0          0          0          0   entry.o
         0          0          0          0          0          0   entry10a.o
         0          0          0          0          0          0   entry11a.o
         8          4          0          0          0          0   entry2.o
         4          0          0          0          0          0   entry5.o
         0          0          0          0          0          0   entry7b.o
         0          0          0          0          0          0   entry8b.o
         8          4          0          0          0          0   entry9a.o
        30          0          0          0          0          0   handlers.o
        40          0          0          0          0         72   idiv.o
        36          8          0          0          0         68   init.o
         0          0          0          0          0          0   iusefp.o
        32          0          0          0          0         68   llshl.o
        38          0          0          0          0         68   llsshr.o
        34          0          0          0          0         68   llushr.o
        36          0          0          0          0         60   memcpya.o
        36          0          0          0          0        100   memseta.o
      2270         94          0          0          0        472   printfa.o
        14          0          0          0          0         60   strlen.o
        44          0          0          0          0         72   uidiv.o
        96          0          0          0          0         84   uldiv.o
        20          0          0          0          0         60   uread4.o
        40          2          0          0          0         68   cdcmple.o
        40          2          0          0          0         68   cdrcmple.o
       356          4          0          0          0        140   dadd.o
       240          6          0          0          0         84   ddiv.o
       236          0          0          0          0        216   depilogue.o
        72         10          0          0          0         72   dfixi.o
        60         10          0          0          0         68   dfixui.o
        64         10          0          0          0         68   dfixul.o
        40          6          0          0          0         68   dflti.o
        28          4          0          0          0         68   dfltui.o
       208          6          0          0          0         88   dmul.o
       124         10          0          0          0         76   drnd.o
        44          0          0          0          0         72   dscalb.o

    ----------------------------------------------------------------------
      4856        234          0          0          0       2644   Library Totals
         2          0          0          0          0          0   (incl. Padding)

    ----------------------------------------------------------------------

      Code (inc. data)   RO Data    RW Data    ZI Data      Debug   Library Name

       556         54          0          0          0        236   m_ps.l
      2746        110          0          0          0       1252   mc_p.l
      1552         70          0          0          0       1156   mf_p.l

    ----------------------------------------------------------------------
      4856        234          0          0          0       2644   Library Totals

    ----------------------------------------------------------------------

==============================================================================


      Code (inc. data)   RO Data    RW Data    ZI Data      Debug   

     31862       2212       1398        268       4108     450037   Grand Totals
     31862       2212       1398        268       4108     450037   ELF Image Totals
     31862       2212       1398        268          0          0   ROM Totals

==============================================================================

    Total RO  Size (Code + RO Data)                33260 (  32.48kB)
    Total RW  Size (RW Data + ZI Data)              4376 (   4.27kB)
    Total ROM Size (Code + RO Data + RW Data)      33528 (  32.74kB)

==============================================================================

