<html>
<body>
<pre>
<h1>µVision Build Log</h1>
<h2>Tool Versions:</h2>
IDE-Version: ¦ÌVision V5.25.2.0
Copyright (C) 2018 ARM Ltd and ARM Germany GmbH. All rights reserved.
License Information: 2345 345, 345, LIC=HF8LQ-NDPRQ-8V01H-WAN3K-FL82Z-W8CWN
 
Tool Versions:
Toolchain:       MDK-ARM Professional  Version: 5.25.2.0
Toolchain Path:  D:\KEILSOFTWARE\KEILC52_959\ARM\ARMCC\Bin
C Compiler:      Armcc.exe V5.06 update 6 (build 750)
Assembler:       Armasm.exe V5.06 update 6 (build 750)
Linker/Locator:  ArmLink.exe V5.06 update 6 (build 750)
Library Manager: ArmAr.exe V5.06 update 6 (build 750)
Hex Converter:   FromElf.exe V5.06 update 6 (build 750)
CPU DLL:         SARMCM3.DLL V5.25.2.0
Dialog DLL:      DARMCM1.DLL V1.19.1.0
Target DLL:      STLink\ST-LINKIII-KEIL_SWO.dll V3.0.1.0
Dialog DLL:      TARMCM1.DLL V1.14.0.0
 
<h2>Project:</h2>
D:\STM32WorkSpace\F030C8Tx_LoRaWAN\F030C8Tx_LoRaWAN\MDK-ARM\F030C8Tx_LoRaWAN.uvprojx
Project File Date:  01/07/2019

<h2>Output:</h2>
*** Using Compiler 'V5.06 update 6 (build 750)', folder: 'D:\KEILSOFTWARE\KEILC52_959\ARM\ARMCC\Bin'
Rebuild target 'F030C8Tx_LoRaWAN'
compiling fifo.c...
compiling cmac.c...
compiling aes.c...
compiling LoRaMacCrypto.c...
compiling main.c...
compiling delay.c...
compiling gpio.c...
compiling sysIrqHandlers.c...
compiling timer.c...
compiling uart.c...
compiling LoRaMac.c...
..\Src\LoRaMac.c(2291): warning:  #177-D: function "DisableChannelInMask"  was declared but never referenced
  static bool DisableChannelInMask( uint8_t id, uint16_t* mask )
..\Src\LoRaMac.c: 1 warning, 0 errors
compiling stm32f0xx_hal_rtc_ex.c...
compiling utilities.c...
compiling stm32f0xx_hal_rtc.c...
compiling stm32f0xx_hal_tim.c...
compiling stm32f0xx_hal_spi_ex.c...
compiling stm32f0xx_hal_spi.c...
compiling stm32f0xx_hal_tim_ex.c...
compiling stm32f0xx_hal_uart_ex.c...
compiling stm32f0xx_hal_uart.c...
compiling stm32f0xx_hal_rcc.c...
compiling stm32f0xx_hal_rcc_ex.c...
compiling stm32f0xx_hal.c...
compiling stm32f0xx_hal_i2c_ex.c...
compiling stm32f0xx_hal_gpio.c...
compiling stm32f0xx_hal_cortex.c...
compiling stm32f0xx_hal_dma.c...
compiling stm32f0xx_hal_i2c.c...
compiling stm32f0xx_hal_pwr_ex.c...
compiling stm32f0xx_hal_pwr.c...
compiling stm32f0xx_hal_flash.c...
compiling stm32f0xx_hal_flash_ex.c...
compiling stm32f0xx_hal_iwdg.c...
compiling board.c...
compiling sx1276-board.c...
compiling gpio-board.c...
assembling startup_stm32f030x8.s...
compiling sx1276.c...
compiling rtc-board.c...
..\Board\rtc-board.c(205): warning:  #550-D: variable "sAlarm"  was set but never used
  			RTC_AlarmTypeDef sAlarm = {0};
..\Board\rtc-board.c: 1 warning, 0 errors
compiling spi-board.c...
compiling uart-board.c...
compiling stm32f0xx_it.c...
compiling system_stm32f0xx.c...
linking...
Program Size: Code=31862 RO-data=1398 RW-data=268 ZI-data=4108  
FromELF: creating hex file...
"F030C8Tx_LoRaWAN\F030C8Tx_LoRaWAN.axf" - 0 Error(s), 2 Warning(s).

<h2>Software Packages used:</h2>

Package Vendor: ARM
                http://www.keil.com/pack/ARM.CMSIS.5.3.0.pack
                ARM.CMSIS.5.3.0
                CMSIS (Cortex Microcontroller Software Interface Standard)
   * Component: CORE Version: 5.1.1

Package Vendor: Keil
                http://www.keil.com/pack/Keil.STM32F0xx_DFP.2.0.0.pack
                Keil.STM32F0xx_DFP.2.0.0
                STMicroelectronics STM32F0 Series Device Support, Drivers and Examples

<h2>Collection of Component include folders:</h2>
  .\RTE\_F030C8Tx_LoRaWAN
  D:\KEILSOFTWARE\KEILC52_959\ARM\PACK\ARM\CMSIS\5.3.0\CMSIS\Include
  D:\KEILSOFTWARE\KEILC52_959\ARM\PACK\Keil\STM32F0xx_DFP\2.0.0\Drivers\CMSIS\Device\ST\STM32F0xx\Include

<h2>Collection of Component Files used:</h2>

   * Component: ARM::CMSIS:CORE:5.1.1
Build Time Elapsed:  00:00:10
</pre>
</body>
</html>
