<html>
<body>
<pre>
<h1>µVision Build Log</h1>
<h2>Tool Versions:</h2>
IDE-Version: ¦ÌVision V5.25.2.0
Copyright (C) 2018 ARM Ltd and ARM Germany GmbH. All rights reserved.
License Information: 2345 345, 345, LIC=HF8LQ-NDPRQ-8V01H-WAN3K-FL82Z-W8CWN
 
Tool Versions:
Toolchain:       MDK-ARM Professional  Version: 5.25.2.0
Toolchain Path:  D:\KEILSOFTWARE\KEILC52_959\ARM\ARMCC\Bin
C Compiler:      Armcc.exe V5.06 update 6 (build 750)
Assembler:       Armasm.exe V5.06 update 6 (build 750)
Linker/Locator:  ArmLink.exe V5.06 update 6 (build 750)
Library Manager: ArmAr.exe V5.06 update 6 (build 750)
Hex Converter:   FromElf.exe V5.06 update 6 (build 750)
CPU DLL:         SARMCM3.DLL V5.25.2.0
Dialog DLL:      DARMCM1.DLL V1.19.1.0
Target DLL:      STLink\ST-LINKIII-KEIL_SWO.dll V3.0.1.0
Dialog DLL:      TARMCM1.DLL V1.14.0.0
 
<h2>Project:</h2>
C:\Users\Administrator\Desktop\asdasdasd\F030_LoRaWAN\MDK-ARM\F030_LoRaWAN.uvprojx
Project File Date:  01/11/2019

<h2>Output:</h2>
*** Using Compiler 'V5.06 update 6 (build 750)', folder: 'D:\KEILSOFTWARE\KEILC52_959\ARM\ARMCC\Bin'
Build target 'F030_LoRaWAN'
compiling rtc-board.c...
..\Board\rtc-board.c(211): warning:  #177-D: variable "sAlarm"  was declared but never referenced
  			RTC_AlarmTypeDef sAlarm = {0};
..\Board\rtc-board.c(786): warning:  #1-D: last line of file ends without a newline
  //}
..\Board\rtc-board.c: 2 warnings, 0 errors
linking...
Program Size: Code=33434 RO-data=1406 RW-data=272 ZI-data=5120  
FromELF: creating hex file...
"F030_LoRaWAN\F030_LoRaWAN.axf" - 0 Error(s), 2 Warning(s).

<h2>Software Packages used:</h2>

Package Vendor: ARM
                http://www.keil.com/pack/ARM.CMSIS.5.3.0.pack
                ARM.CMSIS.5.3.0
                CMSIS (Cortex Microcontroller Software Interface Standard)
   * Component: CORE Version: 5.1.1

Package Vendor: Keil
                http://www.keil.com/pack/Keil.STM32F0xx_DFP.2.0.0.pack
                Keil.STM32F0xx_DFP.2.0.0
                STMicroelectronics STM32F0 Series Device Support, Drivers and Examples

<h2>Collection of Component include folders:</h2>
  .\RTE\_F030_LoRaWAN
  D:\KEILSOFTWARE\KEILC52_959\ARM\PACK\ARM\CMSIS\5.3.0\CMSIS\Include
  D:\KEILSOFTWARE\KEILC52_959\ARM\PACK\Keil\STM32F0xx_DFP\2.0.0\Drivers\CMSIS\Device\ST\STM32F0xx\Include

<h2>Collection of Component Files used:</h2>

   * Component: ARM::CMSIS:CORE:5.1.1
Build Time Elapsed:  00:00:03
</pre>
</body>
</html>
