Component: ARM Compiler 5.06 update 6 (build 750) Tool: armlink [4d35ed]

==============================================================================

Section Cross References

    startup_stm32f030x8.o(RESET) refers to startup_stm32f030x8.o(STACK) for __initial_sp
    startup_stm32f030x8.o(RESET) refers to startup_stm32f030x8.o(.text) for Reset_Handler
    startup_stm32f030x8.o(RESET) refers to stm32f0xx_it.o(i.NMI_Handler) for NMI_Handler
    startup_stm32f030x8.o(RESET) refers to stm32f0xx_it.o(i.HardFault_Handler) for HardFault_Handler
    startup_stm32f030x8.o(RESET) refers to stm32f0xx_it.o(i.SVC_Handler) for SVC_Handler
    startup_stm32f030x8.o(RESET) refers to stm32f0xx_it.o(i.PendSV_Handler) for PendSV_Handler
    startup_stm32f030x8.o(RESET) refers to board.o(i.SysTick_Handler) for SysTick_Handler
    startup_stm32f030x8.o(RESET) refers to stm32f0xx_it.o(i.RTC_IRQHandler) for RTC_IRQHandler
    startup_stm32f030x8.o(RESET) refers to uart-board.o(i.USART1_IRQHandler) for USART1_IRQHandler
    startup_stm32f030x8.o(.text) refers to system_stm32f0xx_1.o(i.SystemInit) for SystemInit
    startup_stm32f030x8.o(.text) refers to entry.o(.ARM.Collect$$$$00000000) for __main
    main.o(i.McpsConfirm) refers to main.o(.data) for .data
    main.o(i.McpsIndication) refers to uart.o(i.UartPutBuffer) for UartPutBuffer
    main.o(i.McpsIndication) refers to memseta.o(.text) for __aeabi_memclr4
    main.o(i.McpsIndication) refers to board.o(i.HexToString) for HexToString
    main.o(i.McpsIndication) refers to printfa.o(i.__0sprintf) for __2sprintf
    main.o(i.McpsIndication) refers to strlen.o(.text) for strlen
    main.o(i.McpsIndication) refers to main.o(i.__ARM_common_switch8) for __ARM_common_switch8
    main.o(i.McpsIndication) refers to loramac.o(i.LoRaMacMibSetRequestConfirm) for LoRaMacMibSetRequestConfirm
    main.o(i.McpsIndication) refers to loramac.o(i.LoRaMacMlmeRequest) for LoRaMacMlmeRequest
    main.o(i.McpsIndication) refers to board.o(.bss) for Uart1
    main.o(i.McpsIndication) refers to main.o(.bss) for .bss
    main.o(i.McpsIndication) refers to main.o(.data) for .data
    main.o(i.MlmeConfirm) refers to uart.o(i.DebugPrintf) for DebugPrintf
    main.o(i.MlmeConfirm) refers to uart.o(i.UartPutBuffer) for UartPutBuffer
    main.o(i.MlmeConfirm) refers to main.o(.data) for .data
    main.o(i.MlmeConfirm) refers to board.o(.bss) for Uart1
    main.o(i.MlmeConfirm) refers to main.o(.bss) for .bss
    main.o(i.OnTxNextPacketTimerEvent) refers to timer.o(i.TimerStop) for TimerStop
    main.o(i.OnTxNextPacketTimerEvent) refers to loramac.o(i.LoRaMacMibGetRequestConfirm) for LoRaMacMibGetRequestConfirm
    main.o(i.OnTxNextPacketTimerEvent) refers to uart.o(i.DebugPrintf) for DebugPrintf
    main.o(i.OnTxNextPacketTimerEvent) refers to main.o(.bss) for .bss
    main.o(i.OnTxNextPacketTimerEvent) refers to main.o(.data) for .data
    main.o(i.PrepareTxFrame) refers to memseta.o(.text) for __aeabi_memclr4
    main.o(i.PrepareTxFrame) refers to uart.o(i.UartPutBuffer) for UartPutBuffer
    main.o(i.PrepareTxFrame) refers to main.o(.bss) for .bss
    main.o(i.PrepareTxFrame) refers to main.o(.data) for .data
    main.o(i.PrepareTxFrame) refers to board.o(.bss) for Uart1
    main.o(i.SendFrame) refers to loramac.o(i.LoRaMacQueryTxPossible) for LoRaMacQueryTxPossible
    main.o(i.SendFrame) refers to loramac.o(i.LoRaMacMcpsRequest) for LoRaMacMcpsRequest
    main.o(i.SendFrame) refers to main.o(.data) for .data
    main.o(i.SendFrame) refers to main.o(.bss) for .bss
    main.o(i.main) refers to board.o(i.BoardInitMcu) for BoardInitMcu
    main.o(i.main) refers to board.o(i.BoardInitPeriph) for BoardInitPeriph
    main.o(i.main) refers to main.o(i.__ARM_common_switch8) for __ARM_common_switch8
    main.o(i.main) refers to uart.o(i.DebugPrintf) for DebugPrintf
    main.o(i.main) refers to loramac.o(i.LoRaMacInitialization) for LoRaMacInitialization
    main.o(i.main) refers to timer.o(i.TimerInit) for TimerInit
    main.o(i.main) refers to loramac.o(i.LoRaMacMibSetRequestConfirm) for LoRaMacMibSetRequestConfirm
    main.o(i.main) refers to uart.o(i.UartPutBuffer) for UartPutBuffer
    main.o(i.main) refers to loramac.o(i.LoRaMacMlmeRequest) for LoRaMacMlmeRequest
    main.o(i.main) refers to main.o(i.PrepareTxFrame) for PrepareTxFrame
    main.o(i.main) refers to main.o(i.SendFrame) for SendFrame
    main.o(i.main) refers to utilities.o(i.randr) for randr
    main.o(i.main) refers to timer.o(i.TimerSetValue) for TimerSetValue
    main.o(i.main) refers to timer.o(i.TimerStart) for TimerStart
    main.o(i.main) refers to timer.o(i.TimerLowPowerHandler) for TimerLowPowerHandler
    main.o(i.main) refers to main.o(.data) for .data
    main.o(i.main) refers to main.o(i.McpsConfirm) for McpsConfirm
    main.o(i.main) refers to main.o(i.McpsIndication) for McpsIndication
    main.o(i.main) refers to main.o(i.MlmeConfirm) for MlmeConfirm
[...]
    i.floor                                  0x08007d28   Section        0  floor.o(i.floor)
    i.loraMcuIrqNotify                       0x08007df0   Section        0  board.o(i.loraMcuIrqNotify)
    i.main                                   0x08007e04   Section        0  main.o(i.main)
    i.memcpy1                                0x08007f80   Section        0  utilities.o(i.memcpy1)
    i.memcpyr                                0x08007f96   Section        0  utilities.o(i.memcpyr)
    i.memset1                                0x08007fb0   Section        0  utilities.o(i.memset1)
    i.mix_sub_columns                        0x08007fc4   Section        0  aes.o(i.mix_sub_columns)
    mix_sub_columns                          0x08007fc5   Thumb Code   532  aes.o(i.mix_sub_columns)
    i.rand1                                  0x080081dc   Section        0  utilities.o(i.rand1)
    i.randr                                  0x08008208   Section        0  utilities.o(i.randr)
    i.round                                  0x08008220   Section        0  round.o(i.round)
    i.shift_sub_rows                         0x080082bc   Section        0  aes.o(i.shift_sub_rows)
    shift_sub_rows                           0x080082bd   Thumb Code   100  aes.o(i.shift_sub_rows)
    i.srand1                                 0x08008324   Section        0  utilities.o(i.srand1)
    i.xor_block                              0x08008330   Section        0  aes.o(i.xor_block)
    xor_block                                0x08008331   Thumb Code   130  aes.o(i.xor_block)
    .constdata                               0x080083b2   Section      768  aes.o(.constdata)
    sbox                                     0x080083b2   Data         256  aes.o(.constdata)
    gfm2_sbox                                0x080084b2   Data         256  aes.o(.constdata)
    gfm3_sbox                                0x080085b2   Data         256  aes.o(.constdata)
    .constdata                               0x080086b4   Section       60  loramac.o(.constdata)
    .constdata                               0x080086f0   Section       24  rtc-board.o(.constdata)
    DaysInMonth                              0x080086f0   Data          12  rtc-board.o(.constdata)
    DaysInMonthLeapYear                      0x080086fc   Data          12  rtc-board.o(.constdata)
    .constdata                               0x08008708   Section       16  system_stm32f0xx_1.o(.constdata)
    .constdata                               0x08008718   Section        8  system_stm32f0xx_1.o(.constdata)
    .constdata                               0x08008720   Section      224  sx1276.o(.constdata)
    .constdata                               0x08008800   Section       92  sx1276-board.o(.constdata)
    .data                                    0x20000000   Section       44  main.o(.data)
    AppPort                                  0x20000000   Data           1  main.o(.data)
    AppDataSize                              0x20000001   Data           1  main.o(.data)
    IsTxConfirmed                            0x20000002   Data           1  main.o(.data)
    AppLedStateOn                            0x20000003   Data           1  main.o(.data)
    NextTx                                   0x20000004   Data           1  main.o(.data)
    DeviceState                              0x20000005   Data           1  main.o(.data)
    TxDutyCycleTime                          0x20000008   Data           4  main.o(.data)
    DevEui                                   0x2000000c   Data           8  main.o(.data)
    AppEui                                   0x20000014   Data           8  main.o(.data)
    AppKey                                   0x2000001c   Data          16  main.o(.data)
    .data                                    0x2000002c   Section      116  loramac.o(.data)
    LoRaMacTxPayloadLen                      0x2000002d   Data           1  loramac.o(.data)
    IsUpLinkCounterFixed                     0x2000002e   Data           1  loramac.o(.data)
    IsRxWindowsEnabled                       0x2000002f   Data           1  loramac.o(.data)
    IsLoRaMacNetworkJoined                   0x20000030   Data           1  loramac.o(.data)
    AdrCtrlOn                                0x20000031   Data           1  loramac.o(.data)
    NodeAckRequested                         0x20000032   Data           1  loramac.o(.data)
    SrvAckRequested                          0x20000033   Data           1  loramac.o(.data)
    MacCommandsInNextTx                      0x20000034   Data           1  loramac.o(.data)
    MacCommandsBufferIndex                   0x20000035   Data           1  loramac.o(.data)
    MacCommandsBufferToRepeatIndex           0x20000036   Data           1  loramac.o(.data)
    ChannelsNbRepCounter                     0x20000037   Data           1  loramac.o(.data)
    MaxDCycle                                0x20000038   Data           1  loramac.o(.data)
    AckTimeoutRetries                        0x20000039   Data           1  loramac.o(.data)
    AckTimeoutRetriesCounter                 0x2000003a   Data           1  loramac.o(.data)
    AckTimeoutRetry                          0x2000003b   Data           1  loramac.o(.data)
    RxSlot                                   0x2000003c   Data           1  loramac.o(.data)
    LoRaMacDeviceClass                       0x2000003d   Data           1  loramac.o(.data)
    PublicNetwork                            0x2000003e   Data           1  loramac.o(.data)
    RepeaterSupport                          0x2000003f   Data           1  loramac.o(.data)
    DutyCycleOn                              0x20000040   Data           1  loramac.o(.data)
    Channel                                  0x20000041   Data           1  loramac.o(.data)
    JoinRequestTrials                        0x20000042   Data           1  loramac.o(.data)
    MaxJoinRequestTrials                     0x20000043   Data           1  loramac.o(.data)
    LoRaMacBufferPktLen                      0x20000046   Data           2  loramac.o(.data)
    LoRaMacDevNonce                          0x20000048   Data           2  loramac.o(.data)
    AggregatedDCycle                         0x2000004a   Data           2  loramac.o(.data)
    MulticastChannels                        0x2000004c   Data           4  loramac.o(.data)
    UpLinkCounter                            0x20000050   Data           4  loramac.o(.data)
    DownLinkCounter                          0x20000054   Data           4  loramac.o(.data)
    AdrAckCounter                            0x20000058   Data           4  loramac.o(.data)
    LoRaMacInitializationTime                0x2000005c   Data           4  loramac.o(.data)
    LoRaMacDevEui                            0x20000068   Data           4  loramac.o(.data)
    LoRaMacAppEui                            0x2000006c   Data           4  loramac.o(.data)
    LoRaMacAppKey                            0x20000070   Data           4  loramac.o(.data)
    LoRaMacNetID                             0x20000074   Data           4  loramac.o(.data)
    LoRaMacDevAddr                           0x20000078   Data           4  loramac.o(.data)
    AggregatedLastTxDoneTime                 0x2000007c   Data           4  loramac.o(.data)
    AggregatedTimeOff                        0x20000080   Data           4  loramac.o(.data)
    LoRaMacPrimitives                        0x20000084   Data           4  loramac.o(.data)
    LoRaMacCallbacks                         0x20000088   Data           4  loramac.o(.data)
    RxWindow1Delay                           0x2000008c   Data           4  loramac.o(.data)
    RxWindow2Delay                           0x20000090   Data           4  loramac.o(.data)
    Bands                                    0x20000094   Data          12  loramac.o(.data)
    .data                                    0x200000a0   Section       32  loramaccrypto.o(.data)
    MicBlockB0                               0x200000a0   Data          16  loramaccrypto.o(.data)
    aBlock                                   0x200000b0   Data          16  loramaccrypto.o(.data)
    .data                                    0x200000c0   Section        8  timer.o(.data)
    TimerListHead                            0x200000c4   Data           4  timer.o(.data)
    .data                                    0x200000c8   Section        4  utilities.o(.data)
    next                                     0x200000c8   Data           4  utilities.o(.data)
    .data                                    0x200000cc   Section        4  stm32f0xx_hal.o(.data)
    .data                                    0x200000d0   Section        6  board.o(.data)
    McuInitialized                           0x200000d0   Data           1  board.o(.data)
    SystemWakeupTimeCalibrated               0x200000d1   Data           1  board.o(.data)
    IrqNestLevel                             0x200000d2   Data           1  board.o(.data)
    BatteryVoltage                           0x200000d4   Data           2  board.o(.data)
    .data                                    0x200000d8   Section       16  rtc-board.o(.data)
    CalendarRollOverReady                    0x200000d8   Data           1  rtc-board.o(.data)
    RtcTimerEventAllowsLowPower              0x200000da   Data           1  rtc-board.o(.data)
    LowPowerDisableDuringTask                0x200000db   Data           1  rtc-board.o(.data)
    RtcInitialized                           0x200000dc   Data           1  rtc-board.o(.data)
    WakeUpTimeInitialized                    0x200000dd   Data           1  rtc-board.o(.data)
    Century                                  0x200000de   Data           2  rtc-board.o(.data)
    TimeoutValueError                        0x200000e4   Data           4  rtc-board.o(.data)
    .data                                    0x200000e8   Section        2  uart-board.o(.data)
    .data                                    0x200000ec   Section        4  system_stm32f0xx_1.o(.data)
    .data                                    0x200000f0   Section       28  sx1276.o(.data)
    RadioEvents                              0x200000f0   Data           4  sx1276.o(.data)
    .data                                    0x2000010c   Section        1  sx1276-board.o(.data)
    RadioIsActive                            0x2000010c   Data           1  sx1276-board.o(.data)
    .bss                                     0x20000110   Section      104  main.o(.bss)
    AppData                                  0x20000110   Data          64  main.o(.bss)
    TxNextPacketTimer                        0x20000150   Data          20  main.o(.bss)
    .bss                                     0x20000178   Section     1404  loramac.o(.bss)
    LoRaMacNwkSKey                           0x20000178   Data          16  loramac.o(.bss)
    LoRaMacAppSKey                           0x20000188   Data          16  loramac.o(.bss)
    LoRaMacBuffer                            0x20000198   Data         255  loramac.o(.bss)
    LoRaMacRxPayload                         0x20000297   Data         255  loramac.o(.bss)
    MacCommandsBuffer                        0x20000396   Data          15  loramac.o(.bss)
    MacCommandsBufferToRepeat                0x200003a5   Data          15  loramac.o(.bss)
    Channels                                 0x200003b4   Data         512  loramac.o(.bss)
    MacStateCheckTimer                       0x20000624   Data          20  loramac.o(.bss)
    RadioEvents                              0x20000638   Data          28  loramac.o(.bss)
    TxDelayedTimer                           0x20000654   Data          20  loramac.o(.bss)
    RxWindowTimer1                           0x20000668   Data          20  loramac.o(.bss)
    RxWindowTimer2                           0x2000067c   Data          20  loramac.o(.bss)
    RxWindowsParams                          0x20000690   Data          24  loramac.o(.bss)
    AckTimeoutTimer                          0x200006a8   Data          20  loramac.o(.bss)
    McpsIndication                           0x200006bc   Data          24  loramac.o(.bss)
    McpsConfirm                              0x200006d4   Data          20  loramac.o(.bss)
    MlmeConfirm                              0x200006e8   Data          12  loramac.o(.bss)
    .bss                                     0x200006f4   Section      556  loramaccrypto.o(.bss)
    sBlock                                   0x200006f4   Data          16  loramaccrypto.o(.bss)
    Mic                                      0x20000704   Data          16  loramaccrypto.o(.bss)
    AesContext                               0x20000714   Data         241  loramaccrypto.o(.bss)
    AesCmacCtx                               0x20000808   Data         280  loramaccrypto.o(.bss)
    .bss                                     0x20000920   Section     1100  board.o(.bss)
    CalibrateSystemWakeupTimeTimer           0x20000958   Data          20  board.o(.bss)
    .bss                                     0x20000d6c   Section       64  gpio-board.o(.bss)
    GpioIrq                                  0x20000d6c   Data          64  gpio-board.o(.bss)
    .bss                                     0x20000dac   Section       60  rtc-board.o(.bss)
    .bss                                     0x20000de8   Section      112  uart-board.o(.bss)
    .bss                                     0x20000e58   Section      648  sx1276.o(.bss)
    RxTxBuffer                               0x20000e58   Data         256  sx1276.o(.bss)
    STACK                                    0x200010e0   Section     1024  startup_stm32f030x8.o(STACK)

    Global Symbols

    Symbol Name                              Value     Ov Type        Size  Object(Section)

    BuildAttributes$$THM_ISAv3M$S$PE$A:L22$X:L11$S22$IEEE1$IW$USESV6$~STKCKD$USESV7$~SHL$OTIME$ROPI$IEEEJ$EBA8$MICROLIB$REQ8$PRES8$EABIv2 0x00000000   Number         0  anon$$obj.o ABSOLUTE
    __ARM_use_no_argv                        0x00000000   Number         0  main.o ABSOLUTE
    _printf_a                                0x00000000   Number         0  stubs.o ABSOLUTE
    _printf_c                                0x00000000   Number         0  stubs.o ABSOLUTE
    _printf_charcount                        0x00000000   Number         0  stubs.o ABSOLUTE
    _printf_d                                0x00000000   Number         0  stubs.o ABSOLUTE
    _printf_e                                0x00000000   Number         0  stubs.o ABSOLUTE
    _printf_f                                0x00000000   Number         0  stubs.o ABSOLUTE
    _printf_flags                            0x00000000   Number         0  stubs.o ABSOLUTE
    _printf_fp_dec                           0x00000000   Number         0  stubs.o ABSOLUTE
    _printf_fp_hex                           0x00000000   Number         0  stubs.o ABSOLUTE
    _printf_g                                0x00000000   Number         0  stubs.o ABSOLUTE
    _printf_i                                0x00000000   Number         0  stubs.o ABSOLUTE
    _printf_int_dec                          0x00000000   Number         0  stubs.o ABSOLUTE
    _printf_l                                0x00000000   Number         0  stubs.o ABSOLUTE
    _printf_lc                               0x00000000   Number         0  stubs.o ABSOLUTE
    _printf_ll                               0x00000000   Number         0  stubs.o ABSOLUTE
    _printf_lld                              0x00000000   Number         0  stubs.o ABSOLUTE
    _printf_lli                              0x00000000   Number         0  stubs.o ABSOLUTE
    _printf_llo                              0x00000000   Number         0  stubs.o ABSOLUTE
    _printf_llu                              0x00000000   Number         0  stubs.o ABSOLUTE
    _printf_llx                              0x00000000   Number         0  stubs.o ABSOLUTE
    _printf_longlong_dec                     0x00000000   Number         0  stubs.o ABSOLUTE
    _printf_longlong_hex                     0x00000000   Number         0  stubs.o ABSOLUTE
    _printf_longlong_oct                     0x00000000   Number         0  stubs.o ABSOLUTE
    _printf_ls                               0x00000000   Number         0  stubs.o ABSOLUTE
    _printf_mbtowc                           0x00000000   Number         0  stubs.o ABSOLUTE
    _printf_n                                0x00000000   Number         0  stubs.o ABSOLUTE
    _printf_o                                0x00000000   Number         0  stubs.o ABSOLUTE
    _printf_p                                0x00000000   Number         0  stubs.o ABSOLUTE
    _printf_percent                          0x00000000   Number         0  stubs.o ABSOLUTE
    _printf_pre_padding                      0x00000000   Number         0  stubs.o ABSOLUTE
    _printf_return_value                     0x00000000   Number         0  stubs.o ABSOLUTE
    _printf_s                                0x00000000   Number         0  stubs.o ABSOLUTE
    _printf_sizespec                         0x00000000   Number         0  stubs.o ABSOLUTE
    _printf_str                              0x00000000   Number         0  stubs.o ABSOLUTE
    _printf_truncate_signed                  0x00000000   Number         0  stubs.o ABSOLUTE
    _printf_truncate_unsigned                0x00000000   Number         0  stubs.o ABSOLUTE
    _printf_u                                0x00000000   Number         0  stubs.o ABSOLUTE
    _printf_wc                               0x00000000   Number         0  stubs.o ABSOLUTE
    _printf_wctomb                           0x00000000   Number         0  stubs.o ABSOLUTE
    _printf_widthprec                        0x00000000   Number         0  stubs.o ABSOLUTE
    _printf_x                                0x00000000   Number         0  stubs.o ABSOLUTE
    __cpp_initialize__aeabi_                  - Undefined Weak Reference
    __cxa_finalize                            - Undefined Weak Reference
    __decompress                              - Undefined Weak Reference
    _clock_init                               - Undefined Weak Reference
    _microlib_exit                            - Undefined Weak Reference
    __Vectors_Size                           0x000000b4   Number         0  startup_stm32f030x8.o ABSOLUTE
    __Vectors                                0x08000000   Data           4  startup_stm32f030x8.o(RESET)
    __Vectors_End                            0x080000b4   Data           0  startup_stm32f030x8.o(RESET)
    __main                                   0x080000b5   Thumb Code     0  entry.o(.ARM.Collect$$$$00000000)
    _main_stk                                0x080000b5   Thumb Code     0  entry2.o(.ARM.Collect$$$$00000001)
    _main_scatterload                        0x080000b9   Thumb Code     0  entry5.o(.ARM.Collect$$$$00000004)
    __main_after_scatterload                 0x080000bd   Thumb Code     0  entry5.o(.ARM.Collect$$$$00000004)
    _main_clock                              0x080000bd   Thumb Code     0  entry7b.o(.ARM.Collect$$$$00000008)
    _main_cpp_init                           0x080000bd   Thumb Code     0  entry8b.o(.ARM.Collect$$$$0000000A)
    _main_init                               0x080000bd   Thumb Code     0  entry9a.o(.ARM.Collect$$$$0000000B)
    __rt_final_cpp                           0x080000c5   Thumb Code     0  entry10a.o(.ARM.Collect$$$$0000000D)
    __rt_final_exit                          0x080000c5   Thumb Code     0  entry11a.o(.ARM.Collect$$$$0000000F)
    Reset_Handler                            0x080000c9   Thumb Code     8  startup_stm32f030x8.o(.text)
    ADC1_IRQHandler                          0x080000db   Thumb Code     0  startup_stm32f030x8.o(.text)
    DMA1_Channel1_IRQHandler                 0x080000db   Thumb Code     0  startup_stm32f030x8.o(.text)
    DMA1_Channel2_3_IRQHandler               0x080000db   Thumb Code     0  startup_stm32f030x8.o(.text)
    DMA1_Channel4_5_IRQHandler               0x080000db   Thumb Code     0  startup_stm32f030x8.o(.text)
    EXTI0_1_IRQHandler                       0x080000db   Thumb Code     0  startup_stm32f030x8.o(.text)
    EXTI2_3_IRQHandler                       0x080000db   Thumb Code     0  startup_stm32f030x8.o(.text)
    EXTI4_15_IRQHandler                      0x080000db   Thumb Code     0  startup_stm32f030x8.o(.text)
    FLASH_IRQHandler                         0x080000db   Thumb Code     0  startup_stm32f030x8.o(.text)
    I2C1_IRQHandler                          0x080000db   Thumb Code     0  startup_stm32f030x8.o(.text)
    I2C2_IRQHandler                          0x080000db   Thumb Code     0  startup_stm32f030x8.o(.text)
    RCC_IRQHandler                           0x080000db   Thumb Code     0  startup_stm32f030x8.o(.text)
    SPI1_IRQHandler                          0x080000db   Thumb Code     0  startup_stm32f030x8.o(.text)
    SPI2_IRQHandler                          0x080000db   Thumb Code     0  startup_stm32f030x8.o(.text)
    TIM14_IRQHandler                         0x080000db   Thumb Code     0  startup_stm32f030x8.o(.text)
    TIM15_IRQHandler                         0x080000db   Thumb Code     0  startup_stm32f030x8.o(.text)
    TIM16_IRQHandler                         0x080000db   Thumb Code     0  startup_stm32f030x8.o(.text)
    TIM17_IRQHandler                         0x080000db   Thumb Code     0  startup_stm32f030x8.o(.text)
    TIM1_BRK_UP_TRG_COM_IRQHandler           0x080000db   Thumb Code     0  startup_stm32f030x8.o(.text)
    TIM1_CC_IRQHandler                       0x080000db   Thumb Code     0  startup_stm32f030x8.o(.text)
    TIM3_IRQHandler                          0x080000db   Thumb Code     0  startup_stm32f030x8.o(.text)
    TIM6_IRQHandler                          0x080000db   Thumb Code     0  startup_stm32f030x8.o(.text)
    USART2_IRQHandler                        0x080000db   Thumb Code     0  startup_stm32f030x8.o(.text)
    WWDG_IRQHandler                          0x080000db   Thumb Code     0  startup_stm32f030x8.o(.text)
    __aeabi_uidiv                            0x080000e5   Thumb Code     0  uidiv.o(.text)
    __aeabi_uidivmod                         0x080000e5   Thumb Code    44  uidiv.o(.text)
    __aeabi_idiv                             0x08000111   Thumb Code     0  idiv.o(.text)
    __aeabi_idivmod                          0x08000111   Thumb Code    40  idiv.o(.text)
    __aeabi_llsr                             0x08000139   Thumb Code    34  llushr.o(.text)
    _ll_ushift_r                             0x08000139   Thumb Code     0  llushr.o(.text)
    __aeabi_memcpy                           0x0800015b   Thumb Code    36  memcpya.o(.text)
    __aeabi_memcpy4                          0x0800015b   Thumb Code     0  memcpya.o(.text)
    __aeabi_memcpy8                          0x0800015b   Thumb Code     0  memcpya.o(.text)
    __aeabi_memset                           0x0800017f   Thumb Code    14  memseta.o(.text)
    __aeabi_memset4                          0x0800017f   Thumb Code     0  memseta.o(.text)
    __aeabi_memset8                          0x0800017f   Thumb Code     0  memseta.o(.text)
    __aeabi_memclr                           0x0800018d   Thumb Code     4  memseta.o(.text)
    __aeabi_memclr4                          0x0800018d   Thumb Code     0  memseta.o(.text)
    __aeabi_memclr8                          0x0800018d   Thumb Code     0  memseta.o(.text)
    _memset$wrapper                          0x08000191   Thumb Code    18  memseta.o(.text)
    strlen                                   0x080001a3   Thumb Code    14  strlen.o(.text)
    __aeabi_uread4                           0x080001b1   Thumb Code    20  uread4.o(.text)
    __rt_uread4                              0x080001b1   Thumb Code     0  uread4.o(.text)
    _uread4                                  0x080001b1   Thumb Code     0  uread4.o(.text)
    __aeabi_dadd                             0x080001c5   Thumb Code   328  dadd.o(.text)
    __aeabi_dsub                             0x0800030d   Thumb Code    12  dadd.o(.text)
    __aeabi_drsub                            0x08000319   Thumb Code    12  dadd.o(.text)
    __aeabi_dmul                             0x08000329   Thumb Code   202  dmul.o(.text)
    __aeabi_ddiv                             0x080003f9   Thumb Code   234  ddiv.o(.text)
    __ARM_scalbn                             0x080004e9   Thumb Code    44  dscalb.o(.text)
    scalbn                                   0x080004e9   Thumb Code     0  dscalb.o(.text)
    __aeabi_i2d                              0x08000515   Thumb Code    34  dflti.o(.text)
    __aeabi_ui2d                             0x0800053d   Thumb Code    24  dfltui.o(.text)
    __aeabi_d2iz                             0x08000559   Thumb Code    62  dfixi.o(.text)
    __aeabi_d2uiz                            0x080005a1   Thumb Code    50  dfixui.o(.text)
    __aeabi_cdcmpeq                          0x080005dd   Thumb Code     0  cdcmple.o(.text)
    __aeabi_cdcmple                          0x080005dd   Thumb Code    38  cdcmple.o(.text)
    __aeabi_cdrcmple                         0x08000605   Thumb Code    38  cdrcmple.o(.text)
    __aeabi_uldivmod                         0x0800062d   Thumb Code    96  uldiv.o(.text)
    __aeabi_llsl                             0x0800068d   Thumb Code    32  llshl.o(.text)
    _ll_shift_l                              0x0800068d   Thumb Code     0  llshl.o(.text)
    __aeabi_lasr                             0x080006ad   Thumb Code    38  llsshr.o(.text)
    _ll_sshift_r                             0x080006ad   Thumb Code     0  llsshr.o(.text)
    __I$use$fp                               0x080006d3   Thumb Code     0  iusefp.o(.text)
    _double_round                            0x080006d3   Thumb Code    26  depilogue.o(.text)
    _double_epilogue                         0x080006ed   Thumb Code   164  depilogue.o(.text)
    _drnd                                    0x08000791   Thumb Code   114  drnd.o(.text)
    __aeabi_d2ulz                            0x0800080d   Thumb Code    54  dfixul.o(.text)
    __scatterload                            0x0800084d   Thumb Code    28  init.o(.text)
    __scatterload_rt2                        0x0800084d   Thumb Code     0  init.o(.text)
    AES_CMAC_Final                           0x08000871   Thumb Code   316  cmac.o(i.AES_CMAC_Final)
    AES_CMAC_Init                            0x080009ad   Thumb Code    32  cmac.o(i.AES_CMAC_Init)
    AES_CMAC_SetKey                          0x080009cd   Thumb Code    16  cmac.o(i.AES_CMAC_SetKey)
    AES_CMAC_Update                          0x080009dd   Thumb Code   190  cmac.o(i.AES_CMAC_Update)
    BlockLowPowerDuringTask                  0x08000bc5   Thumb Code    16  rtc-board.o(i.BlockLowPowerDuringTask)
    BoardDisableIrq                          0x08000bd9   Thumb Code    12  board.o(i.BoardDisableIrq)
    BoardEnableIrq                           0x08000be9   Thumb Code    18  board.o(i.BoardEnableIrq)
    BoardGetBatteryLevel                     0x08000c01   Thumb Code    22  board.o(i.BoardGetBatteryLevel)
    BoardInitMcu                             0x08000c35   Thumb Code   238  board.o(i.BoardInitMcu)
    BoardInitPeriph                          0x08000d55   Thumb Code     2  board.o(i.BoardInitPeriph)
    DebugPrintf                              0x08000f35   Thumb Code    40  uart.o(i.DebugPrintf)
    DelayMs                                  0x08000f61   Thumb Code     8  delay.o(i.DelayMs)
    FifoInit                                 0x08000f69   Thumb Code    12  fifo.o(i.FifoInit)
    FifoPop                                  0x08000f85   Thumb Code    28  fifo.o(i.FifoPop)
    FifoPush                                 0x08000fa1   Thumb Code    20  fifo.o(i.FifoPush)
    GetBoardPowerSource                      0x08000fb5   Thumb Code     4  board.o(i.GetBoardPowerSource)
    GpioInit                                 0x08000fe5   Thumb Code    22  gpio.o(i.GpioInit)
    GpioMcuInit                              0x08000ffd   Thumb Code   182  gpio-board.o(i.GpioMcuInit)
    GpioMcuSetInterrupt                      0x080010c5   Thumb Code   228  gpio-board.o(i.GpioMcuSetInterrupt)
    GpioMcuWrite                             0x080011b9   Thumb Code    22  gpio-board.o(i.GpioMcuWrite)
    GpioSetInterrupt                         0x080011cf   Thumb Code    18  gpio.o(i.GpioSetInterrupt)
    GpioWrite                                0x080011e1   Thumb Code    18  gpio.o(i.GpioWrite)
    HAL_DBGMCU_EnableDBGStandbyMode          0x080011f5   Thumb Code    12  stm32f0xx_hal.o(i.HAL_DBGMCU_EnableDBGStandbyMode)
    HAL_DBGMCU_EnableDBGStopMode             0x08001205   Thumb Code    12  stm32f0xx_hal.o(i.HAL_DBGMCU_EnableDBGStopMode)
    HAL_DMA_Abort_IT                         0x08001215   Thumb Code    72  stm32f0xx_hal_dma.o(i.HAL_DMA_Abort_IT)
    HAL_Delay                                0x0800125d   Thumb Code    28  stm32f0xx_hal.o(i.HAL_Delay)
    HAL_GPIO_Init                            0x08001279   Thumb Code   302  stm32f0xx_hal_gpio.o(i.HAL_GPIO_Init)
    HAL_GPIO_WritePin                        0x080013c1   Thumb Code    12  stm32f0xx_hal_gpio.o(i.HAL_GPIO_WritePin)
    HAL_GetTick                              0x080013cd   Thumb Code     6  stm32f0xx_hal.o(i.HAL_GetTick)
    HAL_IncTick                              0x080013d9   Thumb Code    10  stm32f0xx_hal.o(i.HAL_IncTick)
    HAL_Init                                 0x080013e9   Thumb Code    26  stm32f0xx_hal.o(i.HAL_Init)
    HAL_InitTick                             0x08001409   Thumb Code    34  stm32f0xx_hal.o(i.HAL_InitTick)
    HAL_MspInit                              0x0800142d   Thumb Code    50  stm32f0xx_hal_msp.o(i.HAL_MspInit)
    HAL_NVIC_EnableIRQ                       0x08001465   Thumb Code    14  stm32f0xx_hal_cortex.o(i.HAL_NVIC_EnableIRQ)
    HAL_NVIC_SetPriority                     0x08001479   Thumb Code     8  stm32f0xx_hal_cortex.o(i.HAL_NVIC_SetPriority)
    HAL_PWR_EnableBkUpAccess                 0x08001481   Thumb Code    12  stm32f0xx_hal_pwr.o(i.HAL_PWR_EnableBkUpAccess)
    HAL_RCCEx_PeriphCLKConfig                0x08001491   Thumb Code   218  stm32f0xx_hal_rcc_ex.o(i.HAL_RCCEx_PeriphCLKConfig)
    HAL_RCC_ClockConfig                      0x08001579   Thumb Code   280  stm32f0xx_hal_rcc.o(i.HAL_RCC_ClockConfig)
    HAL_RCC_GetHCLKFreq                      0x080016a5   Thumb Code     6  stm32f0xx_hal_rcc.o(i.HAL_RCC_GetHCLKFreq)
    HAL_RCC_GetPCLK1Freq                     0x080016b1   Thumb Code    20  stm32f0xx_hal_rcc.o(i.HAL_RCC_GetPCLK1Freq)
    HAL_RCC_GetSysClockFreq                  0x080016d1   Thumb Code    76  stm32f0xx_hal_rcc.o(i.HAL_RCC_GetSysClockFreq)
    HAL_RCC_OscConfig                        0x08001749   Thumb Code   840  stm32f0xx_hal_rcc.o(i.HAL_RCC_OscConfig)
    HAL_RTCEx_EnableBypassShadow             0x08001a9d   Thumb Code    58  stm32f0xx_hal_rtc_ex.o(i.HAL_RTCEx_EnableBypassShadow)
    HAL_RTC_AlarmAEventCallback              0x08001ad7   Thumb Code     8  rtc-board.o(i.HAL_RTC_AlarmAEventCallback)
    HAL_RTC_DeactivateAlarm                  0x08001adf   Thumb Code   114  stm32f0xx_hal_rtc.o(i.HAL_RTC_DeactivateAlarm)
    HAL_RTC_GetAlarm                         0x08001b51   Thumb Code   108  stm32f0xx_hal_rtc.o(i.HAL_RTC_GetAlarm)
    HAL_RTC_GetDate                          0x08001bc1   Thumb Code    68  stm32f0xx_hal_rtc.o(i.HAL_RTC_GetDate)
    HAL_RTC_GetTime                          0x08001c05   Thumb Code    88  stm32f0xx_hal_rtc.o(i.HAL_RTC_GetTime)
    HAL_RTC_Init                             0x08001c61   Thumb Code   174  stm32f0xx_hal_rtc.o(i.HAL_RTC_Init)
    HAL_RTC_MspInit                          0x08001d15   Thumb Code    40  stm32f0xx_hal_msp.o(i.HAL_RTC_MspInit)
    HAL_RTC_SetAlarm_IT                      0x08001d45   Thumb Code   296  stm32f0xx_hal_rtc.o(i.HAL_RTC_SetAlarm_IT)
    HAL_RTC_SetDate                          0x08001e71   Thumb Code   194  stm32f0xx_hal_rtc.o(i.HAL_RTC_SetDate)
    HAL_RTC_SetTime                          0x08001f39   Thumb Code   222  stm32f0xx_hal_rtc.o(i.HAL_RTC_SetTime)
    HAL_RTC_WaitForSynchro                   0x0800201d   Thumb Code    52  stm32f0xx_hal_rtc.o(i.HAL_RTC_WaitForSynchro)
    HAL_SPI_Init                             0x08002051   Thumb Code   184  stm32f0xx_hal_spi.o(i.HAL_SPI_Init)
    HAL_SPI_MspInit                          0x08002109   Thumb Code   100  stm32f0xx_hal_msp.o(i.HAL_SPI_MspInit)
    HAL_SYSTICK_CLKSourceConfig              0x08002175   Thumb Code    20  stm32f0xx_hal_cortex.o(i.HAL_SYSTICK_CLKSourceConfig)
    HAL_SYSTICK_Callback                     0x0800218d   Thumb Code     2  stm32f0xx_hal_cortex.o(i.HAL_SYSTICK_Callback)
    HAL_SYSTICK_Config                       0x08002191   Thumb Code    38  stm32f0xx_hal_cortex.o(i.HAL_SYSTICK_Config)
    HAL_SYSTICK_IRQHandler                   0x080021c1   Thumb Code     8  stm32f0xx_hal_cortex.o(i.HAL_SYSTICK_IRQHandler)
    HAL_UART_ErrorCallback                   0x080021c9   Thumb Code    14  uart-board.o(i.HAL_UART_ErrorCallback)
    HAL_UART_IRQHandler                      0x080021e1   Thumb Code   272  stm32f0xx_hal_uart.o(i.HAL_UART_IRQHandler)
    HAL_UART_Init                            0x080022f5   Thumb Code   108  stm32f0xx_hal_uart.o(i.HAL_UART_Init)
    HAL_UART_MspInit                         0x08002361   Thumb Code   106  stm32f0xx_hal_msp.o(i.HAL_UART_MspInit)
    HAL_UART_Receive_IT                      0x080023d5   Thumb Code   132  stm32f0xx_hal_uart.o(i.HAL_UART_Receive_IT)
    HAL_UART_RxCpltCallback                  0x0800245d   Thumb Code    50  uart-board.o(i.HAL_UART_RxCpltCallback)
    HAL_UART_Transmit_IT                     0x0800249d   Thumb Code    88  stm32f0xx_hal_uart.o(i.HAL_UART_Transmit_IT)
    HAL_UART_TxCpltCallback                  0x080024f5   Thumb Code    50  uart-board.o(i.HAL_UART_TxCpltCallback)
    HardFault_Handler                        0x08002535   Thumb Code     2  stm32f0xx_it.o(i.HardFault_Handler)
    HexToString                              0x08002537   Thumb Code    94  board.o(i.HexToString)
    IsFifoEmpty                              0x08002595   Thumb Code    16  fifo.o(i.IsFifoEmpty)
    IsFifoFull                               0x080025a5   Thumb Code    24  fifo.o(i.IsFifoFull)
    LoRaMacComputeMic                        0x080025c5   Thumb Code   112  loramaccrypto.o(i.LoRaMacComputeMic)
    LoRaMacInitialization                    0x08002641   Thumb Code   368  loramac.o(i.LoRaMacInitialization)
    LoRaMacJoinComputeMic                    0x08002801   Thumb Code    62  loramaccrypto.o(i.LoRaMacJoinComputeMic)
    LoRaMacJoinComputeSKeys                  0x08002849   Thumb Code   130  loramaccrypto.o(i.LoRaMacJoinComputeSKeys)
    LoRaMacJoinDecrypt                       0x080028d1   Thumb Code    60  loramaccrypto.o(i.LoRaMacJoinDecrypt)
    LoRaMacMcpsRequest                       0x08002911   Thumb Code   220  loramac.o(i.LoRaMacMcpsRequest)
    LoRaMacMibGetRequestConfirm              0x080029f9   Thumb Code   224  loramac.o(i.LoRaMacMibGetRequestConfirm)
    LoRaMacMibSetRequestConfirm              0x08002af5   Thumb Code   410  loramac.o(i.LoRaMacMibSetRequestConfirm)
    LoRaMacMlmeRequest                       0x08002ca1   Thumb Code   244  loramac.o(i.LoRaMacMlmeRequest)
    LoRaMacPayloadDecrypt                    0x08002da1   Thumb Code    16  loramaccrypto.o(i.LoRaMacPayloadDecrypt)
    LoRaMacPayloadEncrypt                    0x08002db1   Thumb Code   182  loramaccrypto.o(i.LoRaMacPayloadEncrypt)
    LoRaMacQueryTxPossible                   0x08002e71   Thumb Code   120  loramac.o(i.LoRaMacQueryTxPossible)
    NMI_Handler                              0x08003205   Thumb Code     2  stm32f0xx_it.o(i.NMI_Handler)
    PendSV_Handler                           0x08003d53   Thumb Code     2  stm32f0xx_it.o(i.PendSV_Handler)
    PrepareFrame                             0x08003d55   Thumb Code   542  loramac.o(i.PrepareFrame)
    RTC_Bcd2ToByte                           0x08004359   Thumb Code    16  stm32f0xx_hal_rtc.o(i.RTC_Bcd2ToByte)
    RTC_ByteToBcd2                           0x08004369   Thumb Code    22  stm32f0xx_hal_rtc.o(i.RTC_ByteToBcd2)
    RTC_EnterInitMode                        0x0800437f   Thumb Code    56  stm32f0xx_hal_rtc.o(i.RTC_EnterInitMode)
    RTC_IRQHandler                           0x080043b9   Thumb Code    64  stm32f0xx_it.o(i.RTC_IRQHandler)
    RtcComputeElapsedTime                    0x08004475   Thumb Code    30  rtc-board.o(i.RtcComputeElapsedTime)
    RtcComputeWakeUpTime                     0x0800465d   Thumb Code   126  rtc-board.o(i.RtcComputeWakeUpTime)
    RtcGetAdjustedTimeoutValue               0x08004801   Thumb Code    46  rtc-board.o(i.RtcGetAdjustedTimeoutValue)
    RtcGetElapsedAlarmTime                   0x08004891   Thumb Code    30  rtc-board.o(i.RtcGetElapsedAlarmTime)
    RtcGetTimerValue                         0x080048b5   Thumb Code    10  rtc-board.o(i.RtcGetTimerValue)
    RtcInit                                  0x080048c1   Thumb Code   144  rtc-board.o(i.RtcInit)
    RtcRecoverMcuStatus                      0x08004961   Thumb Code    54  rtc-board.o(i.RtcRecoverMcuStatus)
    RtcSetTimeout                            0x080049a5   Thumb Code     8  rtc-board.o(i.RtcSetTimeout)
    SVC_Handler                              0x08004b89   Thumb Code     2  stm32f0xx_it.o(i.SVC_Handler)
    SX1276CheckRfFrequency                   0x08004b8b   Thumb Code     4  sx1276-board.o(i.SX1276CheckRfFrequency)
    SX1276GetPaSelect                        0x08004b91   Thumb Code    14  sx1276-board.o(i.SX1276GetPaSelect)
    SX1276GetStatus                          0x08004ba5   Thumb Code     6  sx1276.o(i.SX1276GetStatus)
    SX1276GetTimeOnAir                       0x08004bb1   Thumb Code   436  sx1276.o(i.SX1276GetTimeOnAir)
    SX1276Init                               0x08004d8d   Thumb Code   104  sx1276.o(i.SX1276Init)
    SX1276IoInit                             0x08004e05   Thumb Code    60  sx1276-board.o(i.SX1276IoInit)
    SX1276IoIrqInit                          0x08004e45   Thumb Code    32  sx1276-board.o(i.SX1276IoIrqInit)
    SX1276IsChannelFree                      0x08004e69   Thumb Code    54  sx1276.o(i.SX1276IsChannelFree)
    SX1276OnDio0Irq                          0x08004ea1   Thumb Code   574  sx1276.o(i.SX1276OnDio0Irq)
    SX1276OnDio1Irq                          0x080050f9   Thumb Code   208  sx1276.o(i.SX1276OnDio1Irq)
    SX1276OnDio2Irq                          0x080051dd   Thumb Code   180  sx1276.o(i.SX1276OnDio2Irq)
    SX1276OnDio3Irq                          0x0800529d   Thumb Code    76  sx1276.o(i.SX1276OnDio3Irq)
    SX1276OnDio4Irq                          0x080052f1   Thumb Code    24  sx1276.o(i.SX1276OnDio4Irq)
    SX1276OnTimeoutIrq                       0x0800530d   Thumb Code   188  sx1276.o(i.SX1276OnTimeoutIrq)
    SX1276Random                             0x080053d5   Thumb Code    62  sx1276.o(i.SX1276Random)
    SX1276Read                               0x08005413   Thumb Code    16  sx1276.o(i.SX1276Read)
    SX1276ReadBuffer                         0x08005425   Thumb Code    64  sx1276.o(i.SX1276ReadBuffer)
    SX1276ReadFifo                           0x08005469   Thumb Code    14  sx1276.o(i.SX1276ReadFifo)
    SX1276ReadRssi                           0x08005479   Thumb Code    58  sx1276.o(i.SX1276ReadRssi)
    SX1276Reset                              0x080054bd   Thumb Code    52  sx1276.o(i.SX1276Reset)
    SX1276Send                               0x080054f5   Thumb Code   236  sx1276.o(i.SX1276Send)
    SX1276SetAntSw                           0x080055e9   Thumb Code     2  sx1276-board.o(i.SX1276SetAntSw)
    SX1276SetAntSwLowPower                   0x080055ed   Thumb Code    12  sx1276-board.o(i.SX1276SetAntSwLowPower)
    SX1276SetChannel                         0x080055fd   Thumb Code    54  sx1276.o(i.SX1276SetChannel)
    SX1276SetMaxPayloadLength                0x0800563d   Thumb Code    42  sx1276.o(i.SX1276SetMaxPayloadLength)
    SX1276SetModem                           0x0800566d   Thumb Code   108  sx1276.o(i.SX1276SetModem)
    SX1276SetOpMode                          0x080056dd   Thumb Code    46  sx1276.o(i.SX1276SetOpMode)
    SX1276SetPublicNetwork                   0x0800570d   Thumb Code    32  sx1276.o(i.SX1276SetPublicNetwork)
    SX1276SetRfTxPower                       0x08005731   Thumb Code   154  sx1276-board.o(i.SX1276SetRfTxPower)
    SX1276SetRx                              0x080057d1   Thumb Code   526  sx1276.o(i.SX1276SetRx)
    SX1276SetRxConfig                        0x08005a01   Thumb Code   638  sx1276.o(i.SX1276SetRxConfig)
    SX1276SetSleep                           0x08005c99   Thumb Code    32  sx1276.o(i.SX1276SetSleep)
    SX1276SetStby                            0x08005cbd   Thumb Code    32  sx1276.o(i.SX1276SetStby)
    SX1276SetTx                              0x08005ce1   Thumb Code   154  sx1276.o(i.SX1276SetTx)
    SX1276SetTxConfig                        0x08005d81   Thumb Code   486  sx1276.o(i.SX1276SetTxConfig)
    SX1276SetTxContinuousWave                0x08005f75   Thumb Code   136  sx1276.o(i.SX1276SetTxContinuousWave)
    SX1276StartCad                           0x08006005   Thumb Code    50  sx1276.o(i.SX1276StartCad)
    SX1276Write                              0x0800603d   Thumb Code    12  sx1276.o(i.SX1276Write)
    SX1276WriteBuffer                        0x08006049   Thumb Code    64  sx1276.o(i.SX1276WriteBuffer)
    SX1276WriteFifo                          0x0800608d   Thumb Code    14  sx1276.o(i.SX1276WriteFifo)
    Send                                     0x080061b9   Thumb Code    54  loramac.o(i.Send)
    SendFrameOnChannel                       0x0800625d   Thumb Code   194  loramac.o(i.SendFrameOnChannel)
    SetTxContinuousWave                      0x080064f9   Thumb Code    92  loramac.o(i.SetTxContinuousWave)
    SetTxContinuousWave1                     0x08006569   Thumb Code    48  loramac.o(i.SetTxContinuousWave1)
    SpiFormat                                0x080065a5   Thumb Code    54  spi-board.o(i.SpiFormat)
    SpiFrequency                             0x080065dd   Thumb Code    46  spi-board.o(i.SpiFrequency)
    SpiInOut                                 0x08006611   Thumb Code    56  spi-board.o(i.SpiInOut)
    SpiInit                                  0x08006649   Thumb Code   230  spi-board.o(i.SpiInit)
    SysTick_Handler                          0x08006741   Thumb Code    12  board.o(i.SysTick_Handler)
    SystemInit                               0x08006845   Thumb Code    78  system_stm32f0xx_1.o(i.SystemInit)
    TimerGetCurrentTime                      0x080068a1   Thumb Code     8  timer.o(i.TimerGetCurrentTime)
    TimerGetElapsedTime                      0x080068a9   Thumb Code     8  timer.o(i.TimerGetElapsedTime)
    TimerInit                                0x080068b1   Thumb Code    14  timer.o(i.TimerInit)
    TimerIrqHandler                          0x08006941   Thumb Code    76  timer.o(i.TimerIrqHandler)
    TimerLowPowerHandler                     0x08006991   Thumb Code    40  timer.o(i.TimerLowPowerHandler)
    TimerSetValue                            0x080069d9   Thumb Code    16  timer.o(i.TimerSetValue)
    TimerStart                               0x080069e9   Thumb Code    92  timer.o(i.TimerStart)
    TimerStop                                0x08006a49   Thumb Code   140  timer.o(i.TimerStop)
    UART_AdvFeatureConfig                    0x08006ad9   Thumb Code   202  stm32f0xx_hal_uart.o(i.UART_AdvFeatureConfig)
    UART_CheckIdleState                      0x08006ba3   Thumb Code    18  stm32f0xx_hal_uart.o(i.UART_CheckIdleState)
    UART_EndTransmit_IT                      0x08006be7   Thumb Code    26  stm32f0xx_hal_uart.o(i.UART_EndTransmit_IT)
    UART_Receive_IT                          0x08006c01   Thumb Code   122  stm32f0xx_hal_uart.o(i.UART_Receive_IT)
    UART_SetConfig                           0x08006c7d   Thumb Code   280  stm32f0xx_hal_uart.o(i.UART_SetConfig)
    UART_Transmit_IT                         0x08006dad   Thumb Code   102  stm32f0xx_hal_uart.o(i.UART_Transmit_IT)
    USART1_IRQHandler                        0x08006e15   Thumb Code    10  uart-board.o(i.USART1_IRQHandler)
    UartConfig                               0x08006e25   Thumb Code    26  uart.o(i.UartConfig)
    UartGetChar                              0x08006e3f   Thumb Code    18  uart.o(i.UartGetChar)
    UartInit                                 0x08006e51   Thumb Code    22  uart.o(i.UartInit)
    UartMcuConfig                            0x08006e69   Thumb Code   178  uart-board.o(i.UartMcuConfig)
    UartMcuGetChar                           0x08006f29   Thumb Code    48  uart-board.o(i.UartMcuGetChar)
    UartMcuInit                              0x08006f59   Thumb Code    76  uart-board.o(i.UartMcuInit)
    UartMcuPutChar                           0x08006fa9   Thumb Code    64  uart-board.o(i.UartMcuPutChar)
    UartPutBuffer                            0x08006ff1   Thumb Code    58  uart.o(i.UartPutBuffer)
    UartPutChar                              0x0800702b   Thumb Code    18  uart.o(i.UartPutChar)
    __0sprintf                               0x080070dd   Thumb Code    36  printfa.o(i.__0sprintf)
    __1sprintf                               0x080070dd   Thumb Code     0  printfa.o(i.__0sprintf)
    __2sprintf                               0x080070dd   Thumb Code     0  printfa.o(i.__0sprintf)
    __c89sprintf                             0x080070dd   Thumb Code     0  printfa.o(i.__0sprintf)
    sprintf                                  0x080070dd   Thumb Code     0  printfa.o(i.__0sprintf)
    __0vsprintf                              0x08007105   Thumb Code    30  printfa.o(i.__0vsprintf)
    __1vsprintf                              0x08007105   Thumb Code     0  printfa.o(i.__0vsprintf)
    __2vsprintf                              0x08007105   Thumb Code     0  printfa.o(i.__0vsprintf)
    __c89vsprintf                            0x08007105   Thumb Code     0  printfa.o(i.__0vsprintf)
    vsprintf                                 0x08007105   Thumb Code     0  printfa.o(i.__0vsprintf)
    __ARM_clz                                0x08007129   Thumb Code    46  depilogue.o(i.__ARM_clz)
    __ARM_common_switch8                     0x08007157   Thumb Code    26  main.o(i.__ARM_common_switch8)
    __scatterload_copy                       0x08007171   Thumb Code    14  handlers.o(i.__scatterload_copy)
    __scatterload_null                       0x0800717f   Thumb Code     2  handlers.o(i.__scatterload_null)
    __scatterload_zeroinit                   0x08007181   Thumb Code    14  handlers.o(i.__scatterload_zeroinit)
    aes_encrypt                              0x08007a47   Thumb Code    84  aes.o(i.aes_encrypt)
    aes_set_key                              0x08007a9d   Thumb Code   248  aes.o(i.aes_set_key)
    ceil                                     0x08007b99   Thumb Code   180  ceil.o(i.ceil)
    floor                                    0x08007d29   Thumb Code   180  floor.o(i.floor)
    loraMcuIrqNotify                         0x08007df1   Thumb Code    16  board.o(i.loraMcuIrqNotify)
    main                                     0x08007e05   Thumb Code   260  main.o(i.main)
    memcpy1                                  0x08007f81   Thumb Code    22  utilities.o(i.memcpy1)
    memcpyr                                  0x08007f97   Thumb Code    26  utilities.o(i.memcpyr)
    memset1                                  0x08007fb1   Thumb Code    18  utilities.o(i.memset1)
    rand1                                    0x080081dd   Thumb Code    26  utilities.o(i.rand1)
    randr                                    0x08008209   Thumb Code    22  utilities.o(i.randr)
    round                                    0x08008221   Thumb Code   142  round.o(i.round)
    srand1                                   0x08008325   Thumb Code     6  utilities.o(i.srand1)
    Datarates                                0x080086b4   Data           6  loramac.o(.constdata)
    MaxPayloadOfDatarate                     0x080086ba   Data           6  loramac.o(.constdata)
    MaxPayloadOfDatarateRepeater             0x080086c0   Data           6  loramac.o(.constdata)
    TxPowers                                 0x080086c6   Data           8  loramac.o(.constdata)
    Bandwidths                               0x080086d8   Data          24  loramac.o(.constdata)
    AHBPrescTable                            0x08008708   Data          16  system_stm32f0xx_1.o(.constdata)
    APBPrescTable                            0x08008718   Data           8  system_stm32f0xx_1.o(.constdata)
    RadioRegsInit                            0x08008720   Data          48  sx1276.o(.constdata)
    FskBandwidths                            0x08008750   Data         176  sx1276.o(.constdata)
    Radio                                    0x08008800   Data          92  sx1276-board.o(.constdata)
    Region$$Table$$Base                      0x0800885c   Number         0  anon$$obj.o(Region$$Table)
    Region$$Table$$Limit                     0x0800887c   Number         0  anon$$obj.o(Region$$Table)
    isRxWindowOpen                           0x2000002c   Data           1  loramac.o(.data)
    LoRaMacFlags                             0x20000044   Data           1  loramac.o(.data)
    LoRaMacState                             0x20000060   Data           4  loramac.o(.data)
    TxTimeOnAir                              0x20000064   Data           4  loramac.o(.data)
    HasLoopedThroughMain                     0x200000c0   Data           1  timer.o(.data)
    uwTick                                   0x200000cc   Data           4  stm32f0xx_hal.o(.data)
    NonScheduledWakeUp                       0x200000d9   Data           1  rtc-board.o(.data)
    McuWakeUpTime                            0x200000e0   Data           4  rtc-board.o(.data)
    RxData                                   0x200000e8   Data           1  uart-board.o(.data)
    TxData                                   0x200000e9   Data           1  uart-board.o(.data)
    SystemCoreClock                          0x200000ec   Data           4  system_stm32f0xx_1.o(.data)
    DioIrq                                   0x200000f4   Data          24  sx1276.o(.data)
    ComplianceTest                           0x20000164   Data          20  main.o(.bss)
    LoRaMacParams                            0x200005b4   Data          56  loramac.o(.bss)
    LoRaMacParamsDefaults                    0x200005ec   Data          56  loramac.o(.bss)
    Uart1                                    0x20000920   Data          56  board.o(.bss)
    UARTTxBuffer                             0x2000096c   Data         512  board.o(.bss)
    UARTRxBuffer                             0x20000b6c   Data         512  board.o(.bss)
    RtcHandle                                0x20000dac   Data          32  rtc-board.o(.bss)
    RtcCalendarContext                       0x20000dcc   Data          28  rtc-board.o(.bss)
    UartHandle                               0x20000de8   Data         112  uart-board.o(.bss)
    SX1276                                   0x20000f58   Data         332  sx1276.o(.bss)
    TxTimeoutTimer                           0x200010a4   Data          20  sx1276.o(.bss)
    RxTimeoutTimer                           0x200010b8   Data          20  sx1276.o(.bss)
    RxTimeoutSyncWord                        0x200010cc   Data          20  sx1276.o(.bss)
    __initial_sp                             0x200014e0   Data           0  startup_stm32f030x8.o(STACK)



==============================================================================

Memory Map of the image

  Image Entry point : 0x080000b5

  Load Region LR_IROM1 (Base: 0x08000000, Size: 0x0000898c, Max: 0x00010000, ABSOLUTE)

    Execution Region ER_IROM1 (Exec base: 0x08000000, Load base: 0x08000000, Size: 0x0000887c, Max: 0x00010000, ABSOLUTE)

    Exec Addr    Load Addr    Size         Type   Attr      Idx    E Section Name        Object

    0x08000000   0x08000000   0x000000b4   Data   RO            3    RESET               startup_stm32f030x8.o
    0x080000b4   0x080000b4   0x00000000   Code   RO         4266  * .ARM.Collect$$$$00000000  mc_p.l(entry.o)
    0x080000b4   0x080000b4   0x00000004   Code   RO         4570    .ARM.Collect$$$$00000001  mc_p.l(entry2.o)
    0x080000b8   0x080000b8   0x00000004   Code   RO         4573    .ARM.Collect$$$$00000004  mc_p.l(entry5.o)
    0x080000bc   0x080000bc   0x00000000   Code   RO         4575    .ARM.Collect$$$$00000008  mc_p.l(entry7b.o)
    0x080000bc   0x080000bc   0x00000000   Code   RO         4577    .ARM.Collect$$$$0000000A  mc_p.l(entry8b.o)
    0x080000bc   0x080000bc   0x00000008   Code   RO         4578    .ARM.Collect$$$$0000000B  mc_p.l(entry9a.o)
    0x080000c4   0x080000c4   0x00000000   Code   RO         4580    .ARM.Collect$$$$0000000D  mc_p.l(entry10a.o)
    0x080000c4   0x080000c4   0x00000000   Code   RO         4582    .ARM.Collect$$$$0000000F  mc_p.l(entry11a.o)
    0x080000c4   0x080000c4   0x00000004   Code   RO         4571    .ARM.Collect$$$$00002712  mc_p.l(entry2.o)
    0x080000c8   0x080000c8   0x0000001c   Code   RO            4    .text               startup_stm32f030x8.o
    0x080000e4   0x080000e4   0x0000002c   Code   RO         4269    .text               mc_p.l(uidiv.o)
    0x08000110   0x08000110   0x00000028   Code   RO         4271    .text               mc_p.l(idiv.o)
    0x08000138   0x08000138   0x00000022   Code   RO         4273    .text               mc_p.l(llushr.o)
    0x0800015a   0x0800015a   0x00000024   Code   RO         4275    .text               mc_p.l(memcpya.o)
    0x0800017e   0x0800017e   0x00000024   Code   RO         4277    .text               mc_p.l(memseta.o)
    0x080001a2   0x080001a2   0x0000000e   Code   RO         4279    .text               mc_p.l(strlen.o)
    0x080001b0   0x080001b0   0x00000014   Code   RO         4544    .text               mc_p.l(uread4.o)
    0x080001c4   0x080001c4   0x00000164   Code   RO         4548    .text               mf_p.l(dadd.o)
    0x08000328   0x08000328   0x000000d0   Code   RO         4550    .text               mf_p.l(dmul.o)
    0x080003f8   0x080003f8   0x000000f0   Code   RO         4552    .text               mf_p.l(ddiv.o)
    0x080004e8   0x080004e8   0x0000002c   Code   RO         4554    .text               mf_p.l(dscalb.o)
    0x08000514   0x08000514   0x00000028   Code   RO         4556    .text               mf_p.l(dflti.o)
    0x0800053c   0x0800053c   0x0000001c   Code   RO         4558    .text               mf_p.l(dfltui.o)
    0x08000558   0x08000558   0x00000048   Code   RO         4562    .text               mf_p.l(dfixi.o)
    0x080005a0   0x080005a0   0x0000003c   Code   RO         4564    .text               mf_p.l(dfixui.o)
    0x080005dc   0x080005dc   0x00000028   Code   RO         4566    .text               mf_p.l(cdcmple.o)
    0x08000604   0x08000604   0x00000028   Code   RO         4568    .text               mf_p.l(cdrcmple.o)
    0x0800062c   0x0800062c   0x00000060   Code   RO         4587    .text               mc_p.l(uldiv.o)
    0x0800068c   0x0800068c   0x00000020   Code   RO         4589    .text               mc_p.l(llshl.o)
    0x080006ac   0x080006ac   0x00000026   Code   RO         4591    .text               mc_p.l(llsshr.o)
    0x080006d2   0x080006d2   0x00000000   Code   RO         4593    .text               mc_p.l(iusefp.o)
    0x080006d2   0x080006d2   0x000000be   Code   RO         4594    .text               mf_p.l(depilogue.o)
    0x08000790   0x08000790   0x0000007c   Code   RO         4598    .text               mf_p.l(drnd.o)
    0x0800080c   0x0800080c   0x00000040   Code   RO         4600    .text               mf_p.l(dfixul.o)
    0x0800084c   0x0800084c   0x00000024   Code   RO         4602    .text               mc_p.l(init.o)
    0x08000870   0x08000870   0x0000013c   Code   RO          302    i.AES_CMAC_Final    cmac.o
    0x080009ac   0x080009ac   0x00000020   Code   RO          303    i.AES_CMAC_Init     cmac.o
    0x080009cc   0x080009cc   0x00000010   Code   RO          304    i.AES_CMAC_SetKey   cmac.o
    0x080009dc   0x080009dc   0x000000be   Code   RO          305    i.AES_CMAC_Update   cmac.o
    0x08000a9a   0x08000a9a   0x00000002   PAD
    0x08000a9c   0x08000a9c   0x00000088   Code   RO          473    i.AddMacCommand     loramac.o
    0x08000b24   0x08000b24   0x00000060   Code   RO          474    i.AdrNextDr         loramac.o
    0x08000b84   0x08000b84   0x0000003e   Code   RO          475    i.AlternateDatarate  loramac.o
    0x08000bc2   0x08000bc2   0x00000002   PAD
    0x08000bc4   0x08000bc4   0x00000014   Code   RO         3568    i.BlockLowPowerDuringTask  rtc-board.o
    0x08000bd8   0x08000bd8   0x00000010   Code   RO         3333    i.BoardDisableIrq   board.o
    0x08000be8   0x08000be8   0x00000018   Code   RO         3334    i.BoardEnableIrq    board.o
    0x08000c00   0x08000c00   0x00000034   Code   RO         3335    i.BoardGetBatteryLevel  board.o
    0x08000c34   0x08000c34   0x00000120   Code   RO         3339    i.BoardInitMcu      board.o
    0x08000d54   0x08000d54   0x00000002   Code   RO         3340    i.BoardInitPeriph   board.o
    0x08000d56   0x08000d56   0x00000002   PAD
    0x08000d58   0x08000d58   0x0000008c   Code   RO          476    i.CalculateBackOff  loramac.o
    0x08000de4   0x08000de4   0x0000012c   Code   RO          477    i.ComputeRxWindowParameters  loramac.o
    0x08000f10   0x08000f10   0x00000022   Code   RO          478    i.CountBits         loramac.o
    0x08000f32   0x08000f32   0x00000002   PAD
    0x08000f34   0x08000f34   0x0000002c   Code   RO          904    i.DebugPrintf       uart.o
    0x08000f60   0x08000f60   0x00000008   Code   RO          338    i.DelayMs           delay.o
    0x08000f68   0x08000f68   0x0000000c   Code   RO          372    i.FifoInit          fifo.o
    0x08000f74   0x08000f74   0x00000010   Code   RO          373    i.FifoNext          fifo.o
    0x08000f84   0x08000f84   0x0000001c   Code   RO          374    i.FifoPop           fifo.o
    0x08000fa0   0x08000fa0   0x00000014   Code   RO          375    i.FifoPush          fifo.o
    0x08000fb4   0x08000fb4   0x00000004   Code   RO         3341    i.GetBoardPowerSource  board.o
    0x08000fb8   0x08000fb8   0x0000002c   Code   RO         3942    i.GetFskBandwidthRegValue  sx1276.o
    0x08000fe4   0x08000fe4   0x00000016   Code   RO          420    i.GpioInit          gpio.o
    0x08000ffa   0x08000ffa   0x00000002   PAD
    0x08000ffc   0x08000ffc   0x000000c8   Code   RO         3475    i.GpioMcuInit       gpio-board.o
    0x080010c4   0x080010c4   0x000000f4   Code   RO         3478    i.GpioMcuSetInterrupt  gpio-board.o
    0x080011b8   0x080011b8   0x00000016   Code   RO         3480    i.GpioMcuWrite      gpio-board.o
    0x080011ce   0x080011ce   0x00000012   Code   RO          423    i.GpioSetInterrupt  gpio.o
    0x080011e0   0x080011e0   0x00000012   Code   RO          425    i.GpioWrite         gpio.o
    0x080011f2   0x080011f2   0x00000002   PAD
    0x080011f4   0x080011f4   0x00000010   Code   RO         2176    i.HAL_DBGMCU_EnableDBGStandbyMode  stm32f0xx_hal.o
    0x08001204   0x08001204   0x00000010   Code   RO         2177    i.HAL_DBGMCU_EnableDBGStopMode  stm32f0xx_hal.o
    0x08001214   0x08001214   0x00000048   Code   RO         2838    i.HAL_DMA_Abort_IT  stm32f0xx_hal_dma.o
    0x0800125c   0x0800125c   0x0000001c   Code   RO         2179    i.HAL_Delay         stm32f0xx_hal.o
    0x08001278   0x08001278   0x00000148   Code   RO         2776    i.HAL_GPIO_Init     stm32f0xx_hal_gpio.o
    0x080013c0   0x080013c0   0x0000000c   Code   RO         2780    i.HAL_GPIO_WritePin  stm32f0xx_hal_gpio.o
    0x080013cc   0x080013cc   0x0000000c   Code   RO         2183    i.HAL_GetTick       stm32f0xx_hal.o
    0x080013d8   0x080013d8   0x00000010   Code   RO         2187    i.HAL_IncTick       stm32f0xx_hal.o
    0x080013e8   0x080013e8   0x00000020   Code   RO         2188    i.HAL_Init          stm32f0xx_hal.o
    0x08001408   0x08001408   0x00000022   Code   RO         2189    i.HAL_InitTick      stm32f0xx_hal.o
    0x0800142a   0x0800142a   0x00000002   PAD
    0x0800142c   0x0800142c   0x00000038   Code   RO         3801    i.HAL_MspInit       stm32f0xx_hal_msp.o
    0x08001464   0x08001464   0x00000014   Code   RO         2933    i.HAL_NVIC_EnableIRQ  stm32f0xx_hal_cortex.o
    0x08001478   0x08001478   0x00000008   Code   RO         2937    i.HAL_NVIC_SetPriority  stm32f0xx_hal_cortex.o
    0x08001480   0x08001480   0x00000010   Code   RO         3030    i.HAL_PWR_EnableBkUpAccess  stm32f0xx_hal_pwr.o
    0x08001490   0x08001490   0x000000e8   Code   RO         2144    i.HAL_RCCEx_PeriphCLKConfig  stm32f0xx_hal_rcc_ex.o
    0x08001578   0x08001578   0x0000012c   Code   RO         2051    i.HAL_RCC_ClockConfig  stm32f0xx_hal_rcc.o
    0x080016a4   0x080016a4   0x0000000c   Code   RO         2056    i.HAL_RCC_GetHCLKFreq  stm32f0xx_hal_rcc.o
    0x080016b0   0x080016b0   0x00000020   Code   RO         2058    i.HAL_RCC_GetPCLK1Freq  stm32f0xx_hal_rcc.o
    0x080016d0   0x080016d0   0x00000078   Code   RO         2059    i.HAL_RCC_GetSysClockFreq  stm32f0xx_hal_rcc.o
    0x08001748   0x08001748   0x00000354   Code   RO         2062    i.HAL_RCC_OscConfig  stm32f0xx_hal_rcc.o
    0x08001a9c   0x08001a9c   0x0000003a   Code   RO         1175    i.HAL_RTCEx_EnableBypassShadow  stm32f0xx_hal_rtc_ex.o
    0x08001ad6   0x08001ad6   0x00000008   Code   RO         3569    i.HAL_RTC_AlarmAEventCallback  rtc-board.o
    0x08001ade   0x08001ade   0x00000072   Code   RO         1040    i.HAL_RTC_DeactivateAlarm  stm32f0xx_hal_rtc.o
    0x08001b50   0x08001b50   0x00000070   Code   RO         1041    i.HAL_RTC_GetAlarm  stm32f0xx_hal_rtc.o
    0x08001bc0   0x08001bc0   0x00000044   Code   RO         1042    i.HAL_RTC_GetDate   stm32f0xx_hal_rtc.o
    0x08001c04   0x08001c04   0x0000005c   Code   RO         1044    i.HAL_RTC_GetTime   stm32f0xx_hal_rtc.o
    0x08001c60   0x08001c60   0x000000b4   Code   RO         1045    i.HAL_RTC_Init      stm32f0xx_hal_rtc.o
    0x08001d14   0x08001d14   0x00000030   Code   RO         3803    i.HAL_RTC_MspInit   stm32f0xx_hal_msp.o
    0x08001d44   0x08001d44   0x0000012c   Code   RO         1050    i.HAL_RTC_SetAlarm_IT  stm32f0xx_hal_rtc.o
    0x08001e70   0x08001e70   0x000000c8   Code   RO         1051    i.HAL_RTC_SetDate   stm32f0xx_hal_rtc.o
    0x08001f38   0x08001f38   0x000000e4   Code   RO         1052    i.HAL_RTC_SetTime   stm32f0xx_hal_rtc.o
    0x0800201c   0x0800201c   0x00000034   Code   RO         1053    i.HAL_RTC_WaitForSynchro  stm32f0xx_hal_rtc.o
    0x08002050   0x08002050   0x000000b8   Code   RO         1327    i.HAL_SPI_Init      stm32f0xx_hal_spi.o
    0x08002108   0x08002108   0x0000006c   Code   RO         3805    i.HAL_SPI_MspInit   stm32f0xx_hal_msp.o
    0x08002174   0x08002174   0x00000018   Code   RO         2939    i.HAL_SYSTICK_CLKSourceConfig  stm32f0xx_hal_cortex.o
    0x0800218c   0x0800218c   0x00000002   Code   RO         2940    i.HAL_SYSTICK_Callback  stm32f0xx_hal_cortex.o
    0x0800218e   0x0800218e   0x00000002   PAD
    0x08002190   0x08002190   0x00000030   Code   RO         2941    i.HAL_SYSTICK_Config  stm32f0xx_hal_cortex.o
    0x080021c0   0x080021c0   0x00000008   Code   RO         2942    i.HAL_SYSTICK_IRQHandler  stm32f0xx_hal_cortex.o
    0x080021c8   0x080021c8   0x00000018   Code   RO         3729    i.HAL_UART_ErrorCallback  uart-board.o
    0x080021e0   0x080021e0   0x00000114   Code   RO         1710    i.HAL_UART_IRQHandler  stm32f0xx_hal_uart.o
    0x080022f4   0x080022f4   0x0000006c   Code   RO         1711    i.HAL_UART_Init     stm32f0xx_hal_uart.o
    0x08002360   0x08002360   0x00000074   Code   RO         3807    i.HAL_UART_MspInit  stm32f0xx_hal_msp.o
    0x080023d4   0x080023d4   0x00000088   Code   RO         1716    i.HAL_UART_Receive_IT  stm32f0xx_hal_uart.o
    0x0800245c   0x0800245c   0x00000040   Code   RO         3730    i.HAL_UART_RxCpltCallback  uart-board.o
    0x0800249c   0x0800249c   0x00000058   Code   RO         1721    i.HAL_UART_Transmit_IT  stm32f0xx_hal_uart.o
    0x080024f4   0x080024f4   0x00000040   Code   RO         3731    i.HAL_UART_TxCpltCallback  uart-board.o
    0x08002534   0x08002534   0x00000002   Code   RO         3860    i.HardFault_Handler  stm32f0xx_it.o
    0x08002536   0x08002536   0x0000005e   Code   RO         3342    i.HexToString       board.o
    0x08002594   0x08002594   0x00000010   Code   RO          376    i.IsFifoEmpty       fifo.o
    0x080025a4   0x080025a4   0x00000018   Code   RO          377    i.IsFifoFull        fifo.o
    0x080025bc   0x080025bc   0x00000008   Code   RO          479    i.LimitTxPower      loramac.o
    0x080025c4   0x080025c4   0x0000007c   Code   RO          745    i.LoRaMacComputeMic  loramaccrypto.o
    0x08002640   0x08002640   0x000001c0   Code   RO          482    i.LoRaMacInitialization  loramac.o
    0x08002800   0x08002800   0x00000048   Code   RO          746    i.LoRaMacJoinComputeMic  loramaccrypto.o
    0x08002848   0x08002848   0x00000088   Code   RO          747    i.LoRaMacJoinComputeSKeys  loramaccrypto.o
    0x080028d0   0x080028d0   0x00000040   Code   RO          748    i.LoRaMacJoinDecrypt  loramaccrypto.o
    0x08002910   0x08002910   0x000000e8   Code   RO          483    i.LoRaMacMcpsRequest  loramac.o
    0x080029f8   0x080029f8   0x000000fc   Code   RO          484    i.LoRaMacMibGetRequestConfirm  loramac.o
    0x08002af4   0x08002af4   0x000001ac   Code   RO          485    i.LoRaMacMibSetRequestConfirm  loramac.o
    0x08002ca0   0x08002ca0   0x00000100   Code   RO          486    i.LoRaMacMlmeRequest  loramac.o
    0x08002da0   0x08002da0   0x00000010   Code   RO          749    i.LoRaMacPayloadDecrypt  loramaccrypto.o
    0x08002db0   0x08002db0   0x000000c0   Code   RO          750    i.LoRaMacPayloadEncrypt  loramaccrypto.o
    0x08002e70   0x08002e70   0x00000084   Code   RO          489    i.LoRaMacQueryTxPossible  loramac.o
    0x08002ef4   0x08002ef4   0x0000000c   Code   RO           12    i.McpsConfirm       main.o
    0x08002f00   0x08002f00   0x00000264   Code   RO           13    i.McpsIndication    main.o
    0x08003164   0x08003164   0x000000a0   Code   RO           14    i.MlmeConfirm       main.o
    0x08003204   0x08003204   0x00000002   Code   RO         3861    i.NMI_Handler       stm32f0xx_it.o
    0x08003206   0x08003206   0x00000002   PAD
    0x08003208   0x08003208   0x00000044   Code   RO         2943    i.NVIC_SetPriority  stm32f0xx_hal_cortex.o
    0x0800324c   0x0800324c   0x00000038   Code   RO          494    i.OnAckTimeoutTimerEvent  loramac.o
    0x08003284   0x08003284   0x0000003c   Code   RO         3343    i.OnCalibrateSystemWakeupTimeTimerEvent  board.o
    0x080032c0   0x080032c0   0x00000224   Code   RO          495    i.OnMacStateCheckTimerEvent  loramac.o
    0x080034e4   0x080034e4   0x000004c8   Code   RO          496    i.OnRadioRxDone     loramac.o
    0x080039ac   0x080039ac   0x00000064   Code   RO          497    i.OnRadioRxError    loramac.o
    0x08003a10   0x08003a10   0x0000004c   Code   RO          498    i.OnRadioRxTimeout  loramac.o
    0x08003a5c   0x08003a5c   0x000000e0   Code   RO          499    i.OnRadioTxDone     loramac.o
    0x08003b3c   0x08003b3c   0x0000003c   Code   RO          500    i.OnRadioTxTimeout  loramac.o
    0x08003b78   0x08003b78   0x00000058   Code   RO          501    i.OnRxWindow1TimerEvent  loramac.o
    0x08003bd0   0x08003bd0   0x00000040   Code   RO          502    i.OnRxWindow2TimerEvent  loramac.o
    0x08003c10   0x08003c10   0x00000068   Code   RO          503    i.OnTxDelayedTimerEvent  loramac.o
    0x08003c78   0x08003c78   0x00000088   Code   RO           15    i.OnTxNextPacketTimerEvent  main.o
    0x08003d00   0x08003d00   0x00000052   Code   RO          504    i.ParseMacCommandsToRepeat  loramac.o
    0x08003d52   0x08003d52   0x00000002   Code   RO         3862    i.PendSV_Handler    stm32f0xx_it.o
    0x08003d54   0x08003d54   0x00000234   Code   RO          505    i.PrepareFrame      loramac.o
    0x08003f88   0x08003f88   0x0000003c   Code   RO          506    i.PrepareRxDoneAbort  loramac.o
    0x08003fc4   0x08003fc4   0x00000080   Code   RO           16    i.PrepareTxFrame    main.o
    0x08004044   0x08004044   0x00000314   Code   RO          507    i.ProcessMacCommands  loramac.o
    0x08004358   0x08004358   0x00000010   Code   RO         1054    i.RTC_Bcd2ToByte    stm32f0xx_hal_rtc.o
    0x08004368   0x08004368   0x00000016   Code   RO         1055    i.RTC_ByteToBcd2    stm32f0xx_hal_rtc.o
    0x0800437e   0x0800437e   0x00000038   Code   RO         1056    i.RTC_EnterInitMode  stm32f0xx_hal_rtc.o
    0x080043b6   0x080043b6   0x00000002   PAD
    0x080043b8   0x080043b8   0x00000048   Code   RO         3863    i.RTC_IRQHandler    stm32f0xx_it.o
    0x08004400   0x08004400   0x00000074   Code   RO          508    i.ResetMacParameters  loramac.o
    0x08004474   0x08004474   0x0000001e   Code   RO         3570    i.RtcComputeElapsedTime  rtc-board.o
    0x08004492   0x08004492   0x00000002   PAD
    0x08004494   0x08004494   0x000001c8   Code   RO         3572    i.RtcComputeTimerTimeToAlarmTick  rtc-board.o
    0x0800465c   0x0800465c   0x00000090   Code   RO         3573    i.RtcComputeWakeUpTime  rtc-board.o
    0x080046ec   0x080046ec   0x00000114   Code   RO         3574    i.RtcConvertCalendarTickToTimerTime  rtc-board.o
    0x08004800   0x08004800   0x00000034   Code   RO         3577    i.RtcGetAdjustedTimeoutValue  rtc-board.o
    0x08004834   0x08004834   0x0000005c   Code   RO         3578    i.RtcGetCalendar    rtc-board.o
    0x08004890   0x08004890   0x00000024   Code   RO         3579    i.RtcGetElapsedAlarmTime  rtc-board.o
    0x080048b4   0x080048b4   0x0000000a   Code   RO         3580    i.RtcGetTimerValue  rtc-board.o
    0x080048be   0x080048be   0x00000002   PAD
    0x080048c0   0x080048c0   0x000000a0   Code   RO         3581    i.RtcInit           rtc-board.o
    0x08004960   0x08004960   0x00000044   Code   RO         3582    i.RtcRecoverMcuStatus  rtc-board.o
    0x080049a4   0x080049a4   0x00000008   Code   RO         3583    i.RtcSetTimeout     rtc-board.o
    0x080049ac   0x080049ac   0x000000b0   Code   RO         3584    i.RtcStartWakeUpAlarm  rtc-board.o
    0x08004a5c   0x08004a5c   0x00000094   Code   RO         3943    i.RxChainCalibration  sx1276.o
    0x08004af0   0x08004af0   0x00000098   Code   RO          509    i.RxWindowSetup     loramac.o
    0x08004b88   0x08004b88   0x00000002   Code   RO         3864    i.SVC_Handler       stm32f0xx_it.o
    0x08004b8a   0x08004b8a   0x00000004   Code   RO         4174    i.SX1276CheckRfFrequency  sx1276-board.o
    0x08004b8e   0x08004b8e   0x00000002   PAD
    0x08004b90   0x08004b90   0x00000014   Code   RO         4175    i.SX1276GetPaSelect  sx1276-board.o
    0x08004ba4   0x08004ba4   0x0000000c   Code   RO         3944    i.SX1276GetStatus   sx1276.o
    0x08004bb0   0x08004bb0   0x000001dc   Code   RO         3945    i.SX1276GetTimeOnAir  sx1276.o
    0x08004d8c   0x08004d8c   0x00000078   Code   RO         3946    i.SX1276Init        sx1276.o
    0x08004e04   0x08004e04   0x00000040   Code   RO         4177    i.SX1276IoInit      sx1276-board.o
    0x08004e44   0x08004e44   0x00000024   Code   RO         4178    i.SX1276IoIrqInit   sx1276-board.o
    0x08004e68   0x08004e68   0x00000036   Code   RO         3947    i.SX1276IsChannelFree  sx1276.o
    0x08004e9e   0x08004e9e   0x00000002   PAD
    0x08004ea0   0x08004ea0   0x00000258   Code   RO         3948    i.SX1276OnDio0Irq   sx1276.o
    0x080050f8   0x080050f8   0x000000e4   Code   RO         3949    i.SX1276OnDio1Irq   sx1276.o
    0x080051dc   0x080051dc   0x000000c0   Code   RO         3950    i.SX1276OnDio2Irq   sx1276.o
    0x0800529c   0x0800529c   0x00000054   Code   RO         3951    i.SX1276OnDio3Irq   sx1276.o
    0x080052f0   0x080052f0   0x0000001c   Code   RO         3952    i.SX1276OnDio4Irq   sx1276.o
    0x0800530c   0x0800530c   0x000000c8   Code   RO         3954    i.SX1276OnTimeoutIrq  sx1276.o
    0x080053d4   0x080053d4   0x0000003e   Code   RO         3955    i.SX1276Random      sx1276.o
    0x08005412   0x08005412   0x00000010   Code   RO         3956    i.SX1276Read        sx1276.o
    0x08005422   0x08005422   0x00000002   PAD
    0x08005424   0x08005424   0x00000044   Code   RO         3957    i.SX1276ReadBuffer  sx1276.o
    0x08005468   0x08005468   0x0000000e   Code   RO         3958    i.SX1276ReadFifo    sx1276.o
    0x08005476   0x08005476   0x00000002   PAD
    0x08005478   0x08005478   0x00000044   Code   RO         3959    i.SX1276ReadRssi    sx1276.o
    0x080054bc   0x080054bc   0x00000038   Code   RO         3960    i.SX1276Reset       sx1276.o
    0x080054f4   0x080054f4   0x000000f4   Code   RO         3961    i.SX1276Send        sx1276.o
    0x080055e8   0x080055e8   0x00000002   Code   RO         4179    i.SX1276SetAntSw    sx1276-board.o
    0x080055ea   0x080055ea   0x00000002   PAD
    0x080055ec   0x080055ec   0x00000010   Code   RO         4180    i.SX1276SetAntSwLowPower  sx1276-board.o
    0x080055fc   0x080055fc   0x00000040   Code   RO         3962    i.SX1276SetChannel  sx1276.o
    0x0800563c   0x0800563c   0x00000030   Code   RO         3963    i.SX1276SetMaxPayloadLength  sx1276.o
    0x0800566c   0x0800566c   0x00000070   Code   RO         3964    i.SX1276SetModem    sx1276.o
    0x080056dc   0x080056dc   0x0000002e   Code   RO         3965    i.SX1276SetOpMode   sx1276.o
    0x0800570a   0x0800570a   0x00000002   PAD
    0x0800570c   0x0800570c   0x00000024   Code   RO         3966    i.SX1276SetPublicNetwork  sx1276.o
    0x08005730   0x08005730   0x000000a0   Code   RO         4181    i.SX1276SetRfTxPower  sx1276-board.o
    0x080057d0   0x080057d0   0x00000230   Code   RO         3967    i.SX1276SetRx       sx1276.o
    0x08005a00   0x08005a00   0x00000298   Code   RO         3968    i.SX1276SetRxConfig  sx1276.o
    0x08005c98   0x08005c98   0x00000024   Code   RO         3969    i.SX1276SetSleep    sx1276.o
    0x08005cbc   0x08005cbc   0x00000024   Code   RO         3970    i.SX1276SetStby     sx1276.o
    0x08005ce0   0x08005ce0   0x000000a0   Code   RO         3971    i.SX1276SetTx       sx1276.o
    0x08005d80   0x08005d80   0x000001f4   Code   RO         3972    i.SX1276SetTxConfig  sx1276.o
    0x08005f74   0x08005f74   0x00000090   Code   RO         3973    i.SX1276SetTxContinuousWave  sx1276.o
    0x08006004   0x08006004   0x00000038   Code   RO         3974    i.SX1276StartCad    sx1276.o
    0x0800603c   0x0800603c   0x0000000c   Code   RO         3975    i.SX1276Write       sx1276.o
    0x08006048   0x08006048   0x00000044   Code   RO         3976    i.SX1276WriteBuffer  sx1276.o
    0x0800608c   0x0800608c   0x0000000e   Code   RO         3977    i.SX1276WriteFifo   sx1276.o
    0x0800609a   0x0800609a   0x00000002   PAD
    0x0800609c   0x0800609c   0x0000011c   Code   RO          510    i.ScheduleTx        loramac.o
    0x080061b8   0x080061b8   0x00000040   Code   RO          511    i.Send              loramac.o
    0x080061f8   0x080061f8   0x00000064   Code   RO           17    i.SendFrame         main.o
    0x0800625c   0x0800625c   0x000000e0   Code   RO          512    i.SendFrameOnChannel  loramac.o
    0x0800633c   0x0800633c   0x000001bc   Code   RO          513    i.SetNextChannel    loramac.o
    0x080064f8   0x080064f8   0x00000070   Code   RO          514    i.SetTxContinuousWave  loramac.o
    0x08006568   0x08006568   0x0000003c   Code   RO          515    i.SetTxContinuousWave1  loramac.o
    0x080065a4   0x080065a4   0x00000036   Code   RO         3686    i.SpiFormat         spi-board.o
    0x080065da   0x080065da   0x00000002   PAD
    0x080065dc   0x080065dc   0x00000034   Code   RO         3687    i.SpiFrequency      spi-board.o
    0x08006610   0x08006610   0x00000038   Code   RO         3688    i.SpiInOut          spi-board.o
    0x08006648   0x08006648   0x000000f8   Code   RO         3689    i.SpiInit           spi-board.o
    0x08006740   0x08006740   0x0000000c   Code   RO         3345    i.SysTick_Handler   board.o
    0x0800674c   0x0800674c   0x000000a4   Code   RO         3346    i.SystemClockConfig  board.o
    0x080067f0   0x080067f0   0x00000054   Code   RO         3347    i.SystemClockReConfig  board.o
    0x08006844   0x08006844   0x0000005c   Code   RO         3909    i.SystemInit        system_stm32f0xx_1.o
    0x080068a0   0x080068a0   0x00000008   Code   RO          806    i.TimerGetCurrentTime  timer.o
    0x080068a8   0x080068a8   0x00000008   Code   RO          807    i.TimerGetElapsedTime  timer.o
    0x080068b0   0x080068b0   0x0000000e   Code   RO          810    i.TimerInit         timer.o
    0x080068be   0x080068be   0x00000002   PAD
    0x080068c0   0x080068c0   0x00000028   Code   RO          811    i.TimerInsertNewHeadTimer  timer.o
    0x080068e8   0x080068e8   0x00000058   Code   RO          812    i.TimerInsertTimer  timer.o
    0x08006940   0x08006940   0x00000050   Code   RO          813    i.TimerIrqHandler   timer.o
    0x08006990   0x08006990   0x0000002c   Code   RO          814    i.TimerLowPowerHandler  timer.o
    0x080069bc   0x080069bc   0x0000001c   Code   RO          816    i.TimerSetTimeout   timer.o
    0x080069d8   0x080069d8   0x00000010   Code   RO          817    i.TimerSetValue     timer.o
    0x080069e8   0x080069e8   0x00000060   Code   RO          818    i.TimerStart        timer.o
    0x08006a48   0x08006a48   0x00000090   Code   RO          819    i.TimerStop         timer.o
    0x08006ad8   0x08006ad8   0x000000ca   Code   RO         1724    i.UART_AdvFeatureConfig  stm32f0xx_hal_uart.o
    0x08006ba2   0x08006ba2   0x00000012   Code   RO         1725    i.UART_CheckIdleState  stm32f0xx_hal_uart.o
    0x08006bb4   0x08006bb4   0x00000014   Code   RO         1726    i.UART_DMAAbortOnError  stm32f0xx_hal_uart.o
    0x08006bc8   0x08006bc8   0x0000001e   Code   RO         1736    i.UART_EndRxTransfer  stm32f0xx_hal_uart.o
    0x08006be6   0x08006be6   0x0000001a   Code   RO         1737    i.UART_EndTransmit_IT  stm32f0xx_hal_uart.o
    0x08006c00   0x08006c00   0x0000007a   Code   RO         1739    i.UART_Receive_IT   stm32f0xx_hal_uart.o
    0x08006c7a   0x08006c7a   0x00000002   PAD
    0x08006c7c   0x08006c7c   0x00000130   Code   RO         1740    i.UART_SetConfig    stm32f0xx_hal_uart.o
    0x08006dac   0x08006dac   0x00000066   Code   RO         1741    i.UART_Transmit_IT  stm32f0xx_hal_uart.o
    0x08006e12   0x08006e12   0x00000002   PAD
    0x08006e14   0x08006e14   0x00000010   Code   RO         3732    i.USART1_IRQHandler  uart-board.o
    0x08006e24   0x08006e24   0x0000001a   Code   RO          905    i.UartConfig        uart.o
    0x08006e3e   0x08006e3e   0x00000012   Code   RO          908    i.UartGetChar       uart.o
    0x08006e50   0x08006e50   0x00000016   Code   RO          909    i.UartInit          uart.o
    0x08006e66   0x08006e66   0x00000002   PAD
    0x08006e68   0x08006e68   0x000000c0   Code   RO         3733    i.UartMcuConfig     uart-board.o
    0x08006f28   0x08006f28   0x00000030   Code   RO         3735    i.UartMcuGetChar    uart-board.o
    0x08006f58   0x08006f58   0x00000050   Code   RO         3736    i.UartMcuInit       uart-board.o
    0x08006fa8   0x08006fa8   0x00000048   Code   RO         3737    i.UartMcuPutChar    uart-board.o
    0x08006ff0   0x08006ff0   0x0000003a   Code   RO          910    i.UartPutBuffer     uart.o
    0x0800702a   0x0800702a   0x00000012   Code   RO          911    i.UartPutChar       uart.o
    0x0800703c   0x0800703c   0x00000064   Code   RO          516    i.ValidateDatarate  loramac.o
    0x080070a0   0x080070a0   0x0000002c   Code   RO          517    i.ValidatePayloadLength  loramac.o
    0x080070cc   0x080070cc   0x00000010   Code   RO          518    i.ValueInRange      loramac.o
    0x080070dc   0x080070dc   0x00000028   Code   RO         4518    i.__0sprintf        mc_p.l(printfa.o)
    0x08007104   0x08007104   0x00000024   Code   RO         4522    i.__0vsprintf       mc_p.l(printfa.o)
    0x08007128   0x08007128   0x0000002e   Code   RO         4596    i.__ARM_clz         mf_p.l(depilogue.o)
    0x08007156   0x08007156   0x0000001a   Code   RO           61    i.__ARM_common_switch8  main.o
    0x08007170   0x08007170   0x0000000e   Code   RO         4608    i.__scatterload_copy  mc_p.l(handlers.o)
    0x0800717e   0x0800717e   0x00000002   Code   RO         4609    i.__scatterload_null  mc_p.l(handlers.o)
    0x08007180   0x08007180   0x0000000e   Code   RO         4610    i.__scatterload_zeroinit  mc_p.l(handlers.o)
    0x0800718e   0x0800718e   0x00000002   PAD
    0x08007190   0x08007190   0x00000174   Code   RO         4523    i._fp_digits        mc_p.l(printfa.o)
    0x08007304   0x08007304   0x000006ec   Code   RO         4524    i._printf_core      mc_p.l(printfa.o)
    0x080079f0   0x080079f0   0x00000020   Code   RO         4525    i._printf_post_padding  mc_p.l(printfa.o)
    0x08007a10   0x08007a10   0x0000002c   Code   RO         4526    i._printf_pre_padding  mc_p.l(printfa.o)
    0x08007a3c   0x08007a3c   0x0000000a   Code   RO         4528    i._sputc            mc_p.l(printfa.o)
    0x08007a46   0x08007a46   0x00000054   Code   RO          246    i.aes_encrypt       aes.o
    0x08007a9a   0x08007a9a   0x00000002   PAD
    0x08007a9c   0x08007a9c   0x000000fc   Code   RO          247    i.aes_set_key       aes.o
    0x08007b98   0x08007b98   0x000000c8   Code   RO         4257    i.ceil              m_ps.l(ceil.o)
    0x08007c60   0x08007c60   0x00000084   Code   RO          248    i.copy_and_key      aes.o
    0x08007ce4   0x08007ce4   0x00000042   Code   RO          249    i.copy_block        aes.o
    0x08007d26   0x08007d26   0x00000002   PAD
    0x08007d28   0x08007d28   0x000000c8   Code   RO         4261    i.floor             m_ps.l(floor.o)
    0x08007df0   0x08007df0   0x00000014   Code   RO         3349    i.loraMcuIrqNotify  board.o
    0x08007e04   0x08007e04   0x0000017c   Code   RO           18    i.main              main.o
    0x08007f80   0x08007f80   0x00000016   Code   RO          973    i.memcpy1           utilities.o
    0x08007f96   0x08007f96   0x0000001a   Code   RO          974    i.memcpyr           utilities.o
    0x08007fb0   0x08007fb0   0x00000012   Code   RO          975    i.memset1           utilities.o
    0x08007fc2   0x08007fc2   0x00000002   PAD
    0x08007fc4   0x08007fc4   0x00000218   Code   RO          250    i.mix_sub_columns   aes.o
    0x080081dc   0x080081dc   0x0000002c   Code   RO          976    i.rand1             utilities.o
    0x08008208   0x08008208   0x00000016   Code   RO          977    i.randr             utilities.o
    0x0800821e   0x0800821e   0x00000002   PAD
    0x08008220   0x08008220   0x0000009c   Code   RO         4264    i.round             m_ps.l(round.o)
    0x080082bc   0x080082bc   0x00000068   Code   RO          251    i.shift_sub_rows    aes.o
    0x08008324   0x08008324   0x0000000c   Code   RO          978    i.srand1            utilities.o
    0x08008330   0x08008330   0x00000082   Code   RO          252    i.xor_block         aes.o
    0x080083b2   0x080083b2   0x00000300   Data   RO          253    .constdata          aes.o
    0x080086b2   0x080086b2   0x00000002   PAD
    0x080086b4   0x080086b4   0x0000003c   Data   RO          520    .constdata          loramac.o
    0x080086f0   0x080086f0   0x00000018   Data   RO         3586    .constdata          rtc-board.o
    0x08008708   0x08008708   0x00000010   Data   RO         3910    .constdata          system_stm32f0xx_1.o
    0x08008718   0x08008718   0x00000008   Data   RO         3911    .constdata          system_stm32f0xx_1.o
    0x08008720   0x08008720   0x000000e0   Data   RO         3979    .constdata          sx1276.o
    0x08008800   0x08008800   0x0000005c   Data   RO         4182    .constdata          sx1276-board.o
    0x0800885c   0x0800885c   0x00000020   Data   RO         4606    Region$$Table       anon$$obj.o


    Execution Region RW_IRAM1 (Exec base: 0x20000000, Load base: 0x0800887c, Size: 0x000014e0, Max: 0x00002000, ABSOLUTE)

    Exec Addr    Load Addr    Size         Type   Attr      Idx    E Section Name        Object

    0x20000000   0x0800887c   0x0000002c   Data   RW           20    .data               main.o
    0x2000002c   0x080088a8   0x00000074   Data   RW          521    .data               loramac.o
    0x200000a0   0x0800891c   0x00000020   Data   RW          752    .data               loramaccrypto.o
    0x200000c0   0x0800893c   0x00000008   Data   RW          820    .data               timer.o
    0x200000c8   0x08008944   0x00000004   Data   RW          979    .data               utilities.o
    0x200000cc   0x08008948   0x00000004   Data   RW         2194    .data               stm32f0xx_hal.o
    0x200000d0   0x0800894c   0x00000006   Data   RW         3355    .data               board.o
    0x200000d6   0x08008952   0x00000002   PAD
    0x200000d8   0x08008954   0x00000010   Data   RW         3587    .data               rtc-board.o
    0x200000e8   0x08008964   0x00000002   Data   RW         3739    .data               uart-board.o
    0x200000ea   0x08008966   0x00000002   PAD
    0x200000ec   0x08008968   0x00000004   Data   RW         3912    .data               system_stm32f0xx_1.o
    0x200000f0   0x0800896c   0x0000001c   Data   RW         3980    .data               sx1276.o
    0x2000010c   0x08008988   0x00000001   Data   RW         4183    .data               sx1276-board.o
    0x2000010d   0x08008989   0x00000003   PAD
    0x20000110        -       0x00000068   Zero   RW           19    .bss                main.o
    0x20000178        -       0x0000057c   Zero   RW          519    .bss                loramac.o
    0x200006f4        -       0x0000022c   Zero   RW          751    .bss                loramaccrypto.o
    0x20000920        -       0x0000044c   Zero   RW         3354    .bss                board.o
    0x20000d6c        -       0x00000040   Zero   RW         3482    .bss                gpio-board.o
    0x20000dac        -       0x0000003c   Zero   RW         3585    .bss                rtc-board.o
    0x20000de8        -       0x00000070   Zero   RW         3738    .bss                uart-board.o
    0x20000e58        -       0x00000288   Zero   RW         3978    .bss                sx1276.o
    0x200010e0        -       0x00000400   Zero   RW            1    STACK               startup_stm32f030x8.o


==============================================================================

Image component sizes


      Code (inc. data)   RO Data    RW Data    ZI Data      Debug   Object Name

      1304         12        768          0          0      13524   aes.o
       820        152          0          6       1100       7720   board.o
       554          0          0          0          0       4065   cmac.o
         8          0          0          0          0        726   delay.o
       116          0          0          0          0       3335   fifo.o
       466         34          0          0         64       3167   gpio-board.o
        58          0          0          0          0       2006   gpio.o
      8178        686         60        116       1404      35798   loramac.o
       604         42          0         32        556       5391   loramaccrypto.o
      1554        444          0         44        104     284668   main.o
      1536        152         24         16         60      10844   rtc-board.o
       410         24          0          0          0       3228   spi-board.o
        28          8        180          0       1024        628   startup_stm32f030x8.o
       154         26          0          4          0       4640   stm32f0xx_hal.o
       178         28          0          0          0      10535   stm32f0xx_hal_cortex.o
        72          0          0          0          0       1099   stm32f0xx_hal_dma.o
       340         26          0          0          0       2240   stm32f0xx_hal_gpio.o
       328         32          0          0          0       2737   stm32f0xx_hal_msp.o
        16          4          0          0          0        507   stm32f0xx_hal_pwr.o
      1316         94          0          0          0       5005   stm32f0xx_hal_rcc.o
       232         14          0          0          0       1360   stm32f0xx_hal_rcc_ex.o
      1440         30          0          0          0       9871   stm32f0xx_hal_rtc.o
        58          0          0          0          0       1087   stm32f0xx_hal_rtc_ex.o
       184          0          0          0          0       1211   stm32f0xx_hal_spi.o
      1432         32          0          0          0       9331   stm32f0xx_hal_uart.o
        80          8          0          0          0       2610   stm32f0xx_it.o
       302         24         92          1          0       7559   sx1276-board.o
      5270        326        224         28        648      23478   sx1276.o
        92         14         24          4          0       1155   system_stm32f0xx_1.o
       566         32          0          8          0       7184   timer.o
       560         70          0          2        112       5312   uart-board.o
       186          4          0          0          0       4884   uart.o
       144         24          0          4          0       3527   utilities.o

    ----------------------------------------------------------------------
     28642       2342       1406        272       5072     480432   Object Totals
         0          0         32          0          0          0   (incl. Generated)
        56          0          2          7          0          0   (incl. Padding)

    ----------------------------------------------------------------------

      Code (inc. data)   RO Data    RW Data    ZI Data      Debug   Library Member Name

       200         20          0          0          0         76   ceil.o
       200         20          0          0          0         76   floor.o
       156         14          0          0          0         84   round.o
         0          0          0          0          0          0   entry.o
         0          0          0          0          0          0   entry10a.o
         0          0          0          0          0          0   entry11a.o
         8          4          0          0          0          0   entry2.o
         4          0          0          0          0          0   entry5.o
         0          0          0          0          0          0   entry7b.o
         0          0          0          0          0          0   entry8b.o
         8          4          0          0          0          0   entry9a.o
        30          0          0          0          0          0   handlers.o
        40          0          0          0          0         72   idiv.o
        36          8          0          0          0         68   init.o
         0          0          0          0          0          0   iusefp.o
        32          0          0          0          0         68   llshl.o
        38          0          0          0          0         68   llsshr.o
        34          0          0          0          0         68   llushr.o
        36          0          0          0          0         60   memcpya.o
        36          0          0          0          0        100   memseta.o
      2306        100          0          0          0        544   printfa.o
        14          0          0          0          0         60   strlen.o
        44          0          0          0          0         72   uidiv.o
        96          0          0          0          0         84   uldiv.o
        20          0          0          0          0         60   uread4.o
        40          2          0          0          0         68   cdcmple.o
        40          2          0          0          0         68   cdrcmple.o
       356          4          0          0          0        140   dadd.o
       240          6          0          0          0         84   ddiv.o
       236          0          0          0          0        216   depilogue.o
        72         10          0          0          0         72   dfixi.o
        60         10          0          0          0         68   dfixui.o
        64         10          0          0          0         68   dfixul.o
        40          6          0          0          0         68   dflti.o
        28          4          0          0          0         68   dfltui.o
       208          6          0          0          0         88   dmul.o
       124         10          0          0          0         76   drnd.o
        44          0          0          0          0         72   dscalb.o

    ----------------------------------------------------------------------
      4892        240          0          0          0       2716   Library Totals
         2          0          0          0          0          0   (incl. Padding)

    ----------------------------------------------------------------------

      Code (inc. data)   RO Data    RW Data    ZI Data      Debug   Library Name

       556         54          0          0          0        236   m_ps.l
      2782        116          0          0          0       1324   mc_p.l
      1552         70          0          0          0       1156   mf_p.l

    ----------------------------------------------------------------------
      4892        240          0          0          0       2716   Library Totals

    ----------------------------------------------------------------------

==============================================================================


      Code (inc. data)   RO Data    RW Data    ZI Data      Debug   

     33534       2582       1406        272       5072     471492   Grand Totals
     33534       2582       1406        272       5072     471492   ELF Image Totals
     33534       2582       1406        272          0          0   ROM Totals

==============================================================================

    Total RO  Size (Code + RO Data)                34940 (  34.12kB)
    Total RW  Size (RW Data + ZI Data)              5344 (   5.22kB)
    Total ROM Size (Code + RO Data + RW Data)      35212 (  34.39kB)

==============================================================================

