<html>
<body>
<pre>
<h1>µVision Build Log</h1>
<h2>Tool Versions:</h2>
IDE-Version: ¦ÌVision V5.25.2.0
Copyright (C) 2018 ARM Ltd and ARM Germany GmbH. All rights reserved.
License Information: 2345 345, 345, LIC=HF8LQ-NDPRQ-8V01H-WAN3K-FL82Z-W8CWN
 
Tool Versions:
Toolchain:       MDK-ARM Professional  Version: 5.25.2.0
Toolchain Path:  D:\KEILSOFTWARE\KEILC52_959\ARM\ARMCC\Bin
C Compiler:      Armcc.exe V5.06 update 6 (build 750)
Assembler:       Armasm.exe V5.06 update 6 (build 750)
Linker/Locator:  ArmLink.exe V5.06 update 6 (build 750)
Library Manager: ArmAr.exe V5.06 update 6 (build 750)
Hex Converter:   FromElf.exe V5.06 update 6 (build 750)
CPU DLL:         SARMCM3.DLL V5.25.2.0
Dialog DLL:      DARMCM1.DLL V1.19.1.0
Target DLL:      STLink\ST-LINKIII-KEIL_SWO.dll V3.0.1.0
Dialog DLL:      TARMCM1.DLL V1.14.0.0
 
<h2>Project:</h2>
D:\Documents\Saber\pythonCode\STM32_F030_LoRa\STM32_F030_LoRa\F030_LoRaWAN\MDK-ARM\F030_LoRaWAN.uvprojx
Project File Date:  03/16/2019

<h2>Output:</h2>
*** Using Compiler 'V5.06 update 6 (build 750)', folder: 'D:\KEILSOFTWARE\KEILC52_959\ARM\ARMCC\Bin'
Rebuild target 'F030_LoRaWAN'
assembling startup_stm32f030x8.s...
compiling fifo.c...
compiling cmac.c...
compiling aes.c...
compiling LoRaMacCrypto.c...
compiling gpio.c...
compiling delay.c...
compiling main.c...
compiling uart.c...
compiling sysIrqHandlers.c...
compiling timer.c...
compiling utilities.c...
compiling LoRaMac.c...
..\Src\LoRaMac.c(2307): warning:  #177-D: function "DisableChannelInMask"  was declared but never referenced
  static bool DisableChannelInMask( uint8_t id, uint16_t* mask )
..\Src\LoRaMac.c: 1 warning, 0 errors
compiling stm32f0xx_hal_spi_ex.c...
compiling stm32f0xx_hal_rtc_ex.c...
compiling stm32f0xx_hal_rtc.c...
compiling stm32f0xx_hal_tim.c...
compiling stm32f0xx_hal_tim_ex.c...
compiling stm32f0xx_hal_spi.c...
compiling stm32f0xx_hal_uart.c...
compiling stm32f0xx_hal_uart_ex.c...
compiling stm32f0xx_hal_rcc_ex.c...
compiling stm32f0xx_hal.c...
compiling stm32f0xx_hal_rcc.c...
compiling stm32f0xx_hal_i2c_ex.c...
compiling stm32f0xx_hal_gpio.c...
compiling stm32f0xx_hal_pwr.c...
compiling stm32f0xx_hal_dma.c...
compiling stm32f0xx_hal_pwr_ex.c...
compiling stm32f0xx_hal_cortex.c...
compiling stm32f0xx_hal_i2c.c...
compiling stm32f0xx_hal_flash.c...
compiling stm32f0xx_hal_flash_ex.c...
compiling stm32f0xx_hal_iwdg.c...
compiling board.c...
..\Board\board.c(69): warning:  #177-D: variable "TEST5S"  was declared but never referenced
  static TimerEvent_t TEST5S;
..\Board\board.c(70): warning:  #177-D: variable "TEST10S"  was declared but never referenced
  static TimerEvent_t TEST10S;
..\Board\board.c(71): warning:  #177-D: variable "TEST15S"  was declared but never referenced
  static TimerEvent_t TEST15S;
..\Board\board.c(90): warning:  #177-D: function "TEST5"  was declared but never referenced
  static void TEST5( void )
..\Board\board.c(95): warning:  #177-D: function "TEST10"  was declared but never referenced
  static void TEST10( void )
..\Board\board.c(100): warning:  #177-D: function "TEST15"  was declared but never referenced
  static void TEST15( void )
..\Board\board.c: 6 warnings, 0 errors
compiling spi-board.c...
compiling stm32f0xx_hal_msp.c...
compiling gpio-board.c...
compiling uart-board.c...
compiling rtc-board.c...
compiling stm32f0xx_it.c...
..\Startup\stm32f0xx_it.c(39): warning:  #1295-D: Deprecated declaration TimerIrqHandler - give arg types
  extern void TimerIrqHandler( );
..\Startup\stm32f0xx_it.c(40): warning:  #1295-D: Deprecated declaration RtcComputeWakeUpTime - give arg types
  extern void RtcComputeWakeUpTime( ); 
..\Startup\stm32f0xx_it.c(41): warning:  #1295-D: Deprecated declaration RtcRecoverMcuStatus - give arg types
  extern void RtcRecoverMcuStatus( );                                 //´ÓÐÝÃßÖÐ»½ÐÑMCU£¬½øÐÐ×´Ì¬»Ö¸´
..\Startup\stm32f0xx_it.c: 3 warnings, 0 errors
compiling system_stm32f0xx.c...
compiling sx1276-board.c...
compiling sx1276.c...
linking...
Program Size: Code=35870 RO-data=1406 RW-data=272 ZI-data=5176  
FromELF: creating hex file...
"F030_LoRaWAN\F030_LoRaWAN.axf" - 0 Error(s), 10 Warning(s).

<h2>Software Packages used:</h2>

Package Vendor: ARM
                http://www.keil.com/pack/ARM.CMSIS.5.3.0.pack
                ARM.CMSIS.5.3.0
                CMSIS (Cortex Microcontroller Software Interface Standard)
   * Component: CORE Version: 5.1.1

Package Vendor: Keil
                http://www.keil.com/pack/Keil.STM32F0xx_DFP.2.0.0.pack
                Keil.STM32F0xx_DFP.2.0.0
                STMicroelectronics STM32F0 Series Device Support, Drivers and Examples

<h2>Collection of Component include folders:</h2>
  .\RTE\_F030_LoRaWAN
  D:\KEILSOFTWARE\KEILC52_959\ARM\PACK\ARM\CMSIS\5.3.0\CMSIS\Include
  D:\KEILSOFTWARE\KEILC52_959\ARM\PACK\Keil\STM32F0xx_DFP\2.0.0\Drivers\CMSIS\Device\ST\STM32F0xx\Include

<h2>Collection of Component Files used:</h2>

   * Component: ARM::CMSIS:CORE:5.1.1
Build Time Elapsed:  00:00:07
</pre>
</body>
</html>
